MPLINK 4.06.04, Linker
Linker Map File - Created Sat Jun 23 12:46:51 2007

                                 Section Info
                  Section       Type    Address   Location Size(Bytes)
                ---------  ---------  ---------  ---------  ---------
               _entry_scn       code   0x000000    program   0x000006
   _HIGH_INTERRUPT_VECTOR       code   0x000008    program   0x000006
    _LOW_INTERRUPT_VECTOR       code   0x000018    program   0x000006
                   .cinit    romdata   0x00002a    program   0x000002
             .code_boot.o       code   0x00002c    program   0x000228
       .code_usbctrltrf.o       code   0x000254    program   0x0001f6
             .code_usb9.o       code   0x00044a    program   0x0000aa
           .code_usbdrv.o       code   0x0004f4    program   0x0000a2
               _cinit_scn       code   0x000596    program   0x00009e
             .code_main.o       code   0x000634    program   0x000060
        .romdata_usbdsc.o    romdata   0x000694    program   0x000036
             _startup_scn       code   0x0006ca    program   0x000018
          .romdata_usb9.o    romdata   0x0006e2    program   0x000000
       .idata_usbmmap.o_i    romdata   0x0006e2    program   0x000000
          .idata_usb9.o_i    romdata   0x0006e2    program   0x000000
       .romdata_usbmmap.o    romdata   0x0006e2    program   0x000000
          .code_usbmmap.o       code   0x0006e2    program   0x000000
    .idata_usbctrltrf.o_i    romdata   0x0006e2    program   0x000000
    .romdata_usbctrltrf.o    romdata   0x0006e2    program   0x000000
        .idata_usbdrv.o_i    romdata   0x0006e2    program   0x000000
        .romdata_usbdrv.o    romdata   0x0006e2    program   0x000000
        .idata_usbdsc.o_i    romdata   0x0006e2    program   0x000000
           .code_usbdsc.o       code   0x0006e2    program   0x000000
          .romdata_boot.o    romdata   0x0006e2    program   0x000000
          .idata_boot.o_i    romdata   0x0006e2    program   0x000000
          .romdata_main.o    romdata   0x0006e2    program   0x000000
          .idata_main.o_i    romdata   0x0006e2    program   0x000000
            .code_c018i.o       code   0x0006e2    program   0x000000
         .romdata_c018i.o    romdata   0x0006e2    program   0x000000
         .idata_c018i.o_i    romdata   0x0006e2    program   0x000000
                     user       code   0x000800    program   0x000000
    .config_300000_boot.o    romdata   0x300000    program   0x000001
    .config_300001_boot.o    romdata   0x300001    program   0x000001
    .config_300002_boot.o    romdata   0x300002    program   0x000001
    .config_300003_boot.o    romdata   0x300003    program   0x000001
    .config_300005_boot.o    romdata   0x300005    program   0x000001
    .config_300006_boot.o    romdata   0x300006    program   0x000001
    .config_300009_boot.o    romdata   0x300009    program   0x000001
    .config_30000b_boot.o    romdata   0x30000b    program   0x000001
      .udata_usbctrltrf.o      udata   0x000000       data   0x000008
            .udata_boot.o      udata   0x000008       data   0x000005
         .udata_usbmmap.o      udata   0x00000d       data   0x000004
                 .tmpdata      udata   0x000011       data   0x000004
                MATH_DATA      udata   0x000015       data   0x000002
            .udata_main.o      udata   0x000017       data   0x000001
            .idata_main.o      idata   0x000018       data   0x000000
            .idata_boot.o      idata   0x000018       data   0x000000
            .udata_usb9.o      udata   0x000018       data   0x000000
            .idata_usb9.o      idata   0x000018       data   0x000000
         .idata_usbmmap.o      idata   0x000018       data   0x000000
      .idata_usbctrltrf.o      idata   0x000018       data   0x000000
          .udata_usbdrv.o      udata   0x000018       data   0x000000
          .idata_usbdrv.o      idata   0x000018       data   0x000000
          .udata_usbdsc.o      udata   0x000018       data   0x000000
          .idata_usbdsc.o      idata   0x000018       data   0x000000
           .udata_c018i.o      udata   0x000060       data   0x00000a
           .idata_c018i.o      idata   0x00006a       data   0x000000
                   .stack      udata   0x000300       data   0x000100
                  usbram4      udata   0x000400       data   0x000060
            SFR_UNBANKED0      udata   0x000f66       data   0x00009a



                              Program Memory Usage 
                               Start         End      
                           ---------   ---------      
                            0x000000    0x000005      
                            0x000008    0x00000d      
                            0x000018    0x00001d      
                            0x00002a    0x0006e1      
                            0x300000    0x300003      
                            0x300005    0x300006      
                            0x300009    0x300009      
                            0x30000b    0x30000b      
            1746 out of 33048 program addresses used, program memory utilization is 5%



                              Symbols - Sorted by Name
                     Name    Address   Location    Storage File                     
                ---------  ---------  ---------  --------- ---------                
               BootInitEP   0x00002c    program     extern G:\USBPICPROG-SVN\Boot\sys\boot.c
              BootService   0x000130    program     extern G:\USBPICPROG-SVN\Boot\sys\boot.c
             EraseProgMem   0x0000a8    program     extern G:\USBPICPROG-SVN\Boot\sys\boot.c
                   ReadEE   0x0000dc    program     extern G:\USBPICPROG-SVN\Boot\sys\boot.c
              ReadProgMem   0x00006a    program     extern G:\USBPICPROG-SVN\Boot\sys\boot.c
              ReadVersion   0x000060    program     extern G:\USBPICPROG-SVN\Boot\sys\boot.c
               StartWrite   0x000054    program     extern G:\USBPICPROG-SVN\Boot\sys\boot.c
        USBCheckBusStatus   0x0004f4    program     extern G:\USBPICPROG-SVN\Boot\sys\usbdrv.c
       USBCheckStdRequest   0x00044a    program     extern G:\USBPICPROG-SVN\Boot\sys\usb9.c
         USBCtrlEPService   0x000254    program     extern G:\USBPICPROG-SVN\Boot\sys\usbctrltrf.c
 USBCtrlEPServiceComplete   0x000396    program     extern G:\USBPICPROG-SVN\Boot\sys\usbctrltrf.c
      USBCtrlTrfInHandler   0x0002b8    program     extern G:\USBPICPROG-SVN\Boot\sys\usbctrltrf.c
     USBCtrlTrfOutHandler   0x00029c    program     extern G:\USBPICPROG-SVN\Boot\sys\usbctrltrf.c
      USBCtrlTrfRxService   0x000354    program     extern G:\USBPICPROG-SVN\Boot\sys\usbctrltrf.c
   USBCtrlTrfSetupHandler   0x00028a    program     extern G:\USBPICPROG-SVN\Boot\sys\usbctrltrf.c
      USBCtrlTrfTxService   0x0002ea    program     extern G:\USBPICPROG-SVN\Boot\sys\usbctrltrf.c
         USBDriverService   0x000508    program     extern G:\USBPICPROG-SVN\Boot\sys\usbdrv.c
USBPrepareForNextSetupTrf   0x0003fa    program     extern G:\USBPICPROG-SVN\Boot\sys\usbctrltrf.c
  USBProtocolResetHandler   0x000574    program     extern G:\USBPICPROG-SVN\Boot\sys\usbdrv.c
      USBStdSetCfgHandler   0x0004d8    program     extern G:\USBPICPROG-SVN\Boot\sys\usb9.c
              WriteConfig   0x00011a    program     extern G:\USBPICPROG-SVN\Boot\sys\boot.c
                  WriteEE   0x0000f8    program     extern G:\USBPICPROG-SVN\Boot\sys\boot.c
             WriteProgMem   0x000086    program     extern G:\USBPICPROG-SVN\Boot\sys\boot.c
      ___case_-1_lbl00044   0x0001ce    program     static                          
       ___case_0_lbl00036   0x000194    program     static                          
       ___case_1_lbl00038   0x00019e    program     static                          
       ___case_2_lbl00039   0x0001a6    program     static                          
       ___case_3_lbl00040   0x0001ae    program     static                          
       ___case_4_lbl00041   0x0001b6    program     static                          
       ___case_5_lbl00042   0x0001be    program     static                          
       ___case_6_lbl00037   0x00019e    program     static                          
       ___case_7_lbl00043   0x0001c6    program     static                          
      ___default_lbl00047   0x0001e6    program     static                          
           ___if_lbl00003   0x00066c    program     static                          
           ___if_lbl00005   0x00051a    program     static                          
           ___if_lbl00007   0x000690    program     static                          
           ___if_lbl00007   0x000528    program     static                          
           ___if_lbl00008   0x000690    program     static                          
           ___if_lbl00009   0x000540    program     static                          
           ___if_lbl00011   0x000556    program     static                          
           ___if_lbl00012   0x000558    program     static                          
           ___if_lbl00013   0x000560    program     static                          
           ___if_lbl00015   0x000572    program     static                          
           ___if_lbl00032   0x00013e    program     static                          
           ___if_lbl00033   0x000160    program     static                          
           ___if_lbl00034   0x000162    program     static                          
           ___if_lbl00048   0x000204    program     static                          
           ___if_lbl00049   0x000204    program     static                          
       ___return_lbl00000   0x000004    program     static                          
       ___return_lbl00000   0x00000c    program     static                          
       ___return_lbl00001   0x0006e0    program     static                          
       ___return_lbl00001   0x00001c    program     static                          
       ___return_lbl00002   0x000632    program     static                          
       ___return_lbl00002   0x000692    program     static                          
       ___return_lbl00003   0x000572    program     static                          
       ___return_lbl00030   0x000204    program     static                          
   ___switchexit_lbl00035   0x0001e8    program     static                          
        ___while_lbl00004   0x000670    program     static                          
        ___while_lbl00005   0x000692    program     static                          
        ___while_lbl00045   0x0001d4    program     static                          
        ___while_lbl00046   0x0001e2    program     static                          
               __config_0   0x300000    program     static G:\USBPICPROG-SVN\Boot\sys\boot.c
               __config_1   0x300001    program     static G:\USBPICPROG-SVN\Boot\sys\boot.c
               __config_2   0x300002    program     static G:\USBPICPROG-SVN\Boot\sys\boot.c
               __config_3   0x300003    program     static G:\USBPICPROG-SVN\Boot\sys\boot.c
               __config_4   0x300005    program     static G:\USBPICPROG-SVN\Boot\sys\boot.c
               __config_5   0x300006    program     static G:\USBPICPROG-SVN\Boot\sys\boot.c
               __config_6   0x300009    program     static G:\USBPICPROG-SVN\Boot\sys\boot.c
               __config_7   0x30000b    program     static G:\USBPICPROG-SVN\Boot\sys\boot.c
                   __pa_0   0x000206    program     static G:\USBPICPROG-SVN\Boot\sys\boot.c
                   __pa_0   0x000408    program     static G:\USBPICPROG-SVN\Boot\sys\usbctrltrf.c
                   __pa_1   0x00021e    program     static G:\USBPICPROG-SVN\Boot\sys\boot.c
                   __pa_1   0x000412    program     static G:\USBPICPROG-SVN\Boot\sys\usbctrltrf.c
                   __pa_2   0x00022c    program     static G:\USBPICPROG-SVN\Boot\sys\boot.c
                   __pa_2   0x000422    program     static G:\USBPICPROG-SVN\Boot\sys\usbctrltrf.c
                   __pa_3   0x000234    program     static G:\USBPICPROG-SVN\Boot\sys\boot.c
                   __pa_3   0x000434    program     static G:\USBPICPROG-SVN\Boot\sys\usbctrltrf.c
                   __pa_4   0x000440    program     static G:\USBPICPROG-SVN\Boot\sys\usbctrltrf.c
                   __pa_4   0x000248    program     static G:\USBPICPROG-SVN\Boot\sys\boot.c
               __tmplbl_0   0x000514    program     static                          
               __tmplbl_0   0x000684    program     static                          
               __tmplbl_0   0x00013c    program     static                          
               __tmplbl_1   0x00067e    program     static                          
               __tmplbl_1   0x000136    program     static                          
               __tmplbl_1   0x00050e    program     static                          
               __tmplbl_2   0x000526    program     static                          
               __tmplbl_3   0x000520    program     static                          
               __tmplbl_4   0x000534    program     static                          
               __tmplbl_5   0x00052e    program     static                          
               __tmplbl_6   0x00054c    program     static                          
               __tmplbl_7   0x000546    program     static                          
               __tmplbl_8   0x00056c    program     static                          
               __tmplbl_9   0x000566    program     static                          
                _do_cinit   0x000596    program     extern C:\MCC18\src\traditional\startup\c018i.c
                   _entry   0x000000    program     extern C:\MCC18\src\traditional\startup\c018i.c
                _high_ISR   0x000008    program     extern G:\USBPICPROG-SVN\Boot\main.c
                 _low_ISR   0x000018    program     extern G:\USBPICPROG-SVN\Boot\main.c
                 _startup   0x0006ca    program     extern C:\MCC18\src\traditional\startup\c018i.c
                    cfg01   0x0006a6    program     extern G:\USBPICPROG-SVN\Boot\usb\usbdsc.c
                copy_loop   0x000608    program     static                          
            copy_one_byte   0x00060e    program     static                          
               device_dsc   0x000694    program     extern G:\USBPICPROG-SVN\Boot\usb\usbdsc.c
                     done   0x000632    program     static                          
             done_copying   0x00061c    program     static                          
                     loop   0x0006da    program     static                          
                     main   0x000634    program     extern G:\USBPICPROG-SVN\Boot\main.c
                    sd000   0x0006c6    program     extern G:\USBPICPROG-SVN\Boot\usb\usbdsc.c
                     test   0x0005b0    program     static                          
                   ADCON0   0x000fc2       data     extern C:\MCC18\SRC\TRADIT~1\PROC\p18f2550.asm
               ADCON0bits   0x000fc2       data     extern C:\MCC18\SRC\TRADIT~1\PROC\p18f2550.asm
                   ADCON1   0x000fc1       data     extern C:\MCC18\SRC\TRADIT~1\PROC\p18f2550.asm
               ADCON1bits   0x000fc1       data     extern C:\MCC18\SRC\TRADIT~1\PROC\p18f2550.asm
                   ADCON2   0x000fc0       data     extern C:\MCC18\SRC\TRADIT~1\PROC\p18f2550.asm
               ADCON2bits   0x000fc0       data     extern C:\MCC18\SRC\TRADIT~1\PROC\p18f2550.asm
                    ADRES   0x000fc3       data     extern C:\MCC18\SRC\TRADIT~1\PROC\p18f2550.asm
                   ADRESH   0x000fc4       data     extern C:\MCC18\SRC\TRADIT~1\PROC\p18f2550.asm
                   ADRESL   0x000fc3       data     extern C:\MCC18\SRC\TRADIT~1\PROC\p18f2550.asm
                  BAUDCON   0x000fb8       data     extern C:\MCC18\SRC\TRADIT~1\PROC\p18f2550.asm
              BAUDCONbits   0x000fb8       data     extern C:\MCC18\SRC\TRADIT~1\PROC\p18f2550.asm
                      BSR   0x000fe0       data     extern C:\MCC18\SRC\TRADIT~1\PROC\p18f2550.asm
                   CCP1AS   0x000fb6       data     extern C:\MCC18\SRC\TRADIT~1\PROC\p18f2550.asm
               CCP1ASbits   0x000fb6       data     extern C:\MCC18\SRC\TRADIT~1\PROC\p18f2550.asm
                  CCP1CON   0x000fbd       data     extern C:\MCC18\SRC\TRADIT~1\PROC\p18f2550.asm
              CCP1CONbits   0x000fbd       data     extern C:\MCC18\SRC\TRADIT~1\PROC\p18f2550.asm
                  CCP1DEL   0x000fb7       data     extern C:\MCC18\SRC\TRADIT~1\PROC\p18f2550.asm
              CCP1DELbits   0x000fb7       data     extern C:\MCC18\SRC\TRADIT~1\PROC\p18f2550.asm
                  CCP2CON   0x000fba       data     extern C:\MCC18\SRC\TRADIT~1\PROC\p18f2550.asm
              CCP2CONbits   0x000fba       data     extern C:\MCC18\SRC\TRADIT~1\PROC\p18f2550.asm
                    CCPR1   0x000fbe       data     extern C:\MCC18\SRC\TRADIT~1\PROC\p18f2550.asm
                   CCPR1H   0x000fbf       data     extern C:\MCC18\SRC\TRADIT~1\PROC\p18f2550.asm
                   CCPR1L   0x000fbe       data     extern C:\MCC18\SRC\TRADIT~1\PROC\p18f2550.asm
                    CCPR2   0x000fbb       data     extern C:\MCC18\SRC\TRADIT~1\PROC\p18f2550.asm
                   CCPR2H   0x000fbc       data     extern C:\MCC18\SRC\TRADIT~1\PROC\p18f2550.asm
                   CCPR2L   0x000fbb       data     extern C:\MCC18\SRC\TRADIT~1\PROC\p18f2550.asm
                    CMCON   0x000fb4       data     extern C:\MCC18\SRC\TRADIT~1\PROC\p18f2550.asm
                CMCONbits   0x000fb4       data     extern C:\MCC18\SRC\TRADIT~1\PROC\p18f2550.asm
                   CVRCON   0x000fb5       data     extern C:\MCC18\SRC\TRADIT~1\PROC\p18f2550.asm
               CVRCONbits   0x000fb5       data     extern C:\MCC18\SRC\TRADIT~1\PROC\p18f2550.asm
              CtrlTrfData   0x000418       data     extern G:\USBPICPROG-SVN\Boot\sys\usbmmap.c
                     DDRA   0x000f92       data     extern C:\MCC18\SRC\TRADIT~1\PROC\p18f2550.asm
                 DDRAbits   0x000f92       data     extern C:\MCC18\SRC\TRADIT~1\PROC\p18f2550.asm
                     DDRB   0x000f93       data     extern C:\MCC18\SRC\TRADIT~1\PROC\p18f2550.asm
                 DDRBbits   0x000f93       data     extern C:\MCC18\SRC\TRADIT~1\PROC\p18f2550.asm
                     DDRC   0x000f94       data     extern C:\MCC18\SRC\TRADIT~1\PROC\p18f2550.asm
                 DDRCbits   0x000f94       data     extern C:\MCC18\SRC\TRADIT~1\PROC\p18f2550.asm
                  ECCP1AS   0x000fb6       data     extern C:\MCC18\SRC\TRADIT~1\PROC\p18f2550.asm
              ECCP1ASbits   0x000fb6       data     extern C:\MCC18\SRC\TRADIT~1\PROC\p18f2550.asm
                 ECCP1DEL   0x000fb7       data     extern C:\MCC18\SRC\TRADIT~1\PROC\p18f2550.asm
             ECCP1DELbits   0x000fb7       data     extern C:\MCC18\SRC\TRADIT~1\PROC\p18f2550.asm
                    EEADR   0x000fa9       data     extern C:\MCC18\SRC\TRADIT~1\PROC\p18f2550.asm
                   EECON1   0x000fa6       data     extern C:\MCC18\SRC\TRADIT~1\PROC\p18f2550.asm
               EECON1bits   0x000fa6       data     extern C:\MCC18\SRC\TRADIT~1\PROC\p18f2550.asm
                   EECON2   0x000fa7       data     extern C:\MCC18\SRC\TRADIT~1\PROC\p18f2550.asm
                   EEDATA   0x000fa8       data     extern C:\MCC18\SRC\TRADIT~1\PROC\p18f2550.asm
                     FSR0   0x000fe9       data     extern C:\MCC18\SRC\TRADIT~1\PROC\p18f2550.asm
                    FSR0H   0x000fea       data     extern C:\MCC18\SRC\TRADIT~1\PROC\p18f2550.asm
                    FSR0L   0x000fe9       data     extern C:\MCC18\SRC\TRADIT~1\PROC\p18f2550.asm
                     FSR1   0x000fe1       data     extern C:\MCC18\SRC\TRADIT~1\PROC\p18f2550.asm
                    FSR1H   0x000fe2       data     extern C:\MCC18\SRC\TRADIT~1\PROC\p18f2550.asm
                    FSR1L   0x000fe1       data     extern C:\MCC18\SRC\TRADIT~1\PROC\p18f2550.asm
                     FSR2   0x000fd9       data     extern C:\MCC18\SRC\TRADIT~1\PROC\p18f2550.asm
                    FSR2H   0x000fda       data     extern C:\MCC18\SRC\TRADIT~1\PROC\p18f2550.asm
                    FSR2L   0x000fd9       data     extern C:\MCC18\SRC\TRADIT~1\PROC\p18f2550.asm
                  HLVDCON   0x000fd2       data     extern C:\MCC18\SRC\TRADIT~1\PROC\p18f2550.asm
              HLVDCONbits   0x000fd2       data     extern C:\MCC18\SRC\TRADIT~1\PROC\p18f2550.asm
                    INDF0   0x000fef       data     extern C:\MCC18\SRC\TRADIT~1\PROC\p18f2550.asm
                    INDF1   0x000fe7       data     extern C:\MCC18\SRC\TRADIT~1\PROC\p18f2550.asm
                    INDF2   0x000fdf       data     extern C:\MCC18\SRC\TRADIT~1\PROC\p18f2550.asm
                   INTCON   0x000ff2       data     extern C:\MCC18\SRC\TRADIT~1\PROC\p18f2550.asm
                  INTCON2   0x000ff1       data     extern C:\MCC18\SRC\TRADIT~1\PROC\p18f2550.asm
              INTCON2bits   0x000ff1       data     extern C:\MCC18\SRC\TRADIT~1\PROC\p18f2550.asm
                  INTCON3   0x000ff0       data     extern C:\MCC18\SRC\TRADIT~1\PROC\p18f2550.asm
              INTCON3bits   0x000ff0       data     extern C:\MCC18\SRC\TRADIT~1\PROC\p18f2550.asm
               INTCONbits   0x000ff2       data     extern C:\MCC18\SRC\TRADIT~1\PROC\p18f2550.asm
                     IPR1   0x000f9f       data     extern C:\MCC18\SRC\TRADIT~1\PROC\p18f2550.asm
                 IPR1bits   0x000f9f       data     extern C:\MCC18\SRC\TRADIT~1\PROC\p18f2550.asm
                     IPR2   0x000fa2       data     extern C:\MCC18\SRC\TRADIT~1\PROC\p18f2550.asm
                 IPR2bits   0x000fa2       data     extern C:\MCC18\SRC\TRADIT~1\PROC\p18f2550.asm
                     LATA   0x000f89       data     extern C:\MCC18\SRC\TRADIT~1\PROC\p18f2550.asm
                 LATAbits   0x000f89       data     extern C:\MCC18\SRC\TRADIT~1\PROC\p18f2550.asm
                     LATB   0x000f8a       data     extern C:\MCC18\SRC\TRADIT~1\PROC\p18f2550.asm
                 LATBbits   0x000f8a       data     extern C:\MCC18\SRC\TRADIT~1\PROC\p18f2550.asm
                     LATC   0x000f8b       data     extern C:\MCC18\SRC\TRADIT~1\PROC\p18f2550.asm
                 LATCbits   0x000f8b       data     extern C:\MCC18\SRC\TRADIT~1\PROC\p18f2550.asm
                   LVDCON   0x000fd2       data     extern C:\MCC18\SRC\TRADIT~1\PROC\p18f2550.asm
               LVDCONbits   0x000fd2       data     extern C:\MCC18\SRC\TRADIT~1\PROC\p18f2550.asm
                   OSCCON   0x000fd3       data     extern C:\MCC18\SRC\TRADIT~1\PROC\p18f2550.asm
               OSCCONbits   0x000fd3       data     extern C:\MCC18\SRC\TRADIT~1\PROC\p18f2550.asm
                  OSCTUNE   0x000f9b       data     extern C:\MCC18\SRC\TRADIT~1\PROC\p18f2550.asm
              OSCTUNEbits   0x000f9b       data     extern C:\MCC18\SRC\TRADIT~1\PROC\p18f2550.asm
                       PC   0x000ff9       data     extern C:\MCC18\SRC\TRADIT~1\PROC\p18f2550.asm
                      PCL   0x000ff9       data     extern C:\MCC18\SRC\TRADIT~1\PROC\p18f2550.asm
                   PCLATH   0x000ffa       data     extern C:\MCC18\SRC\TRADIT~1\PROC\p18f2550.asm
                   PCLATU   0x000ffb       data     extern C:\MCC18\SRC\TRADIT~1\PROC\p18f2550.asm
                     PIE1   0x000f9d       data     extern C:\MCC18\SRC\TRADIT~1\PROC\p18f2550.asm
                 PIE1bits   0x000f9d       data     extern C:\MCC18\SRC\TRADIT~1\PROC\p18f2550.asm
                     PIE2   0x000fa0       data     extern C:\MCC18\SRC\TRADIT~1\PROC\p18f2550.asm
                 PIE2bits   0x000fa0       data     extern C:\MCC18\SRC\TRADIT~1\PROC\p18f2550.asm
                     PIR1   0x000f9e       data     extern C:\MCC18\SRC\TRADIT~1\PROC\p18f2550.asm
                 PIR1bits   0x000f9e       data     extern C:\MCC18\SRC\TRADIT~1\PROC\p18f2550.asm
                     PIR2   0x000fa1       data     extern C:\MCC18\SRC\TRADIT~1\PROC\p18f2550.asm
                 PIR2bits   0x000fa1       data     extern C:\MCC18\SRC\TRADIT~1\PROC\p18f2550.asm
                   PLUSW0   0x000feb       data     extern C:\MCC18\SRC\TRADIT~1\PROC\p18f2550.asm
                   PLUSW1   0x000fe3       data     extern C:\MCC18\SRC\TRADIT~1\PROC\p18f2550.asm
                   PLUSW2   0x000fdb       data     extern C:\MCC18\SRC\TRADIT~1\PROC\p18f2550.asm
                    PORTA   0x000f80       data     extern C:\MCC18\SRC\TRADIT~1\PROC\p18f2550.asm
                PORTAbits   0x000f80       data     extern C:\MCC18\SRC\TRADIT~1\PROC\p18f2550.asm
                    PORTB   0x000f81       data     extern C:\MCC18\SRC\TRADIT~1\PROC\p18f2550.asm
                PORTBbits   0x000f81       data     extern C:\MCC18\SRC\TRADIT~1\PROC\p18f2550.asm
                    PORTC   0x000f82       data     extern C:\MCC18\SRC\TRADIT~1\PROC\p18f2550.asm
                PORTCbits   0x000f82       data     extern C:\MCC18\SRC\TRADIT~1\PROC\p18f2550.asm
                    PORTE   0x000f84       data     extern C:\MCC18\SRC\TRADIT~1\PROC\p18f2550.asm
                PORTEbits   0x000f84       data     extern C:\MCC18\SRC\TRADIT~1\PROC\p18f2550.asm
                 POSTDEC0   0x000fed       data     extern C:\MCC18\SRC\TRADIT~1\PROC\p18f2550.asm
                 POSTDEC1   0x000fe5       data     extern C:\MCC18\SRC\TRADIT~1\PROC\p18f2550.asm
                 POSTDEC2   0x000fdd       data     extern C:\MCC18\SRC\TRADIT~1\PROC\p18f2550.asm
                 POSTINC0   0x000fee       data     extern C:\MCC18\SRC\TRADIT~1\PROC\p18f2550.asm
                 POSTINC1   0x000fe6       data     extern C:\MCC18\SRC\TRADIT~1\PROC\p18f2550.asm
                 POSTINC2   0x000fde       data     extern C:\MCC18\SRC\TRADIT~1\PROC\p18f2550.asm
                      PR2   0x000fcb       data     extern C:\MCC18\SRC\TRADIT~1\PROC\p18f2550.asm
                  PREINC0   0x000fec       data     extern C:\MCC18\SRC\TRADIT~1\PROC\p18f2550.asm
                  PREINC1   0x000fe4       data     extern C:\MCC18\SRC\TRADIT~1\PROC\p18f2550.asm
                  PREINC2   0x000fdc       data     extern C:\MCC18\SRC\TRADIT~1\PROC\p18f2550.asm
                     PROD   0x000ff3       data     extern C:\MCC18\SRC\TRADIT~1\PROC\p18f2550.asm
                    PRODH   0x000ff4       data     extern C:\MCC18\SRC\TRADIT~1\PROC\p18f2550.asm
                    PRODL   0x000ff3       data     extern C:\MCC18\SRC\TRADIT~1\PROC\p18f2550.asm
                     RCON   0x000fd0       data     extern C:\MCC18\SRC\TRADIT~1\PROC\p18f2550.asm
                 RCONbits   0x000fd0       data     extern C:\MCC18\SRC\TRADIT~1\PROC\p18f2550.asm
                    RCREG   0x000fae       data     extern C:\MCC18\SRC\TRADIT~1\PROC\p18f2550.asm
                    RCSTA   0x000fab       data     extern C:\MCC18\SRC\TRADIT~1\PROC\p18f2550.asm
                RCSTAbits   0x000fab       data     extern C:\MCC18\SRC\TRADIT~1\PROC\p18f2550.asm
                     SIGN   0x000015       data     extern C:\MCC18\SRC\TRADIT~1\MATH\cmath18.asm
                    SPBRG   0x000faf       data     extern C:\MCC18\SRC\TRADIT~1\PROC\p18f2550.asm
                   SPBRGH   0x000fb0       data     extern C:\MCC18\SRC\TRADIT~1\PROC\p18f2550.asm
                   SSPADD   0x000fc8       data     extern C:\MCC18\SRC\TRADIT~1\PROC\p18f2550.asm
                   SSPBUF   0x000fc9       data     extern C:\MCC18\SRC\TRADIT~1\PROC\p18f2550.asm
                  SSPCON1   0x000fc6       data     extern C:\MCC18\SRC\TRADIT~1\PROC\p18f2550.asm
              SSPCON1bits   0x000fc6       data     extern C:\MCC18\SRC\TRADIT~1\PROC\p18f2550.asm
                  SSPCON2   0x000fc5       data     extern C:\MCC18\SRC\TRADIT~1\PROC\p18f2550.asm
              SSPCON2bits   0x000fc5       data     extern C:\MCC18\SRC\TRADIT~1\PROC\p18f2550.asm
                  SSPSTAT   0x000fc7       data     extern C:\MCC18\SRC\TRADIT~1\PROC\p18f2550.asm
              SSPSTATbits   0x000fc7       data     extern C:\MCC18\SRC\TRADIT~1\PROC\p18f2550.asm
                   STATUS   0x000fd8       data     extern C:\MCC18\SRC\TRADIT~1\PROC\p18f2550.asm
               STATUSbits   0x000fd8       data     extern C:\MCC18\SRC\TRADIT~1\PROC\p18f2550.asm
                   STKPTR   0x000ffc       data     extern C:\MCC18\SRC\TRADIT~1\PROC\p18f2550.asm
               STKPTRbits   0x000ffc       data     extern C:\MCC18\SRC\TRADIT~1\PROC\p18f2550.asm
                 SetupPkt   0x000410       data     extern G:\USBPICPROG-SVN\Boot\sys\usbmmap.c
                    T0CON   0x000fd5       data     extern C:\MCC18\SRC\TRADIT~1\PROC\p18f2550.asm
                T0CONbits   0x000fd5       data     extern C:\MCC18\SRC\TRADIT~1\PROC\p18f2550.asm
                    T1CON   0x000fcd       data     extern C:\MCC18\SRC\TRADIT~1\PROC\p18f2550.asm
                T1CONbits   0x000fcd       data     extern C:\MCC18\SRC\TRADIT~1\PROC\p18f2550.asm
                    T2CON   0x000fca       data     extern C:\MCC18\SRC\TRADIT~1\PROC\p18f2550.asm
                T2CONbits   0x000fca       data     extern C:\MCC18\SRC\TRADIT~1\PROC\p18f2550.asm
                    T3CON   0x000fb1       data     extern C:\MCC18\SRC\TRADIT~1\PROC\p18f2550.asm
                T3CONbits   0x000fb1       data     extern C:\MCC18\SRC\TRADIT~1\PROC\p18f2550.asm
                   TABLAT   0x000ff5       data     extern C:\MCC18\SRC\TRADIT~1\PROC\p18f2550.asm
                   TBLPTR   0x000ff6       data     extern C:\MCC18\SRC\TRADIT~1\PROC\p18f2550.asm
                  TBLPTRH   0x000ff7       data     extern C:\MCC18\SRC\TRADIT~1\PROC\p18f2550.asm
                  TBLPTRL   0x000ff6       data     extern C:\MCC18\SRC\TRADIT~1\PROC\p18f2550.asm
                  TBLPTRU   0x000ff8       data     extern C:\MCC18\SRC\TRADIT~1\PROC\p18f2550.asm
                    TMR0H   0x000fd7       data     extern C:\MCC18\SRC\TRADIT~1\PROC\p18f2550.asm
                    TMR0L   0x000fd6       data     extern C:\MCC18\SRC\TRADIT~1\PROC\p18f2550.asm
                    TMR1H   0x000fcf       data     extern C:\MCC18\SRC\TRADIT~1\PROC\p18f2550.asm
                    TMR1L   0x000fce       data     extern C:\MCC18\SRC\TRADIT~1\PROC\p18f2550.asm
                     TMR2   0x000fcc       data     extern C:\MCC18\SRC\TRADIT~1\PROC\p18f2550.asm
                    TMR3H   0x000fb3       data     extern C:\MCC18\SRC\TRADIT~1\PROC\p18f2550.asm
                    TMR3L   0x000fb2       data     extern C:\MCC18\SRC\TRADIT~1\PROC\p18f2550.asm
                      TOS   0x000ffd       data     extern C:\MCC18\SRC\TRADIT~1\PROC\p18f2550.asm
                     TOSH   0x000ffe       data     extern C:\MCC18\SRC\TRADIT~1\PROC\p18f2550.asm
                     TOSL   0x000ffd       data     extern C:\MCC18\SRC\TRADIT~1\PROC\p18f2550.asm
                     TOSU   0x000fff       data     extern C:\MCC18\SRC\TRADIT~1\PROC\p18f2550.asm
                    TRISA   0x000f92       data     extern C:\MCC18\SRC\TRADIT~1\PROC\p18f2550.asm
                TRISAbits   0x000f92       data     extern C:\MCC18\SRC\TRADIT~1\PROC\p18f2550.asm
                    TRISB   0x000f93       data     extern C:\MCC18\SRC\TRADIT~1\PROC\p18f2550.asm
                TRISBbits   0x000f93       data     extern C:\MCC18\SRC\TRADIT~1\PROC\p18f2550.asm
                    TRISC   0x000f94       data     extern C:\MCC18\SRC\TRADIT~1\PROC\p18f2550.asm
                TRISCbits   0x000f94       data     extern C:\MCC18\SRC\TRADIT~1\PROC\p18f2550.asm
                    TXREG   0x000fad       data     extern C:\MCC18\SRC\TRADIT~1\PROC\p18f2550.asm
                    TXSTA   0x000fac       data     extern C:\MCC18\SRC\TRADIT~1\PROC\p18f2550.asm
                TXSTAbits   0x000fac       data     extern C:\MCC18\SRC\TRADIT~1\PROC\p18f2550.asm
                    UADDR   0x000f6e       data     extern C:\MCC18\SRC\TRADIT~1\PROC\p18f2550.asm
                UADDRbits   0x000f6e       data     extern C:\MCC18\SRC\TRADIT~1\PROC\p18f2550.asm
                     UCFG   0x000f6f       data     extern C:\MCC18\SRC\TRADIT~1\PROC\p18f2550.asm
                 UCFGbits   0x000f6f       data     extern C:\MCC18\SRC\TRADIT~1\PROC\p18f2550.asm
                     UCON   0x000f6d       data     extern C:\MCC18\SRC\TRADIT~1\PROC\p18f2550.asm
                 UCONbits   0x000f6d       data     extern C:\MCC18\SRC\TRADIT~1\PROC\p18f2550.asm
                     UEIE   0x000f6b       data     extern C:\MCC18\SRC\TRADIT~1\PROC\p18f2550.asm
                 UEIEbits   0x000f6b       data     extern C:\MCC18\SRC\TRADIT~1\PROC\p18f2550.asm
                     UEIR   0x000f6a       data     extern C:\MCC18\SRC\TRADIT~1\PROC\p18f2550.asm
                 UEIRbits   0x000f6a       data     extern C:\MCC18\SRC\TRADIT~1\PROC\p18f2550.asm
                     UEP0   0x000f70       data     extern C:\MCC18\SRC\TRADIT~1\PROC\p18f2550.asm
                 UEP0bits   0x000f70       data     extern C:\MCC18\SRC\TRADIT~1\PROC\p18f2550.asm
                     UEP1   0x000f71       data     extern C:\MCC18\SRC\TRADIT~1\PROC\p18f2550.asm
                    UEP10   0x000f7a       data     extern C:\MCC18\SRC\TRADIT~1\PROC\p18f2550.asm
                UEP10bits   0x000f7a       data     extern C:\MCC18\SRC\TRADIT~1\PROC\p18f2550.asm
                    UEP11   0x000f7b       data     extern C:\MCC18\SRC\TRADIT~1\PROC\p18f2550.asm
                UEP11bits   0x000f7b       data     extern C:\MCC18\SRC\TRADIT~1\PROC\p18f2550.asm
                    UEP12   0x000f7c       data     extern C:\MCC18\SRC\TRADIT~1\PROC\p18f2550.asm
                UEP12bits   0x000f7c       data     extern C:\MCC18\SRC\TRADIT~1\PROC\p18f2550.asm
                    UEP13   0x000f7d       data     extern C:\MCC18\SRC\TRADIT~1\PROC\p18f2550.asm
                UEP13bits   0x000f7d       data     extern C:\MCC18\SRC\TRADIT~1\PROC\p18f2550.asm
                    UEP14   0x000f7e       data     extern C:\MCC18\SRC\TRADIT~1\PROC\p18f2550.asm
                UEP14bits   0x000f7e       data     extern C:\MCC18\SRC\TRADIT~1\PROC\p18f2550.asm
                    UEP15   0x000f7f       data     extern C:\MCC18\SRC\TRADIT~1\PROC\p18f2550.asm
                UEP15bits   0x000f7f       data     extern C:\MCC18\SRC\TRADIT~1\PROC\p18f2550.asm
                 UEP1bits   0x000f71       data     extern C:\MCC18\SRC\TRADIT~1\PROC\p18f2550.asm
                     UEP2   0x000f72       data     extern C:\MCC18\SRC\TRADIT~1\PROC\p18f2550.asm
                 UEP2bits   0x000f72       data     extern C:\MCC18\SRC\TRADIT~1\PROC\p18f2550.asm
                     UEP3   0x000f73       data     extern C:\MCC18\SRC\TRADIT~1\PROC\p18f2550.asm
                 UEP3bits   0x000f73       data     extern C:\MCC18\SRC\TRADIT~1\PROC\p18f2550.asm
                     UEP4   0x000f74       data     extern C:\MCC18\SRC\TRADIT~1\PROC\p18f2550.asm
                 UEP4bits   0x000f74       data     extern C:\MCC18\SRC\TRADIT~1\PROC\p18f2550.asm
                     UEP5   0x000f75       data     extern C:\MCC18\SRC\TRADIT~1\PROC\p18f2550.asm
                 UEP5bits   0x000f75       data     extern C:\MCC18\SRC\TRADIT~1\PROC\p18f2550.asm
                     UEP6   0x000f76       data     extern C:\MCC18\SRC\TRADIT~1\PROC\p18f2550.asm
                 UEP6bits   0x000f76       data     extern C:\MCC18\SRC\TRADIT~1\PROC\p18f2550.asm
                     UEP7   0x000f77       data     extern C:\MCC18\SRC\TRADIT~1\PROC\p18f2550.asm
                 UEP7bits   0x000f77       data     extern C:\MCC18\SRC\TRADIT~1\PROC\p18f2550.asm
                     UEP8   0x000f78       data     extern C:\MCC18\SRC\TRADIT~1\PROC\p18f2550.asm
                 UEP8bits   0x000f78       data     extern C:\MCC18\SRC\TRADIT~1\PROC\p18f2550.asm
                     UEP9   0x000f79       data     extern C:\MCC18\SRC\TRADIT~1\PROC\p18f2550.asm
                 UEP9bits   0x000f79       data     extern C:\MCC18\SRC\TRADIT~1\PROC\p18f2550.asm
                     UFRM   0x000f66       data     extern C:\MCC18\SRC\TRADIT~1\PROC\p18f2550.asm
                    UFRMH   0x000f67       data     extern C:\MCC18\SRC\TRADIT~1\PROC\p18f2550.asm
                UFRMHbits   0x000f67       data     extern C:\MCC18\SRC\TRADIT~1\PROC\p18f2550.asm
                    UFRML   0x000f66       data     extern C:\MCC18\SRC\TRADIT~1\PROC\p18f2550.asm
                UFRMLbits   0x000f66       data     extern C:\MCC18\SRC\TRADIT~1\PROC\p18f2550.asm
                      UIE   0x000f69       data     extern C:\MCC18\SRC\TRADIT~1\PROC\p18f2550.asm
                  UIEbits   0x000f69       data     extern C:\MCC18\SRC\TRADIT~1\PROC\p18f2550.asm
                      UIR   0x000f68       data     extern C:\MCC18\SRC\TRADIT~1\PROC\p18f2550.asm
                  UIRbits   0x000f68       data     extern C:\MCC18\SRC\TRADIT~1\PROC\p18f2550.asm
                    USTAT   0x000f6c       data     extern C:\MCC18\SRC\TRADIT~1\PROC\p18f2550.asm
                USTATbits   0x000f6c       data     extern C:\MCC18\SRC\TRADIT~1\PROC\p18f2550.asm
                   WDTCON   0x000fd1       data     extern C:\MCC18\SRC\TRADIT~1\PROC\p18f2550.asm
               WDTCONbits   0x000fd1       data     extern C:\MCC18\SRC\TRADIT~1\PROC\p18f2550.asm
                     WREG   0x000fe8       data     extern C:\MCC18\SRC\TRADIT~1\PROC\p18f2550.asm
                __FPFLAGS   0x000016       data     extern C:\MCC18\SRC\TRADIT~1\MATH\cmath18.asm
            __FPFLAGSbits   0x000016       data     extern C:\MCC18\SRC\TRADIT~1\MATH\cmath18.asm
                  __tmp_0   0x000011       data     static G:\USBPICPROG-SVN\Boot\sys\usbctrltrf.c
                  __tmp_0   0x000011       data     static G:\USBPICPROG-SVN\Boot\sys\boot.c
              big_counter   0x00000b       data     extern G:\USBPICPROG-SVN\Boot\sys\boot.c
                 byteTemp   0x000009       data     extern G:\USBPICPROG-SVN\Boot\sys\boot.c
                  counter   0x000008       data     extern G:\USBPICPROG-SVN\Boot\sys\boot.c
   ctrl_trf_session_owner   0x000001       data     extern G:\USBPICPROG-SVN\Boot\sys\usbctrltrf.c
           ctrl_trf_state   0x000000       data     extern G:\USBPICPROG-SVN\Boot\sys\usbctrltrf.c
                curr_byte   0x000063       data     static C:\MCC18\src\traditional\startup\c018i.c
               curr_entry   0x000065       data     static C:\MCC18\src\traditional\startup\c018i.c
               dataPacket   0x000420       data     extern G:\USBPICPROG-SVN\Boot\sys\usbmmap.c
                 data_ptr   0x000067       data     static C:\MCC18\src\traditional\startup\c018i.c
                    ep0Bi   0x000404       data     extern G:\USBPICPROG-SVN\Boot\sys\usbmmap.c
                    ep0Bo   0x000400       data     extern G:\USBPICPROG-SVN\Boot\sys\usbmmap.c
                    ep1Bi   0x00040c       data     extern G:\USBPICPROG-SVN\Boot\sys\usbmmap.c
                    ep1Bo   0x000408       data     extern G:\USBPICPROG-SVN\Boot\sys\usbmmap.c
                        i   0x000017       data     static G:\USBPICPROG-SVN\Boot\main.c
                     pDst   0x000004       data     extern G:\USBPICPROG-SVN\Boot\sys\usbctrltrf.c
                     pSrc   0x000002       data     extern G:\USBPICPROG-SVN\Boot\sys\usbctrltrf.c
                     prom   0x000060       data     static C:\MCC18\src\traditional\startup\c018i.c
                trf_state   0x00000a       data     extern G:\USBPICPROG-SVN\Boot\sys\boot.c
           usb_active_cfg   0x00000f       data     extern G:\USBPICPROG-SVN\Boot\sys\usbmmap.c
             usb_alt_intf   0x000010       data     extern G:\USBPICPROG-SVN\Boot\sys\usbmmap.c
         usb_device_state   0x00000d       data     extern G:\USBPICPROG-SVN\Boot\sys\usbmmap.c
                 usb_stat   0x00000e       data     extern G:\USBPICPROG-SVN\Boot\sys\usbmmap.c
                   wCount   0x000006       data     extern G:\USBPICPROG-SVN\Boot\sys\usbctrltrf.c



                              Symbols - Sorted by Address
                     Name    Address   Location    Storage File                     
                ---------  ---------  ---------  --------- ---------                
                   _entry   0x000000    program     extern C:\MCC18\src\traditional\startup\c018i.c
       ___return_lbl00000   0x000004    program     static                          
                _high_ISR   0x000008    program     extern G:\USBPICPROG-SVN\Boot\main.c
       ___return_lbl00000   0x00000c    program     static                          
                 _low_ISR   0x000018    program     extern G:\USBPICPROG-SVN\Boot\main.c
       ___return_lbl00001   0x00001c    program     static                          
               BootInitEP   0x00002c    program     extern G:\USBPICPROG-SVN\Boot\sys\boot.c
               StartWrite   0x000054    program     extern G:\USBPICPROG-SVN\Boot\sys\boot.c
              ReadVersion   0x000060    program     extern G:\USBPICPROG-SVN\Boot\sys\boot.c
              ReadProgMem   0x00006a    program     extern G:\USBPICPROG-SVN\Boot\sys\boot.c
             WriteProgMem   0x000086    program     extern G:\USBPICPROG-SVN\Boot\sys\boot.c
             EraseProgMem   0x0000a8    program     extern G:\USBPICPROG-SVN\Boot\sys\boot.c
                   ReadEE   0x0000dc    program     extern G:\USBPICPROG-SVN\Boot\sys\boot.c
                  WriteEE   0x0000f8    program     extern G:\USBPICPROG-SVN\Boot\sys\boot.c
              WriteConfig   0x00011a    program     extern G:\USBPICPROG-SVN\Boot\sys\boot.c
              BootService   0x000130    program     extern G:\USBPICPROG-SVN\Boot\sys\boot.c
               __tmplbl_1   0x000136    program     static                          
               __tmplbl_0   0x00013c    program     static                          
           ___if_lbl00032   0x00013e    program     static                          
           ___if_lbl00033   0x000160    program     static                          
           ___if_lbl00034   0x000162    program     static                          
       ___case_0_lbl00036   0x000194    program     static                          
       ___case_6_lbl00037   0x00019e    program     static                          
       ___case_1_lbl00038   0x00019e    program     static                          
       ___case_2_lbl00039   0x0001a6    program     static                          
       ___case_3_lbl00040   0x0001ae    program     static                          
       ___case_4_lbl00041   0x0001b6    program     static                          
       ___case_5_lbl00042   0x0001be    program     static                          
       ___case_7_lbl00043   0x0001c6    program     static                          
      ___case_-1_lbl00044   0x0001ce    program     static                          
        ___while_lbl00045   0x0001d4    program     static                          
        ___while_lbl00046   0x0001e2    program     static                          
      ___default_lbl00047   0x0001e6    program     static                          
   ___switchexit_lbl00035   0x0001e8    program     static                          
       ___return_lbl00030   0x000204    program     static                          
           ___if_lbl00049   0x000204    program     static                          
           ___if_lbl00048   0x000204    program     static                          
                   __pa_0   0x000206    program     static G:\USBPICPROG-SVN\Boot\sys\boot.c
                   __pa_1   0x00021e    program     static G:\USBPICPROG-SVN\Boot\sys\boot.c
                   __pa_2   0x00022c    program     static G:\USBPICPROG-SVN\Boot\sys\boot.c
                   __pa_3   0x000234    program     static G:\USBPICPROG-SVN\Boot\sys\boot.c
                   __pa_4   0x000248    program     static G:\USBPICPROG-SVN\Boot\sys\boot.c
         USBCtrlEPService   0x000254    program     extern G:\USBPICPROG-SVN\Boot\sys\usbctrltrf.c
   USBCtrlTrfSetupHandler   0x00028a    program     extern G:\USBPICPROG-SVN\Boot\sys\usbctrltrf.c
     USBCtrlTrfOutHandler   0x00029c    program     extern G:\USBPICPROG-SVN\Boot\sys\usbctrltrf.c
      USBCtrlTrfInHandler   0x0002b8    program     extern G:\USBPICPROG-SVN\Boot\sys\usbctrltrf.c
      USBCtrlTrfTxService   0x0002ea    program     extern G:\USBPICPROG-SVN\Boot\sys\usbctrltrf.c
      USBCtrlTrfRxService   0x000354    program     extern G:\USBPICPROG-SVN\Boot\sys\usbctrltrf.c
 USBCtrlEPServiceComplete   0x000396    program     extern G:\USBPICPROG-SVN\Boot\sys\usbctrltrf.c
USBPrepareForNextSetupTrf   0x0003fa    program     extern G:\USBPICPROG-SVN\Boot\sys\usbctrltrf.c
                   __pa_0   0x000408    program     static G:\USBPICPROG-SVN\Boot\sys\usbctrltrf.c
                   __pa_1   0x000412    program     static G:\USBPICPROG-SVN\Boot\sys\usbctrltrf.c
                   __pa_2   0x000422    program     static G:\USBPICPROG-SVN\Boot\sys\usbctrltrf.c
                   __pa_3   0x000434    program     static G:\USBPICPROG-SVN\Boot\sys\usbctrltrf.c
                   __pa_4   0x000440    program     static G:\USBPICPROG-SVN\Boot\sys\usbctrltrf.c
       USBCheckStdRequest   0x00044a    program     extern G:\USBPICPROG-SVN\Boot\sys\usb9.c
      USBStdSetCfgHandler   0x0004d8    program     extern G:\USBPICPROG-SVN\Boot\sys\usb9.c
        USBCheckBusStatus   0x0004f4    program     extern G:\USBPICPROG-SVN\Boot\sys\usbdrv.c
         USBDriverService   0x000508    program     extern G:\USBPICPROG-SVN\Boot\sys\usbdrv.c
               __tmplbl_1   0x00050e    program     static                          
               __tmplbl_0   0x000514    program     static                          
           ___if_lbl00005   0x00051a    program     static                          
               __tmplbl_3   0x000520    program     static                          
               __tmplbl_2   0x000526    program     static                          
           ___if_lbl00007   0x000528    program     static                          
               __tmplbl_5   0x00052e    program     static                          
               __tmplbl_4   0x000534    program     static                          
           ___if_lbl00009   0x000540    program     static                          
               __tmplbl_7   0x000546    program     static                          
               __tmplbl_6   0x00054c    program     static                          
           ___if_lbl00011   0x000556    program     static                          
           ___if_lbl00012   0x000558    program     static                          
           ___if_lbl00013   0x000560    program     static                          
               __tmplbl_9   0x000566    program     static                          
               __tmplbl_8   0x00056c    program     static                          
           ___if_lbl00015   0x000572    program     static                          
       ___return_lbl00003   0x000572    program     static                          
  USBProtocolResetHandler   0x000574    program     extern G:\USBPICPROG-SVN\Boot\sys\usbdrv.c
                _do_cinit   0x000596    program     extern C:\MCC18\src\traditional\startup\c018i.c
                     test   0x0005b0    program     static                          
                copy_loop   0x000608    program     static                          
            copy_one_byte   0x00060e    program     static                          
             done_copying   0x00061c    program     static                          
                     done   0x000632    program     static                          
       ___return_lbl00002   0x000632    program     static                          
                     main   0x000634    program     extern G:\USBPICPROG-SVN\Boot\main.c
           ___if_lbl00003   0x00066c    program     static                          
        ___while_lbl00004   0x000670    program     static                          
               __tmplbl_1   0x00067e    program     static                          
               __tmplbl_0   0x000684    program     static                          
           ___if_lbl00007   0x000690    program     static                          
           ___if_lbl00008   0x000690    program     static                          
       ___return_lbl00002   0x000692    program     static                          
        ___while_lbl00005   0x000692    program     static                          
               device_dsc   0x000694    program     extern G:\USBPICPROG-SVN\Boot\usb\usbdsc.c
                    cfg01   0x0006a6    program     extern G:\USBPICPROG-SVN\Boot\usb\usbdsc.c
                    sd000   0x0006c6    program     extern G:\USBPICPROG-SVN\Boot\usb\usbdsc.c
                 _startup   0x0006ca    program     extern C:\MCC18\src\traditional\startup\c018i.c
                     loop   0x0006da    program     static                          
       ___return_lbl00001   0x0006e0    program     static                          
               __config_0   0x300000    program     static G:\USBPICPROG-SVN\Boot\sys\boot.c
               __config_1   0x300001    program     static G:\USBPICPROG-SVN\Boot\sys\boot.c
               __config_2   0x300002    program     static G:\USBPICPROG-SVN\Boot\sys\boot.c
               __config_3   0x300003    program     static G:\USBPICPROG-SVN\Boot\sys\boot.c
               __config_4   0x300005    program     static G:\USBPICPROG-SVN\Boot\sys\boot.c
               __config_5   0x300006    program     static G:\USBPICPROG-SVN\Boot\sys\boot.c
               __config_6   0x300009    program     static G:\USBPICPROG-SVN\Boot\sys\boot.c
               __config_7   0x30000b    program     static G:\USBPICPROG-SVN\Boot\sys\boot.c
           ctrl_trf_state   0x000000       data     extern G:\USBPICPROG-SVN\Boot\sys\usbctrltrf.c
   ctrl_trf_session_owner   0x000001       data     extern G:\USBPICPROG-SVN\Boot\sys\usbctrltrf.c
                     pSrc   0x000002       data     extern G:\USBPICPROG-SVN\Boot\sys\usbctrltrf.c
                     pDst   0x000004       data     extern G:\USBPICPROG-SVN\Boot\sys\usbctrltrf.c
                   wCount   0x000006       data     extern G:\USBPICPROG-SVN\Boot\sys\usbctrltrf.c
                  counter   0x000008       data     extern G:\USBPICPROG-SVN\Boot\sys\boot.c
                 byteTemp   0x000009       data     extern G:\USBPICPROG-SVN\Boot\sys\boot.c
                trf_state   0x00000a       data     extern G:\USBPICPROG-SVN\Boot\sys\boot.c
              big_counter   0x00000b       data     extern G:\USBPICPROG-SVN\Boot\sys\boot.c
         usb_device_state   0x00000d       data     extern G:\USBPICPROG-SVN\Boot\sys\usbmmap.c
                 usb_stat   0x00000e       data     extern G:\USBPICPROG-SVN\Boot\sys\usbmmap.c
           usb_active_cfg   0x00000f       data     extern G:\USBPICPROG-SVN\Boot\sys\usbmmap.c
             usb_alt_intf   0x000010       data     extern G:\USBPICPROG-SVN\Boot\sys\usbmmap.c
                  __tmp_0   0x000011       data     static G:\USBPICPROG-SVN\Boot\sys\boot.c
                  __tmp_0   0x000011       data     static G:\USBPICPROG-SVN\Boot\sys\usbctrltrf.c
                     SIGN   0x000015       data     extern C:\MCC18\SRC\TRADIT~1\MATH\cmath18.asm
                __FPFLAGS   0x000016       data     extern C:\MCC18\SRC\TRADIT~1\MATH\cmath18.asm
            __FPFLAGSbits   0x000016       data     extern C:\MCC18\SRC\TRADIT~1\MATH\cmath18.asm
                        i   0x000017       data     static G:\USBPICPROG-SVN\Boot\main.c
                     prom   0x000060       data     static C:\MCC18\src\traditional\startup\c018i.c
                curr_byte   0x000063       data     static C:\MCC18\src\traditional\startup\c018i.c
               curr_entry   0x000065       data     static C:\MCC18\src\traditional\startup\c018i.c
                 data_ptr   0x000067       data     static C:\MCC18\src\traditional\startup\c018i.c
                    ep0Bo   0x000400       data     extern G:\USBPICPROG-SVN\Boot\sys\usbmmap.c
                    ep0Bi   0x000404       data     extern G:\USBPICPROG-SVN\Boot\sys\usbmmap.c
                    ep1Bo   0x000408       data     extern G:\USBPICPROG-SVN\Boot\sys\usbmmap.c
                    ep1Bi   0x00040c       data     extern G:\USBPICPROG-SVN\Boot\sys\usbmmap.c
                 SetupPkt   0x000410       data     extern G:\USBPICPROG-SVN\Boot\sys\usbmmap.c
              CtrlTrfData   0x000418       data     extern G:\USBPICPROG-SVN\Boot\sys\usbmmap.c
               dataPacket   0x000420       data     extern G:\USBPICPROG-SVN\Boot\sys\usbmmap.c
                UFRMLbits   0x000f66       data     extern C:\MCC18\SRC\TRADIT~1\PROC\p18f2550.asm
                     UFRM   0x000f66       data     extern C:\MCC18\SRC\TRADIT~1\PROC\p18f2550.asm
                    UFRML   0x000f66       data     extern C:\MCC18\SRC\TRADIT~1\PROC\p18f2550.asm
                    UFRMH   0x000f67       data     extern C:\MCC18\SRC\TRADIT~1\PROC\p18f2550.asm
                UFRMHbits   0x000f67       data     extern C:\MCC18\SRC\TRADIT~1\PROC\p18f2550.asm
                  UIRbits   0x000f68       data     extern C:\MCC18\SRC\TRADIT~1\PROC\p18f2550.asm
                      UIR   0x000f68       data     extern C:\MCC18\SRC\TRADIT~1\PROC\p18f2550.asm
                      UIE   0x000f69       data     extern C:\MCC18\SRC\TRADIT~1\PROC\p18f2550.asm
                  UIEbits   0x000f69       data     extern C:\MCC18\SRC\TRADIT~1\PROC\p18f2550.asm
                 UEIRbits   0x000f6a       data     extern C:\MCC18\SRC\TRADIT~1\PROC\p18f2550.asm
                     UEIR   0x000f6a       data     extern C:\MCC18\SRC\TRADIT~1\PROC\p18f2550.asm
                 UEIEbits   0x000f6b       data     extern C:\MCC18\SRC\TRADIT~1\PROC\p18f2550.asm
                     UEIE   0x000f6b       data     extern C:\MCC18\SRC\TRADIT~1\PROC\p18f2550.asm
                USTATbits   0x000f6c       data     extern C:\MCC18\SRC\TRADIT~1\PROC\p18f2550.asm
                    USTAT   0x000f6c       data     extern C:\MCC18\SRC\TRADIT~1\PROC\p18f2550.asm
                     UCON   0x000f6d       data     extern C:\MCC18\SRC\TRADIT~1\PROC\p18f2550.asm
                 UCONbits   0x000f6d       data     extern C:\MCC18\SRC\TRADIT~1\PROC\p18f2550.asm
                    UADDR   0x000f6e       data     extern C:\MCC18\SRC\TRADIT~1\PROC\p18f2550.asm
                UADDRbits   0x000f6e       data     extern C:\MCC18\SRC\TRADIT~1\PROC\p18f2550.asm
                     UCFG   0x000f6f       data     extern C:\MCC18\SRC\TRADIT~1\PROC\p18f2550.asm
                 UCFGbits   0x000f6f       data     extern C:\MCC18\SRC\TRADIT~1\PROC\p18f2550.asm
                 UEP0bits   0x000f70       data     extern C:\MCC18\SRC\TRADIT~1\PROC\p18f2550.asm
                     UEP0   0x000f70       data     extern C:\MCC18\SRC\TRADIT~1\PROC\p18f2550.asm
                 UEP1bits   0x000f71       data     extern C:\MCC18\SRC\TRADIT~1\PROC\p18f2550.asm
                     UEP1   0x000f71       data     extern C:\MCC18\SRC\TRADIT~1\PROC\p18f2550.asm
                     UEP2   0x000f72       data     extern C:\MCC18\SRC\TRADIT~1\PROC\p18f2550.asm
                 UEP2bits   0x000f72       data     extern C:\MCC18\SRC\TRADIT~1\PROC\p18f2550.asm
                     UEP3   0x000f73       data     extern C:\MCC18\SRC\TRADIT~1\PROC\p18f2550.asm
                 UEP3bits   0x000f73       data     extern C:\MCC18\SRC\TRADIT~1\PROC\p18f2550.asm
                     UEP4   0x000f74       data     extern C:\MCC18\SRC\TRADIT~1\PROC\p18f2550.asm
                 UEP4bits   0x000f74       data     extern C:\MCC18\SRC\TRADIT~1\PROC\p18f2550.asm
                     UEP5   0x000f75       data     extern C:\MCC18\SRC\TRADIT~1\PROC\p18f2550.asm
                 UEP5bits   0x000f75       data     extern C:\MCC18\SRC\TRADIT~1\PROC\p18f2550.asm
                     UEP6   0x000f76       data     extern C:\MCC18\SRC\TRADIT~1\PROC\p18f2550.asm
                 UEP6bits   0x000f76       data     extern C:\MCC18\SRC\TRADIT~1\PROC\p18f2550.asm
                     UEP7   0x000f77       data     extern C:\MCC18\SRC\TRADIT~1\PROC\p18f2550.asm
                 UEP7bits   0x000f77       data     extern C:\MCC18\SRC\TRADIT~1\PROC\p18f2550.asm
                     UEP8   0x000f78       data     extern C:\MCC18\SRC\TRADIT~1\PROC\p18f2550.asm
                 UEP8bits   0x000f78       data     extern C:\MCC18\SRC\TRADIT~1\PROC\p18f2550.asm
                 UEP9bits   0x000f79       data     extern C:\MCC18\SRC\TRADIT~1\PROC\p18f2550.asm
                     UEP9   0x000f79       data     extern C:\MCC18\SRC\TRADIT~1\PROC\p18f2550.asm
                    UEP10   0x000f7a       data     extern C:\MCC18\SRC\TRADIT~1\PROC\p18f2550.asm
                UEP10bits   0x000f7a       data     extern C:\MCC18\SRC\TRADIT~1\PROC\p18f2550.asm
                UEP11bits   0x000f7b       data     extern C:\MCC18\SRC\TRADIT~1\PROC\p18f2550.asm
                    UEP11   0x000f7b       data     extern C:\MCC18\SRC\TRADIT~1\PROC\p18f2550.asm
                UEP12bits   0x000f7c       data     extern C:\MCC18\SRC\TRADIT~1\PROC\p18f2550.asm
                    UEP12   0x000f7c       data     extern C:\MCC18\SRC\TRADIT~1\PROC\p18f2550.asm
                    UEP13   0x000f7d       data     extern C:\MCC18\SRC\TRADIT~1\PROC\p18f2550.asm
                UEP13bits   0x000f7d       data     extern C:\MCC18\SRC\TRADIT~1\PROC\p18f2550.asm
                    UEP14   0x000f7e       data     extern C:\MCC18\SRC\TRADIT~1\PROC\p18f2550.asm
                UEP14bits   0x000f7e       data     extern C:\MCC18\SRC\TRADIT~1\PROC\p18f2550.asm
                    UEP15   0x000f7f       data     extern C:\MCC18\SRC\TRADIT~1\PROC\p18f2550.asm
                UEP15bits   0x000f7f       data     extern C:\MCC18\SRC\TRADIT~1\PROC\p18f2550.asm
                    PORTA   0x000f80       data     extern C:\MCC18\SRC\TRADIT~1\PROC\p18f2550.asm
                PORTAbits   0x000f80       data     extern C:\MCC18\SRC\TRADIT~1\PROC\p18f2550.asm
                    PORTB   0x000f81       data     extern C:\MCC18\SRC\TRADIT~1\PROC\p18f2550.asm
                PORTBbits   0x000f81       data     extern C:\MCC18\SRC\TRADIT~1\PROC\p18f2550.asm
                    PORTC   0x000f82       data     extern C:\MCC18\SRC\TRADIT~1\PROC\p18f2550.asm
                PORTCbits   0x000f82       data     extern C:\MCC18\SRC\TRADIT~1\PROC\p18f2550.asm
                    PORTE   0x000f84       data     extern C:\MCC18\SRC\TRADIT~1\PROC\p18f2550.asm
                PORTEbits   0x000f84       data     extern C:\MCC18\SRC\TRADIT~1\PROC\p18f2550.asm
                 LATAbits   0x000f89       data     extern C:\MCC18\SRC\TRADIT~1\PROC\p18f2550.asm
                     LATA   0x000f89       data     extern C:\MCC18\SRC\TRADIT~1\PROC\p18f2550.asm
                 LATBbits   0x000f8a       data     extern C:\MCC18\SRC\TRADIT~1\PROC\p18f2550.asm
                     LATB   0x000f8a       data     extern C:\MCC18\SRC\TRADIT~1\PROC\p18f2550.asm
                 LATCbits   0x000f8b       data     extern C:\MCC18\SRC\TRADIT~1\PROC\p18f2550.asm
                     LATC   0x000f8b       data     extern C:\MCC18\SRC\TRADIT~1\PROC\p18f2550.asm
                     DDRA   0x000f92       data     extern C:\MCC18\SRC\TRADIT~1\PROC\p18f2550.asm
                 DDRAbits   0x000f92       data     extern C:\MCC18\SRC\TRADIT~1\PROC\p18f2550.asm
                    TRISA   0x000f92       data     extern C:\MCC18\SRC\TRADIT~1\PROC\p18f2550.asm
                TRISAbits   0x000f92       data     extern C:\MCC18\SRC\TRADIT~1\PROC\p18f2550.asm
                     DDRB   0x000f93       data     extern C:\MCC18\SRC\TRADIT~1\PROC\p18f2550.asm
                 DDRBbits   0x000f93       data     extern C:\MCC18\SRC\TRADIT~1\PROC\p18f2550.asm
                    TRISB   0x000f93       data     extern C:\MCC18\SRC\TRADIT~1\PROC\p18f2550.asm
                TRISBbits   0x000f93       data     extern C:\MCC18\SRC\TRADIT~1\PROC\p18f2550.asm
                TRISCbits   0x000f94       data     extern C:\MCC18\SRC\TRADIT~1\PROC\p18f2550.asm
                    TRISC   0x000f94       data     extern C:\MCC18\SRC\TRADIT~1\PROC\p18f2550.asm
                 DDRCbits   0x000f94       data     extern C:\MCC18\SRC\TRADIT~1\PROC\p18f2550.asm
                     DDRC   0x000f94       data     extern C:\MCC18\SRC\TRADIT~1\PROC\p18f2550.asm
                  OSCTUNE   0x000f9b       data     extern C:\MCC18\SRC\TRADIT~1\PROC\p18f2550.asm
              OSCTUNEbits   0x000f9b       data     extern C:\MCC18\SRC\TRADIT~1\PROC\p18f2550.asm
                 PIE1bits   0x000f9d       data     extern C:\MCC18\SRC\TRADIT~1\PROC\p18f2550.asm
                     PIE1   0x000f9d       data     extern C:\MCC18\SRC\TRADIT~1\PROC\p18f2550.asm
                 PIR1bits   0x000f9e       data     extern C:\MCC18\SRC\TRADIT~1\PROC\p18f2550.asm
                     PIR1   0x000f9e       data     extern C:\MCC18\SRC\TRADIT~1\PROC\p18f2550.asm
                 IPR1bits   0x000f9f       data     extern C:\MCC18\SRC\TRADIT~1\PROC\p18f2550.asm
                     IPR1   0x000f9f       data     extern C:\MCC18\SRC\TRADIT~1\PROC\p18f2550.asm
                 PIE2bits   0x000fa0       data     extern C:\MCC18\SRC\TRADIT~1\PROC\p18f2550.asm
                     PIE2   0x000fa0       data     extern C:\MCC18\SRC\TRADIT~1\PROC\p18f2550.asm
                 PIR2bits   0x000fa1       data     extern C:\MCC18\SRC\TRADIT~1\PROC\p18f2550.asm
                     PIR2   0x000fa1       data     extern C:\MCC18\SRC\TRADIT~1\PROC\p18f2550.asm
                 IPR2bits   0x000fa2       data     extern C:\MCC18\SRC\TRADIT~1\PROC\p18f2550.asm
                     IPR2   0x000fa2       data     extern C:\MCC18\SRC\TRADIT~1\PROC\p18f2550.asm
                   EECON1   0x000fa6       data     extern C:\MCC18\SRC\TRADIT~1\PROC\p18f2550.asm
               EECON1bits   0x000fa6       data     extern C:\MCC18\SRC\TRADIT~1\PROC\p18f2550.asm
                   EECON2   0x000fa7       data     extern C:\MCC18\SRC\TRADIT~1\PROC\p18f2550.asm
                   EEDATA   0x000fa8       data     extern C:\MCC18\SRC\TRADIT~1\PROC\p18f2550.asm
                    EEADR   0x000fa9       data     extern C:\MCC18\SRC\TRADIT~1\PROC\p18f2550.asm
                RCSTAbits   0x000fab       data     extern C:\MCC18\SRC\TRADIT~1\PROC\p18f2550.asm
                    RCSTA   0x000fab       data     extern C:\MCC18\SRC\TRADIT~1\PROC\p18f2550.asm
                TXSTAbits   0x000fac       data     extern C:\MCC18\SRC\TRADIT~1\PROC\p18f2550.asm
                    TXSTA   0x000fac       data     extern C:\MCC18\SRC\TRADIT~1\PROC\p18f2550.asm
                    TXREG   0x000fad       data     extern C:\MCC18\SRC\TRADIT~1\PROC\p18f2550.asm
                    RCREG   0x000fae       data     extern C:\MCC18\SRC\TRADIT~1\PROC\p18f2550.asm
                    SPBRG   0x000faf       data     extern C:\MCC18\SRC\TRADIT~1\PROC\p18f2550.asm
                   SPBRGH   0x000fb0       data     extern C:\MCC18\SRC\TRADIT~1\PROC\p18f2550.asm
                    T3CON   0x000fb1       data     extern C:\MCC18\SRC\TRADIT~1\PROC\p18f2550.asm
                T3CONbits   0x000fb1       data     extern C:\MCC18\SRC\TRADIT~1\PROC\p18f2550.asm
                    TMR3L   0x000fb2       data     extern C:\MCC18\SRC\TRADIT~1\PROC\p18f2550.asm
                    TMR3H   0x000fb3       data     extern C:\MCC18\SRC\TRADIT~1\PROC\p18f2550.asm
                    CMCON   0x000fb4       data     extern C:\MCC18\SRC\TRADIT~1\PROC\p18f2550.asm
                CMCONbits   0x000fb4       data     extern C:\MCC18\SRC\TRADIT~1\PROC\p18f2550.asm
                   CVRCON   0x000fb5       data     extern C:\MCC18\SRC\TRADIT~1\PROC\p18f2550.asm
               CVRCONbits   0x000fb5       data     extern C:\MCC18\SRC\TRADIT~1\PROC\p18f2550.asm
              ECCP1ASbits   0x000fb6       data     extern C:\MCC18\SRC\TRADIT~1\PROC\p18f2550.asm
                  ECCP1AS   0x000fb6       data     extern C:\MCC18\SRC\TRADIT~1\PROC\p18f2550.asm
               CCP1ASbits   0x000fb6       data     extern C:\MCC18\SRC\TRADIT~1\PROC\p18f2550.asm
                   CCP1AS   0x000fb6       data     extern C:\MCC18\SRC\TRADIT~1\PROC\p18f2550.asm
             ECCP1DELbits   0x000fb7       data     extern C:\MCC18\SRC\TRADIT~1\PROC\p18f2550.asm
                 ECCP1DEL   0x000fb7       data     extern C:\MCC18\SRC\TRADIT~1\PROC\p18f2550.asm
              CCP1DELbits   0x000fb7       data     extern C:\MCC18\SRC\TRADIT~1\PROC\p18f2550.asm
                  CCP1DEL   0x000fb7       data     extern C:\MCC18\SRC\TRADIT~1\PROC\p18f2550.asm
                  BAUDCON   0x000fb8       data     extern C:\MCC18\SRC\TRADIT~1\PROC\p18f2550.asm
              BAUDCONbits   0x000fb8       data     extern C:\MCC18\SRC\TRADIT~1\PROC\p18f2550.asm
              CCP2CONbits   0x000fba       data     extern C:\MCC18\SRC\TRADIT~1\PROC\p18f2550.asm
                  CCP2CON   0x000fba       data     extern C:\MCC18\SRC\TRADIT~1\PROC\p18f2550.asm
                   CCPR2L   0x000fbb       data     extern C:\MCC18\SRC\TRADIT~1\PROC\p18f2550.asm
                    CCPR2   0x000fbb       data     extern C:\MCC18\SRC\TRADIT~1\PROC\p18f2550.asm
                   CCPR2H   0x000fbc       data     extern C:\MCC18\SRC\TRADIT~1\PROC\p18f2550.asm
              CCP1CONbits   0x000fbd       data     extern C:\MCC18\SRC\TRADIT~1\PROC\p18f2550.asm
                  CCP1CON   0x000fbd       data     extern C:\MCC18\SRC\TRADIT~1\PROC\p18f2550.asm
                   CCPR1L   0x000fbe       data     extern C:\MCC18\SRC\TRADIT~1\PROC\p18f2550.asm
                    CCPR1   0x000fbe       data     extern C:\MCC18\SRC\TRADIT~1\PROC\p18f2550.asm
                   CCPR1H   0x000fbf       data     extern C:\MCC18\SRC\TRADIT~1\PROC\p18f2550.asm
               ADCON2bits   0x000fc0       data     extern C:\MCC18\SRC\TRADIT~1\PROC\p18f2550.asm
                   ADCON2   0x000fc0       data     extern C:\MCC18\SRC\TRADIT~1\PROC\p18f2550.asm
                   ADCON1   0x000fc1       data     extern C:\MCC18\SRC\TRADIT~1\PROC\p18f2550.asm
               ADCON1bits   0x000fc1       data     extern C:\MCC18\SRC\TRADIT~1\PROC\p18f2550.asm
                   ADCON0   0x000fc2       data     extern C:\MCC18\SRC\TRADIT~1\PROC\p18f2550.asm
               ADCON0bits   0x000fc2       data     extern C:\MCC18\SRC\TRADIT~1\PROC\p18f2550.asm
                    ADRES   0x000fc3       data     extern C:\MCC18\SRC\TRADIT~1\PROC\p18f2550.asm
                   ADRESL   0x000fc3       data     extern C:\MCC18\SRC\TRADIT~1\PROC\p18f2550.asm
                   ADRESH   0x000fc4       data     extern C:\MCC18\SRC\TRADIT~1\PROC\p18f2550.asm
                  SSPCON2   0x000fc5       data     extern C:\MCC18\SRC\TRADIT~1\PROC\p18f2550.asm
              SSPCON2bits   0x000fc5       data     extern C:\MCC18\SRC\TRADIT~1\PROC\p18f2550.asm
                  SSPCON1   0x000fc6       data     extern C:\MCC18\SRC\TRADIT~1\PROC\p18f2550.asm
              SSPCON1bits   0x000fc6       data     extern C:\MCC18\SRC\TRADIT~1\PROC\p18f2550.asm
                  SSPSTAT   0x000fc7       data     extern C:\MCC18\SRC\TRADIT~1\PROC\p18f2550.asm
              SSPSTATbits   0x000fc7       data     extern C:\MCC18\SRC\TRADIT~1\PROC\p18f2550.asm
                   SSPADD   0x000fc8       data     extern C:\MCC18\SRC\TRADIT~1\PROC\p18f2550.asm
                   SSPBUF   0x000fc9       data     extern C:\MCC18\SRC\TRADIT~1\PROC\p18f2550.asm
                T2CONbits   0x000fca       data     extern C:\MCC18\SRC\TRADIT~1\PROC\p18f2550.asm
                    T2CON   0x000fca       data     extern C:\MCC18\SRC\TRADIT~1\PROC\p18f2550.asm
                      PR2   0x000fcb       data     extern C:\MCC18\SRC\TRADIT~1\PROC\p18f2550.asm
                     TMR2   0x000fcc       data     extern C:\MCC18\SRC\TRADIT~1\PROC\p18f2550.asm
                T1CONbits   0x000fcd       data     extern C:\MCC18\SRC\TRADIT~1\PROC\p18f2550.asm
                    T1CON   0x000fcd       data     extern C:\MCC18\SRC\TRADIT~1\PROC\p18f2550.asm
                    TMR1L   0x000fce       data     extern C:\MCC18\SRC\TRADIT~1\PROC\p18f2550.asm
                    TMR1H   0x000fcf       data     extern C:\MCC18\SRC\TRADIT~1\PROC\p18f2550.asm
                     RCON   0x000fd0       data     extern C:\MCC18\SRC\TRADIT~1\PROC\p18f2550.asm
                 RCONbits   0x000fd0       data     extern C:\MCC18\SRC\TRADIT~1\PROC\p18f2550.asm
               WDTCONbits   0x000fd1       data     extern C:\MCC18\SRC\TRADIT~1\PROC\p18f2550.asm
                   WDTCON   0x000fd1       data     extern C:\MCC18\SRC\TRADIT~1\PROC\p18f2550.asm
                  HLVDCON   0x000fd2       data     extern C:\MCC18\SRC\TRADIT~1\PROC\p18f2550.asm
              HLVDCONbits   0x000fd2       data     extern C:\MCC18\SRC\TRADIT~1\PROC\p18f2550.asm
               LVDCONbits   0x000fd2       data     extern C:\MCC18\SRC\TRADIT~1\PROC\p18f2550.asm
                   LVDCON   0x000fd2       data     extern C:\MCC18\SRC\TRADIT~1\PROC\p18f2550.asm
               OSCCONbits   0x000fd3       data     extern C:\MCC18\SRC\TRADIT~1\PROC\p18f2550.asm
                   OSCCON   0x000fd3       data     extern C:\MCC18\SRC\TRADIT~1\PROC\p18f2550.asm
                    T0CON   0x000fd5       data     extern C:\MCC18\SRC\TRADIT~1\PROC\p18f2550.asm
                T0CONbits   0x000fd5       data     extern C:\MCC18\SRC\TRADIT~1\PROC\p18f2550.asm
                    TMR0L   0x000fd6       data     extern C:\MCC18\SRC\TRADIT~1\PROC\p18f2550.asm
                    TMR0H   0x000fd7       data     extern C:\MCC18\SRC\TRADIT~1\PROC\p18f2550.asm
                   STATUS   0x000fd8       data     extern C:\MCC18\SRC\TRADIT~1\PROC\p18f2550.asm
               STATUSbits   0x000fd8       data     extern C:\MCC18\SRC\TRADIT~1\PROC\p18f2550.asm
                     FSR2   0x000fd9       data     extern C:\MCC18\SRC\TRADIT~1\PROC\p18f2550.asm
                    FSR2L   0x000fd9       data     extern C:\MCC18\SRC\TRADIT~1\PROC\p18f2550.asm
                    FSR2H   0x000fda       data     extern C:\MCC18\SRC\TRADIT~1\PROC\p18f2550.asm
                   PLUSW2   0x000fdb       data     extern C:\MCC18\SRC\TRADIT~1\PROC\p18f2550.asm
                  PREINC2   0x000fdc       data     extern C:\MCC18\SRC\TRADIT~1\PROC\p18f2550.asm
                 POSTDEC2   0x000fdd       data     extern C:\MCC18\SRC\TRADIT~1\PROC\p18f2550.asm
                 POSTINC2   0x000fde       data     extern C:\MCC18\SRC\TRADIT~1\PROC\p18f2550.asm
                    INDF2   0x000fdf       data     extern C:\MCC18\SRC\TRADIT~1\PROC\p18f2550.asm
                      BSR   0x000fe0       data     extern C:\MCC18\SRC\TRADIT~1\PROC\p18f2550.asm
                     FSR1   0x000fe1       data     extern C:\MCC18\SRC\TRADIT~1\PROC\p18f2550.asm
                    FSR1L   0x000fe1       data     extern C:\MCC18\SRC\TRADIT~1\PROC\p18f2550.asm
                    FSR1H   0x000fe2       data     extern C:\MCC18\SRC\TRADIT~1\PROC\p18f2550.asm
                   PLUSW1   0x000fe3       data     extern C:\MCC18\SRC\TRADIT~1\PROC\p18f2550.asm
                  PREINC1   0x000fe4       data     extern C:\MCC18\SRC\TRADIT~1\PROC\p18f2550.asm
                 POSTDEC1   0x000fe5       data     extern C:\MCC18\SRC\TRADIT~1\PROC\p18f2550.asm
                 POSTINC1   0x000fe6       data     extern C:\MCC18\SRC\TRADIT~1\PROC\p18f2550.asm
                    INDF1   0x000fe7       data     extern C:\MCC18\SRC\TRADIT~1\PROC\p18f2550.asm
                     WREG   0x000fe8       data     extern C:\MCC18\SRC\TRADIT~1\PROC\p18f2550.asm
                     FSR0   0x000fe9       data     extern C:\MCC18\SRC\TRADIT~1\PROC\p18f2550.asm
                    FSR0L   0x000fe9       data     extern C:\MCC18\SRC\TRADIT~1\PROC\p18f2550.asm
                    FSR0H   0x000fea       data     extern C:\MCC18\SRC\TRADIT~1\PROC\p18f2550.asm
                   PLUSW0   0x000feb       data     extern C:\MCC18\SRC\TRADIT~1\PROC\p18f2550.asm
                  PREINC0   0x000fec       data     extern C:\MCC18\SRC\TRADIT~1\PROC\p18f2550.asm
                 POSTDEC0   0x000fed       data     extern C:\MCC18\SRC\TRADIT~1\PROC\p18f2550.asm
                 POSTINC0   0x000fee       data     extern C:\MCC18\SRC\TRADIT~1\PROC\p18f2550.asm
                    INDF0   0x000fef       data     extern C:\MCC18\SRC\TRADIT~1\PROC\p18f2550.asm
              INTCON3bits   0x000ff0       data     extern C:\MCC18\SRC\TRADIT~1\PROC\p18f2550.asm
                  INTCON3   0x000ff0       data     extern C:\MCC18\SRC\TRADIT~1\PROC\p18f2550.asm
              INTCON2bits   0x000ff1       data     extern C:\MCC18\SRC\TRADIT~1\PROC\p18f2550.asm
                  INTCON2   0x000ff1       data     extern C:\MCC18\SRC\TRADIT~1\PROC\p18f2550.asm
               INTCONbits   0x000ff2       data     extern C:\MCC18\SRC\TRADIT~1\PROC\p18f2550.asm
                   INTCON   0x000ff2       data     extern C:\MCC18\SRC\TRADIT~1\PROC\p18f2550.asm
                    PRODL   0x000ff3       data     extern C:\MCC18\SRC\TRADIT~1\PROC\p18f2550.asm
                     PROD   0x000ff3       data     extern C:\MCC18\SRC\TRADIT~1\PROC\p18f2550.asm
                    PRODH   0x000ff4       data     extern C:\MCC18\SRC\TRADIT~1\PROC\p18f2550.asm
                   TABLAT   0x000ff5       data     extern C:\MCC18\SRC\TRADIT~1\PROC\p18f2550.asm
                   TBLPTR   0x000ff6       data     extern C:\MCC18\SRC\TRADIT~1\PROC\p18f2550.asm
                  TBLPTRL   0x000ff6       data     extern C:\MCC18\SRC\TRADIT~1\PROC\p18f2550.asm
                  TBLPTRH   0x000ff7       data     extern C:\MCC18\SRC\TRADIT~1\PROC\p18f2550.asm
                  TBLPTRU   0x000ff8       data     extern C:\MCC18\SRC\TRADIT~1\PROC\p18f2550.asm
                      PCL   0x000ff9       data     extern C:\MCC18\SRC\TRADIT~1\PROC\p18f2550.asm
                       PC   0x000ff9       data     extern C:\MCC18\SRC\TRADIT~1\PROC\p18f2550.asm
                   PCLATH   0x000ffa       data     extern C:\MCC18\SRC\TRADIT~1\PROC\p18f2550.asm
                   PCLATU   0x000ffb       data     extern C:\MCC18\SRC\TRADIT~1\PROC\p18f2550.asm
                   STKPTR   0x000ffc       data     extern C:\MCC18\SRC\TRADIT~1\PROC\p18f2550.asm
               STKPTRbits   0x000ffc       data     extern C:\MCC18\SRC\TRADIT~1\PROC\p18f2550.asm
                      TOS   0x000ffd       data     extern C:\MCC18\SRC\TRADIT~1\PROC\p18f2550.asm
                     TOSL   0x000ffd       data     extern C:\MCC18\SRC\TRADIT~1\PROC\p18f2550.asm
                     TOSH   0x000ffe       data     extern C:\MCC18\SRC\TRADIT~1\PROC\p18f2550.asm
                     TOSU   0x000fff       data     extern C:\MCC18\SRC\TRADIT~1\PROC\p18f2550.asm


