MPLINK 4.34, Linker
Linker Map File - Created Mon Apr 12 00:48:34 2010

                                 Section Info
                  Section       Type    Address   Location Size(Bytes)
                ---------  ---------  ---------  ---------  ---------
               _entry_scn       code   0x000000    program   0x000006
                   .cinit    romdata   0x000006    program   0x000002
               _cinit_scn       code   0x000008    program   0x00009e
             D10KTCYXCODE       code   0x0000a6    program   0x00002e
                    .code       code   0x0000d4    program   0x000020
             _startup_scn       code   0x0000f4    program   0x00001c
             .code_main.o       code   0x000110    program   0x000014
           .code___init.o       code   0x000124    program   0x000002
          .romdata_main.o    romdata   0x000126    program   0x000000
          .idata_main.o_i    romdata   0x000126    program   0x000000
            .code_c018i.o       code   0x000126    program   0x000000
         .romdata_c018i.o    romdata   0x000126    program   0x000000
        .idata___init.o_i    romdata   0x000126    program   0x000000
        .romdata___init.o    romdata   0x000126    program   0x000000
         .idata_c018i.o_i    romdata   0x000126    program   0x000000
    .config_300001_main.o    romdata   0x300001    program   0x000001
    .config_300003_main.o    romdata   0x300003    program   0x000001
                MATH_DATA      udata   0x000000       data   0x000002
                DELAYDAT2      udata   0x000002       data   0x000001
                DELAYDAT1      udata   0x000003       data   0x000001
                 .tmpdata      udata   0x000004       data   0x000000
           .udata_c018i.o      udata   0x000060       data   0x00000a
           .idata_c018i.o      idata   0x00006a       data   0x000000
            .udata_main.o      udata   0x00006a       data   0x000000
            .idata_main.o      idata   0x00006a       data   0x000000
          .udata___init.o      udata   0x00006a       data   0x000000
          .idata___init.o      idata   0x00006a       data   0x000000
                   .stack      udata   0x000300       data   0x000100
            SFR_UNBANKED0      udata   0x000f62       data   0x00009e



                              Program Memory Usage 
                               Start         End      
                           ---------   ---------      
                            0x000000    0x000125      
                            0x300001    0x300001      
                            0x300003    0x300003      
            296 out of 33048 program addresses used, program memory utilization is 0%



                              Symbols - Sorted by Name
                     Name    Address   Location    Storage File                     
                ---------  ---------  ---------  --------- ---------                
                   D10K_1   0x0000b2    program     static C:\MCC18\src\traditional\delays\d10ktcyx.asm
                    D10Kl   0x0000be    program     static C:\MCC18\src\traditional\delays\d10ktcyx.asm
                    D10Kx   0x0000b0    program     static C:\MCC18\src\traditional\delays\d10ktcyx.asm
             Delay10KTCYx   0x0000a6    program     extern C:\MCC18\src\traditional\delays\d10ktcyx.asm
       _D10KTCYXCODE_0010   0x0000b6    program     static C:\MCC18\src\traditional\delays\d10ktcyx.asm
       _D10KTCYXCODE_001C   0x0000c2    program     static C:\MCC18\src\traditional\delays\d10ktcyx.asm
       ___return_lbl00000   0x000004    program     static                          
       ___return_lbl00001   0x00010e    program     static                          
       ___return_lbl00002   0x0000a4    program     static                          
               __config_0   0x300001    program     static F:\usbpicprog\upp_wx\examples\blinking led pic18f4553\main.c
               __config_1   0x300003    program     static F:\usbpicprog\upp_wx\examples\blinking led pic18f4553\main.c
                   __init   0x000124    program     extern C:\MCC18\src\traditional\stdclib\__init.c
            __zero_memory   0x0000d4    program     extern C:\MCC18\src\traditional\proc\p18F4553.asm
                _do_cinit   0x000008    program     extern C:\MCC18\src\traditional\startup\c018i.c
                   _entry   0x000000    program     extern C:\MCC18\src\traditional\startup\c018i.c
                 _startup   0x0000f4    program     extern C:\MCC18\src\traditional\startup\c018i.c
                compare_l   0x0000ea    program     static C:\MCC18\src\traditional\proc\p18F4553.asm
                copy_loop   0x00007a    program     static                          
            copy_one_byte   0x000080    program     static                          
                     done   0x0000a4    program     static                          
             done_copying   0x00008e    program     static                          
                     loop   0x000104    program     static                          
                   loop_h   0x0000e2    program     static C:\MCC18\src\traditional\proc\p18F4553.asm
                   loop_l   0x0000ec    program     static C:\MCC18\src\traditional\proc\p18F4553.asm
                     main   0x000110    program     extern F:\usbpicprog\upp_wx\examples\blinking led pic18f4553\main.c
                     test   0x000022    program     static                          
               zero_block   0x0000e2    program     static C:\MCC18\src\traditional\proc\p18F4553.asm
                   ADCON0   0x000fc2       data     extern C:\MCC18\src\traditional\proc\p18F4553.asm
               ADCON0bits   0x000fc2       data     extern C:\MCC18\src\traditional\proc\p18F4553.asm
                   ADCON1   0x000fc1       data     extern C:\MCC18\src\traditional\proc\p18F4553.asm
               ADCON1bits   0x000fc1       data     extern C:\MCC18\src\traditional\proc\p18F4553.asm
                   ADCON2   0x000fc0       data     extern C:\MCC18\src\traditional\proc\p18F4553.asm
               ADCON2bits   0x000fc0       data     extern C:\MCC18\src\traditional\proc\p18F4553.asm
                    ADRES   0x000fc3       data     extern C:\MCC18\src\traditional\proc\p18F4553.asm
                   ADRESH   0x000fc4       data     extern C:\MCC18\src\traditional\proc\p18F4553.asm
                   ADRESL   0x000fc3       data     extern C:\MCC18\src\traditional\proc\p18F4553.asm
                  BAUDCON   0x000fb8       data     extern C:\MCC18\src\traditional\proc\p18F4553.asm
              BAUDCONbits   0x000fb8       data     extern C:\MCC18\src\traditional\proc\p18F4553.asm
                      BSR   0x000fe0       data     extern C:\MCC18\src\traditional\proc\p18F4553.asm
                   CCP1AS   0x000fb6       data     extern C:\MCC18\src\traditional\proc\p18F4553.asm
               CCP1ASbits   0x000fb6       data     extern C:\MCC18\src\traditional\proc\p18F4553.asm
                  CCP1CON   0x000fbd       data     extern C:\MCC18\src\traditional\proc\p18F4553.asm
              CCP1CONbits   0x000fbd       data     extern C:\MCC18\src\traditional\proc\p18F4553.asm
                  CCP1DEL   0x000fb7       data     extern C:\MCC18\src\traditional\proc\p18F4553.asm
              CCP1DELbits   0x000fb7       data     extern C:\MCC18\src\traditional\proc\p18F4553.asm
                  CCP2CON   0x000fba       data     extern C:\MCC18\src\traditional\proc\p18F4553.asm
              CCP2CONbits   0x000fba       data     extern C:\MCC18\src\traditional\proc\p18F4553.asm
                    CCPR1   0x000fbe       data     extern C:\MCC18\src\traditional\proc\p18F4553.asm
                   CCPR1H   0x000fbf       data     extern C:\MCC18\src\traditional\proc\p18F4553.asm
                   CCPR1L   0x000fbe       data     extern C:\MCC18\src\traditional\proc\p18F4553.asm
                    CCPR2   0x000fbb       data     extern C:\MCC18\src\traditional\proc\p18F4553.asm
                   CCPR2H   0x000fbc       data     extern C:\MCC18\src\traditional\proc\p18F4553.asm
                   CCPR2L   0x000fbb       data     extern C:\MCC18\src\traditional\proc\p18F4553.asm
                    CMCON   0x000fb4       data     extern C:\MCC18\src\traditional\proc\p18F4553.asm
                CMCONbits   0x000fb4       data     extern C:\MCC18\src\traditional\proc\p18F4553.asm
                   CVRCON   0x000fb5       data     extern C:\MCC18\src\traditional\proc\p18F4553.asm
               CVRCONbits   0x000fb5       data     extern C:\MCC18\src\traditional\proc\p18F4553.asm
                     DDRA   0x000f92       data     extern C:\MCC18\src\traditional\proc\p18F4553.asm
                 DDRAbits   0x000f92       data     extern C:\MCC18\src\traditional\proc\p18F4553.asm
                     DDRB   0x000f93       data     extern C:\MCC18\src\traditional\proc\p18F4553.asm
                 DDRBbits   0x000f93       data     extern C:\MCC18\src\traditional\proc\p18F4553.asm
                     DDRC   0x000f94       data     extern C:\MCC18\src\traditional\proc\p18F4553.asm
                 DDRCbits   0x000f94       data     extern C:\MCC18\src\traditional\proc\p18F4553.asm
                     DDRD   0x000f95       data     extern C:\MCC18\src\traditional\proc\p18F4553.asm
                 DDRDbits   0x000f95       data     extern C:\MCC18\src\traditional\proc\p18F4553.asm
                     DDRE   0x000f96       data     extern C:\MCC18\src\traditional\proc\p18F4553.asm
                 DDREbits   0x000f96       data     extern C:\MCC18\src\traditional\proc\p18F4553.asm
            DelayCounter1   0x000003       data     extern C:\MCC18\src\traditional\delays\delayd1.asm
            DelayCounter2   0x000002       data     extern C:\MCC18\src\traditional\delays\delayd2.asm
                  ECCP1AS   0x000fb6       data     extern C:\MCC18\src\traditional\proc\p18F4553.asm
              ECCP1ASbits   0x000fb6       data     extern C:\MCC18\src\traditional\proc\p18F4553.asm
                 ECCP1CON   0x000fbd       data     extern C:\MCC18\src\traditional\proc\p18F4553.asm
             ECCP1CONbits   0x000fbd       data     extern C:\MCC18\src\traditional\proc\p18F4553.asm
                 ECCP1DEL   0x000fb7       data     extern C:\MCC18\src\traditional\proc\p18F4553.asm
             ECCP1DELbits   0x000fb7       data     extern C:\MCC18\src\traditional\proc\p18F4553.asm
                    EEADR   0x000fa9       data     extern C:\MCC18\src\traditional\proc\p18F4553.asm
                   EECON1   0x000fa6       data     extern C:\MCC18\src\traditional\proc\p18F4553.asm
               EECON1bits   0x000fa6       data     extern C:\MCC18\src\traditional\proc\p18F4553.asm
                   EECON2   0x000fa7       data     extern C:\MCC18\src\traditional\proc\p18F4553.asm
                   EEDATA   0x000fa8       data     extern C:\MCC18\src\traditional\proc\p18F4553.asm
                     FSR0   0x000fe9       data     extern C:\MCC18\src\traditional\proc\p18F4553.asm
                    FSR0H   0x000fea       data     extern C:\MCC18\src\traditional\proc\p18F4553.asm
                    FSR0L   0x000fe9       data     extern C:\MCC18\src\traditional\proc\p18F4553.asm
                     FSR1   0x000fe1       data     extern C:\MCC18\src\traditional\proc\p18F4553.asm
                    FSR1H   0x000fe2       data     extern C:\MCC18\src\traditional\proc\p18F4553.asm
                    FSR1L   0x000fe1       data     extern C:\MCC18\src\traditional\proc\p18F4553.asm
                     FSR2   0x000fd9       data     extern C:\MCC18\src\traditional\proc\p18F4553.asm
                    FSR2H   0x000fda       data     extern C:\MCC18\src\traditional\proc\p18F4553.asm
                    FSR2L   0x000fd9       data     extern C:\MCC18\src\traditional\proc\p18F4553.asm
                  HLVDCON   0x000fd2       data     extern C:\MCC18\src\traditional\proc\p18F4553.asm
              HLVDCONbits   0x000fd2       data     extern C:\MCC18\src\traditional\proc\p18F4553.asm
                    INDF0   0x000fef       data     extern C:\MCC18\src\traditional\proc\p18F4553.asm
                    INDF1   0x000fe7       data     extern C:\MCC18\src\traditional\proc\p18F4553.asm
                    INDF2   0x000fdf       data     extern C:\MCC18\src\traditional\proc\p18F4553.asm
                   INTCON   0x000ff2       data     extern C:\MCC18\src\traditional\proc\p18F4553.asm
                  INTCON2   0x000ff1       data     extern C:\MCC18\src\traditional\proc\p18F4553.asm
              INTCON2bits   0x000ff1       data     extern C:\MCC18\src\traditional\proc\p18F4553.asm
                  INTCON3   0x000ff0       data     extern C:\MCC18\src\traditional\proc\p18F4553.asm
              INTCON3bits   0x000ff0       data     extern C:\MCC18\src\traditional\proc\p18F4553.asm
               INTCONbits   0x000ff2       data     extern C:\MCC18\src\traditional\proc\p18F4553.asm
                     IPR1   0x000f9f       data     extern C:\MCC18\src\traditional\proc\p18F4553.asm
                 IPR1bits   0x000f9f       data     extern C:\MCC18\src\traditional\proc\p18F4553.asm
                     IPR2   0x000fa2       data     extern C:\MCC18\src\traditional\proc\p18F4553.asm
                 IPR2bits   0x000fa2       data     extern C:\MCC18\src\traditional\proc\p18F4553.asm
                     LATA   0x000f89       data     extern C:\MCC18\src\traditional\proc\p18F4553.asm
                 LATAbits   0x000f89       data     extern C:\MCC18\src\traditional\proc\p18F4553.asm
                     LATB   0x000f8a       data     extern C:\MCC18\src\traditional\proc\p18F4553.asm
                 LATBbits   0x000f8a       data     extern C:\MCC18\src\traditional\proc\p18F4553.asm
                     LATC   0x000f8b       data     extern C:\MCC18\src\traditional\proc\p18F4553.asm
                 LATCbits   0x000f8b       data     extern C:\MCC18\src\traditional\proc\p18F4553.asm
                     LATD   0x000f8c       data     extern C:\MCC18\src\traditional\proc\p18F4553.asm
                 LATDbits   0x000f8c       data     extern C:\MCC18\src\traditional\proc\p18F4553.asm
                     LATE   0x000f8d       data     extern C:\MCC18\src\traditional\proc\p18F4553.asm
                 LATEbits   0x000f8d       data     extern C:\MCC18\src\traditional\proc\p18F4553.asm
                   LVDCON   0x000fd2       data     extern C:\MCC18\src\traditional\proc\p18F4553.asm
               LVDCONbits   0x000fd2       data     extern C:\MCC18\src\traditional\proc\p18F4553.asm
                   OSCCON   0x000fd3       data     extern C:\MCC18\src\traditional\proc\p18F4553.asm
               OSCCONbits   0x000fd3       data     extern C:\MCC18\src\traditional\proc\p18F4553.asm
                  OSCTUNE   0x000f9b       data     extern C:\MCC18\src\traditional\proc\p18F4553.asm
              OSCTUNEbits   0x000f9b       data     extern C:\MCC18\src\traditional\proc\p18F4553.asm
                       PC   0x000ff9       data     extern C:\MCC18\src\traditional\proc\p18F4553.asm
                      PCL   0x000ff9       data     extern C:\MCC18\src\traditional\proc\p18F4553.asm
                   PCLATH   0x000ffa       data     extern C:\MCC18\src\traditional\proc\p18F4553.asm
                   PCLATU   0x000ffb       data     extern C:\MCC18\src\traditional\proc\p18F4553.asm
                     PIE1   0x000f9d       data     extern C:\MCC18\src\traditional\proc\p18F4553.asm
                 PIE1bits   0x000f9d       data     extern C:\MCC18\src\traditional\proc\p18F4553.asm
                     PIE2   0x000fa0       data     extern C:\MCC18\src\traditional\proc\p18F4553.asm
                 PIE2bits   0x000fa0       data     extern C:\MCC18\src\traditional\proc\p18F4553.asm
                     PIR1   0x000f9e       data     extern C:\MCC18\src\traditional\proc\p18F4553.asm
                 PIR1bits   0x000f9e       data     extern C:\MCC18\src\traditional\proc\p18F4553.asm
                     PIR2   0x000fa1       data     extern C:\MCC18\src\traditional\proc\p18F4553.asm
                 PIR2bits   0x000fa1       data     extern C:\MCC18\src\traditional\proc\p18F4553.asm
                   PLUSW0   0x000feb       data     extern C:\MCC18\src\traditional\proc\p18F4553.asm
                   PLUSW1   0x000fe3       data     extern C:\MCC18\src\traditional\proc\p18F4553.asm
                   PLUSW2   0x000fdb       data     extern C:\MCC18\src\traditional\proc\p18F4553.asm
                    PORTA   0x000f80       data     extern C:\MCC18\src\traditional\proc\p18F4553.asm
                PORTAbits   0x000f80       data     extern C:\MCC18\src\traditional\proc\p18F4553.asm
                    PORTB   0x000f81       data     extern C:\MCC18\src\traditional\proc\p18F4553.asm
                PORTBbits   0x000f81       data     extern C:\MCC18\src\traditional\proc\p18F4553.asm
                    PORTC   0x000f82       data     extern C:\MCC18\src\traditional\proc\p18F4553.asm
                PORTCbits   0x000f82       data     extern C:\MCC18\src\traditional\proc\p18F4553.asm
                    PORTD   0x000f83       data     extern C:\MCC18\src\traditional\proc\p18F4553.asm
                PORTDbits   0x000f83       data     extern C:\MCC18\src\traditional\proc\p18F4553.asm
                    PORTE   0x000f84       data     extern C:\MCC18\src\traditional\proc\p18F4553.asm
                PORTEbits   0x000f84       data     extern C:\MCC18\src\traditional\proc\p18F4553.asm
                 POSTDEC0   0x000fed       data     extern C:\MCC18\src\traditional\proc\p18F4553.asm
                 POSTDEC1   0x000fe5       data     extern C:\MCC18\src\traditional\proc\p18F4553.asm
                 POSTDEC2   0x000fdd       data     extern C:\MCC18\src\traditional\proc\p18F4553.asm
                 POSTINC0   0x000fee       data     extern C:\MCC18\src\traditional\proc\p18F4553.asm
                 POSTINC1   0x000fe6       data     extern C:\MCC18\src\traditional\proc\p18F4553.asm
                 POSTINC2   0x000fde       data     extern C:\MCC18\src\traditional\proc\p18F4553.asm
                      PR2   0x000fcb       data     extern C:\MCC18\src\traditional\proc\p18F4553.asm
                  PREINC0   0x000fec       data     extern C:\MCC18\src\traditional\proc\p18F4553.asm
                  PREINC1   0x000fe4       data     extern C:\MCC18\src\traditional\proc\p18F4553.asm
                  PREINC2   0x000fdc       data     extern C:\MCC18\src\traditional\proc\p18F4553.asm
                     PROD   0x000ff3       data     extern C:\MCC18\src\traditional\proc\p18F4553.asm
                    PRODH   0x000ff4       data     extern C:\MCC18\src\traditional\proc\p18F4553.asm
                    PRODL   0x000ff3       data     extern C:\MCC18\src\traditional\proc\p18F4553.asm
                     RCON   0x000fd0       data     extern C:\MCC18\src\traditional\proc\p18F4553.asm
                 RCONbits   0x000fd0       data     extern C:\MCC18\src\traditional\proc\p18F4553.asm
                    RCREG   0x000fae       data     extern C:\MCC18\src\traditional\proc\p18F4553.asm
                    RCSTA   0x000fab       data     extern C:\MCC18\src\traditional\proc\p18F4553.asm
                RCSTAbits   0x000fab       data     extern C:\MCC18\src\traditional\proc\p18F4553.asm
                     SIGN   0x000000       data     extern C:\MCC18\src\traditional\math\cmath18.asm
                    SPBRG   0x000faf       data     extern C:\MCC18\src\traditional\proc\p18F4553.asm
                   SPBRGH   0x000fb0       data     extern C:\MCC18\src\traditional\proc\p18F4553.asm
                   SPPCFG   0x000f63       data     extern C:\MCC18\src\traditional\proc\p18F4553.asm
               SPPCFGbits   0x000f63       data     extern C:\MCC18\src\traditional\proc\p18F4553.asm
                   SPPCON   0x000f65       data     extern C:\MCC18\src\traditional\proc\p18F4553.asm
               SPPCONbits   0x000f65       data     extern C:\MCC18\src\traditional\proc\p18F4553.asm
                  SPPDATA   0x000f62       data     extern C:\MCC18\src\traditional\proc\p18F4553.asm
                   SPPEPS   0x000f64       data     extern C:\MCC18\src\traditional\proc\p18F4553.asm
               SPPEPSbits   0x000f64       data     extern C:\MCC18\src\traditional\proc\p18F4553.asm
                   SSPADD   0x000fc8       data     extern C:\MCC18\src\traditional\proc\p18F4553.asm
                   SSPBUF   0x000fc9       data     extern C:\MCC18\src\traditional\proc\p18F4553.asm
                  SSPCON1   0x000fc6       data     extern C:\MCC18\src\traditional\proc\p18F4553.asm
              SSPCON1bits   0x000fc6       data     extern C:\MCC18\src\traditional\proc\p18F4553.asm
                  SSPCON2   0x000fc5       data     extern C:\MCC18\src\traditional\proc\p18F4553.asm
              SSPCON2bits   0x000fc5       data     extern C:\MCC18\src\traditional\proc\p18F4553.asm
                  SSPSTAT   0x000fc7       data     extern C:\MCC18\src\traditional\proc\p18F4553.asm
              SSPSTATbits   0x000fc7       data     extern C:\MCC18\src\traditional\proc\p18F4553.asm
                   STATUS   0x000fd8       data     extern C:\MCC18\src\traditional\proc\p18F4553.asm
               STATUSbits   0x000fd8       data     extern C:\MCC18\src\traditional\proc\p18F4553.asm
                   STKPTR   0x000ffc       data     extern C:\MCC18\src\traditional\proc\p18F4553.asm
               STKPTRbits   0x000ffc       data     extern C:\MCC18\src\traditional\proc\p18F4553.asm
                    T0CON   0x000fd5       data     extern C:\MCC18\src\traditional\proc\p18F4553.asm
                T0CONbits   0x000fd5       data     extern C:\MCC18\src\traditional\proc\p18F4553.asm
                    T1CON   0x000fcd       data     extern C:\MCC18\src\traditional\proc\p18F4553.asm
                T1CONbits   0x000fcd       data     extern C:\MCC18\src\traditional\proc\p18F4553.asm
                    T2CON   0x000fca       data     extern C:\MCC18\src\traditional\proc\p18F4553.asm
                T2CONbits   0x000fca       data     extern C:\MCC18\src\traditional\proc\p18F4553.asm
                    T3CON   0x000fb1       data     extern C:\MCC18\src\traditional\proc\p18F4553.asm
                T3CONbits   0x000fb1       data     extern C:\MCC18\src\traditional\proc\p18F4553.asm
                   TABLAT   0x000ff5       data     extern C:\MCC18\src\traditional\proc\p18F4553.asm
                   TBLPTR   0x000ff6       data     extern C:\MCC18\src\traditional\proc\p18F4553.asm
                  TBLPTRH   0x000ff7       data     extern C:\MCC18\src\traditional\proc\p18F4553.asm
                  TBLPTRL   0x000ff6       data     extern C:\MCC18\src\traditional\proc\p18F4553.asm
                  TBLPTRU   0x000ff8       data     extern C:\MCC18\src\traditional\proc\p18F4553.asm
                    TMR0H   0x000fd7       data     extern C:\MCC18\src\traditional\proc\p18F4553.asm
                    TMR0L   0x000fd6       data     extern C:\MCC18\src\traditional\proc\p18F4553.asm
                    TMR1H   0x000fcf       data     extern C:\MCC18\src\traditional\proc\p18F4553.asm
                    TMR1L   0x000fce       data     extern C:\MCC18\src\traditional\proc\p18F4553.asm
                     TMR2   0x000fcc       data     extern C:\MCC18\src\traditional\proc\p18F4553.asm
                    TMR3H   0x000fb3       data     extern C:\MCC18\src\traditional\proc\p18F4553.asm
                    TMR3L   0x000fb2       data     extern C:\MCC18\src\traditional\proc\p18F4553.asm
                      TOS   0x000ffd       data     extern C:\MCC18\src\traditional\proc\p18F4553.asm
                     TOSH   0x000ffe       data     extern C:\MCC18\src\traditional\proc\p18F4553.asm
                     TOSL   0x000ffd       data     extern C:\MCC18\src\traditional\proc\p18F4553.asm
                     TOSU   0x000fff       data     extern C:\MCC18\src\traditional\proc\p18F4553.asm
                    TRISA   0x000f92       data     extern C:\MCC18\src\traditional\proc\p18F4553.asm
                TRISAbits   0x000f92       data     extern C:\MCC18\src\traditional\proc\p18F4553.asm
                    TRISB   0x000f93       data     extern C:\MCC18\src\traditional\proc\p18F4553.asm
                TRISBbits   0x000f93       data     extern C:\MCC18\src\traditional\proc\p18F4553.asm
                    TRISC   0x000f94       data     extern C:\MCC18\src\traditional\proc\p18F4553.asm
                TRISCbits   0x000f94       data     extern C:\MCC18\src\traditional\proc\p18F4553.asm
                    TRISD   0x000f95       data     extern C:\MCC18\src\traditional\proc\p18F4553.asm
                TRISDbits   0x000f95       data     extern C:\MCC18\src\traditional\proc\p18F4553.asm
                    TRISE   0x000f96       data     extern C:\MCC18\src\traditional\proc\p18F4553.asm
                TRISEbits   0x000f96       data     extern C:\MCC18\src\traditional\proc\p18F4553.asm
                    TXREG   0x000fad       data     extern C:\MCC18\src\traditional\proc\p18F4553.asm
                    TXSTA   0x000fac       data     extern C:\MCC18\src\traditional\proc\p18F4553.asm
                TXSTAbits   0x000fac       data     extern C:\MCC18\src\traditional\proc\p18F4553.asm
                    UADDR   0x000f6e       data     extern C:\MCC18\src\traditional\proc\p18F4553.asm
                UADDRbits   0x000f6e       data     extern C:\MCC18\src\traditional\proc\p18F4553.asm
                     UCFG   0x000f6f       data     extern C:\MCC18\src\traditional\proc\p18F4553.asm
                 UCFGbits   0x000f6f       data     extern C:\MCC18\src\traditional\proc\p18F4553.asm
                     UCON   0x000f6d       data     extern C:\MCC18\src\traditional\proc\p18F4553.asm
                 UCONbits   0x000f6d       data     extern C:\MCC18\src\traditional\proc\p18F4553.asm
                     UEIE   0x000f6b       data     extern C:\MCC18\src\traditional\proc\p18F4553.asm
                 UEIEbits   0x000f6b       data     extern C:\MCC18\src\traditional\proc\p18F4553.asm
                     UEIR   0x000f6a       data     extern C:\MCC18\src\traditional\proc\p18F4553.asm
                 UEIRbits   0x000f6a       data     extern C:\MCC18\src\traditional\proc\p18F4553.asm
                     UEP0   0x000f70       data     extern C:\MCC18\src\traditional\proc\p18F4553.asm
                 UEP0bits   0x000f70       data     extern C:\MCC18\src\traditional\proc\p18F4553.asm
                     UEP1   0x000f71       data     extern C:\MCC18\src\traditional\proc\p18F4553.asm
                    UEP10   0x000f7a       data     extern C:\MCC18\src\traditional\proc\p18F4553.asm
                UEP10bits   0x000f7a       data     extern C:\MCC18\src\traditional\proc\p18F4553.asm
                    UEP11   0x000f7b       data     extern C:\MCC18\src\traditional\proc\p18F4553.asm
                UEP11bits   0x000f7b       data     extern C:\MCC18\src\traditional\proc\p18F4553.asm
                    UEP12   0x000f7c       data     extern C:\MCC18\src\traditional\proc\p18F4553.asm
                UEP12bits   0x000f7c       data     extern C:\MCC18\src\traditional\proc\p18F4553.asm
                    UEP13   0x000f7d       data     extern C:\MCC18\src\traditional\proc\p18F4553.asm
                UEP13bits   0x000f7d       data     extern C:\MCC18\src\traditional\proc\p18F4553.asm
                    UEP14   0x000f7e       data     extern C:\MCC18\src\traditional\proc\p18F4553.asm
                UEP14bits   0x000f7e       data     extern C:\MCC18\src\traditional\proc\p18F4553.asm
                    UEP15   0x000f7f       data     extern C:\MCC18\src\traditional\proc\p18F4553.asm
                UEP15bits   0x000f7f       data     extern C:\MCC18\src\traditional\proc\p18F4553.asm
                 UEP1bits   0x000f71       data     extern C:\MCC18\src\traditional\proc\p18F4553.asm
                     UEP2   0x000f72       data     extern C:\MCC18\src\traditional\proc\p18F4553.asm
                 UEP2bits   0x000f72       data     extern C:\MCC18\src\traditional\proc\p18F4553.asm
                     UEP3   0x000f73       data     extern C:\MCC18\src\traditional\proc\p18F4553.asm
                 UEP3bits   0x000f73       data     extern C:\MCC18\src\traditional\proc\p18F4553.asm
                     UEP4   0x000f74       data     extern C:\MCC18\src\traditional\proc\p18F4553.asm
                 UEP4bits   0x000f74       data     extern C:\MCC18\src\traditional\proc\p18F4553.asm
                     UEP5   0x000f75       data     extern C:\MCC18\src\traditional\proc\p18F4553.asm
                 UEP5bits   0x000f75       data     extern C:\MCC18\src\traditional\proc\p18F4553.asm
                     UEP6   0x000f76       data     extern C:\MCC18\src\traditional\proc\p18F4553.asm
                 UEP6bits   0x000f76       data     extern C:\MCC18\src\traditional\proc\p18F4553.asm
                     UEP7   0x000f77       data     extern C:\MCC18\src\traditional\proc\p18F4553.asm
                 UEP7bits   0x000f77       data     extern C:\MCC18\src\traditional\proc\p18F4553.asm
                     UEP8   0x000f78       data     extern C:\MCC18\src\traditional\proc\p18F4553.asm
                 UEP8bits   0x000f78       data     extern C:\MCC18\src\traditional\proc\p18F4553.asm
                     UEP9   0x000f79       data     extern C:\MCC18\src\traditional\proc\p18F4553.asm
                 UEP9bits   0x000f79       data     extern C:\MCC18\src\traditional\proc\p18F4553.asm
                     UFRM   0x000f66       data     extern C:\MCC18\src\traditional\proc\p18F4553.asm
                    UFRMH   0x000f67       data     extern C:\MCC18\src\traditional\proc\p18F4553.asm
                UFRMHbits   0x000f67       data     extern C:\MCC18\src\traditional\proc\p18F4553.asm
                    UFRML   0x000f66       data     extern C:\MCC18\src\traditional\proc\p18F4553.asm
                UFRMLbits   0x000f66       data     extern C:\MCC18\src\traditional\proc\p18F4553.asm
                      UIE   0x000f69       data     extern C:\MCC18\src\traditional\proc\p18F4553.asm
                  UIEbits   0x000f69       data     extern C:\MCC18\src\traditional\proc\p18F4553.asm
                      UIR   0x000f68       data     extern C:\MCC18\src\traditional\proc\p18F4553.asm
                  UIRbits   0x000f68       data     extern C:\MCC18\src\traditional\proc\p18F4553.asm
                    USTAT   0x000f6c       data     extern C:\MCC18\src\traditional\proc\p18F4553.asm
                USTATbits   0x000f6c       data     extern C:\MCC18\src\traditional\proc\p18F4553.asm
                   WDTCON   0x000fd1       data     extern C:\MCC18\src\traditional\proc\p18F4553.asm
               WDTCONbits   0x000fd1       data     extern C:\MCC18\src\traditional\proc\p18F4553.asm
                     WREG   0x000fe8       data     extern C:\MCC18\src\traditional\proc\p18F4553.asm
                __FPFLAGS   0x000001       data     extern C:\MCC18\src\traditional\math\cmath18.asm
            __FPFLAGSbits   0x000001       data     extern C:\MCC18\src\traditional\math\cmath18.asm
                curr_byte   0x000063       data     static C:\MCC18\src\traditional\startup\c018i.c
               curr_entry   0x000065       data     static C:\MCC18\src\traditional\startup\c018i.c
                 data_ptr   0x000067       data     static C:\MCC18\src\traditional\startup\c018i.c
                     prom   0x000060       data     static C:\MCC18\src\traditional\startup\c018i.c



                              Symbols - Sorted by Address
                     Name    Address   Location    Storage File                     
                ---------  ---------  ---------  --------- ---------                
                   _entry   0x000000    program     extern C:\MCC18\src\traditional\startup\c018i.c
       ___return_lbl00000   0x000004    program     static                          
                _do_cinit   0x000008    program     extern C:\MCC18\src\traditional\startup\c018i.c
                     test   0x000022    program     static                          
                copy_loop   0x00007a    program     static                          
            copy_one_byte   0x000080    program     static                          
             done_copying   0x00008e    program     static                          
                     done   0x0000a4    program     static                          
       ___return_lbl00002   0x0000a4    program     static                          
             Delay10KTCYx   0x0000a6    program     extern C:\MCC18\src\traditional\delays\d10ktcyx.asm
                    D10Kx   0x0000b0    program     static C:\MCC18\src\traditional\delays\d10ktcyx.asm
                   D10K_1   0x0000b2    program     static C:\MCC18\src\traditional\delays\d10ktcyx.asm
       _D10KTCYXCODE_0010   0x0000b6    program     static C:\MCC18\src\traditional\delays\d10ktcyx.asm
                    D10Kl   0x0000be    program     static C:\MCC18\src\traditional\delays\d10ktcyx.asm
       _D10KTCYXCODE_001C   0x0000c2    program     static C:\MCC18\src\traditional\delays\d10ktcyx.asm
            __zero_memory   0x0000d4    program     extern C:\MCC18\src\traditional\proc\p18F4553.asm
                   loop_h   0x0000e2    program     static C:\MCC18\src\traditional\proc\p18F4553.asm
               zero_block   0x0000e2    program     static C:\MCC18\src\traditional\proc\p18F4553.asm
                compare_l   0x0000ea    program     static C:\MCC18\src\traditional\proc\p18F4553.asm
                   loop_l   0x0000ec    program     static C:\MCC18\src\traditional\proc\p18F4553.asm
                 _startup   0x0000f4    program     extern C:\MCC18\src\traditional\startup\c018i.c
                     loop   0x000104    program     static                          
       ___return_lbl00001   0x00010e    program     static                          
                     main   0x000110    program     extern F:\usbpicprog\upp_wx\examples\blinking led pic18f4553\main.c
                   __init   0x000124    program     extern C:\MCC18\src\traditional\stdclib\__init.c
               __config_0   0x300001    program     static F:\usbpicprog\upp_wx\examples\blinking led pic18f4553\main.c
               __config_1   0x300003    program     static F:\usbpicprog\upp_wx\examples\blinking led pic18f4553\main.c
                     SIGN   0x000000       data     extern C:\MCC18\src\traditional\math\cmath18.asm
            __FPFLAGSbits   0x000001       data     extern C:\MCC18\src\traditional\math\cmath18.asm
                __FPFLAGS   0x000001       data     extern C:\MCC18\src\traditional\math\cmath18.asm
            DelayCounter2   0x000002       data     extern C:\MCC18\src\traditional\delays\delayd2.asm
            DelayCounter1   0x000003       data     extern C:\MCC18\src\traditional\delays\delayd1.asm
                     prom   0x000060       data     static C:\MCC18\src\traditional\startup\c018i.c
                curr_byte   0x000063       data     static C:\MCC18\src\traditional\startup\c018i.c
               curr_entry   0x000065       data     static C:\MCC18\src\traditional\startup\c018i.c
                 data_ptr   0x000067       data     static C:\MCC18\src\traditional\startup\c018i.c
                  SPPDATA   0x000f62       data     extern C:\MCC18\src\traditional\proc\p18F4553.asm
                   SPPCFG   0x000f63       data     extern C:\MCC18\src\traditional\proc\p18F4553.asm
               SPPCFGbits   0x000f63       data     extern C:\MCC18\src\traditional\proc\p18F4553.asm
               SPPEPSbits   0x000f64       data     extern C:\MCC18\src\traditional\proc\p18F4553.asm
                   SPPEPS   0x000f64       data     extern C:\MCC18\src\traditional\proc\p18F4553.asm
               SPPCONbits   0x000f65       data     extern C:\MCC18\src\traditional\proc\p18F4553.asm
                   SPPCON   0x000f65       data     extern C:\MCC18\src\traditional\proc\p18F4553.asm
                     UFRM   0x000f66       data     extern C:\MCC18\src\traditional\proc\p18F4553.asm
                    UFRML   0x000f66       data     extern C:\MCC18\src\traditional\proc\p18F4553.asm
                UFRMLbits   0x000f66       data     extern C:\MCC18\src\traditional\proc\p18F4553.asm
                UFRMHbits   0x000f67       data     extern C:\MCC18\src\traditional\proc\p18F4553.asm
                    UFRMH   0x000f67       data     extern C:\MCC18\src\traditional\proc\p18F4553.asm
                      UIR   0x000f68       data     extern C:\MCC18\src\traditional\proc\p18F4553.asm
                  UIRbits   0x000f68       data     extern C:\MCC18\src\traditional\proc\p18F4553.asm
                      UIE   0x000f69       data     extern C:\MCC18\src\traditional\proc\p18F4553.asm
                  UIEbits   0x000f69       data     extern C:\MCC18\src\traditional\proc\p18F4553.asm
                     UEIR   0x000f6a       data     extern C:\MCC18\src\traditional\proc\p18F4553.asm
                 UEIRbits   0x000f6a       data     extern C:\MCC18\src\traditional\proc\p18F4553.asm
                 UEIEbits   0x000f6b       data     extern C:\MCC18\src\traditional\proc\p18F4553.asm
                     UEIE   0x000f6b       data     extern C:\MCC18\src\traditional\proc\p18F4553.asm
                    USTAT   0x000f6c       data     extern C:\MCC18\src\traditional\proc\p18F4553.asm
                USTATbits   0x000f6c       data     extern C:\MCC18\src\traditional\proc\p18F4553.asm
                     UCON   0x000f6d       data     extern C:\MCC18\src\traditional\proc\p18F4553.asm
                 UCONbits   0x000f6d       data     extern C:\MCC18\src\traditional\proc\p18F4553.asm
                UADDRbits   0x000f6e       data     extern C:\MCC18\src\traditional\proc\p18F4553.asm
                    UADDR   0x000f6e       data     extern C:\MCC18\src\traditional\proc\p18F4553.asm
                     UCFG   0x000f6f       data     extern C:\MCC18\src\traditional\proc\p18F4553.asm
                 UCFGbits   0x000f6f       data     extern C:\MCC18\src\traditional\proc\p18F4553.asm
                 UEP0bits   0x000f70       data     extern C:\MCC18\src\traditional\proc\p18F4553.asm
                     UEP0   0x000f70       data     extern C:\MCC18\src\traditional\proc\p18F4553.asm
                     UEP1   0x000f71       data     extern C:\MCC18\src\traditional\proc\p18F4553.asm
                 UEP1bits   0x000f71       data     extern C:\MCC18\src\traditional\proc\p18F4553.asm
                 UEP2bits   0x000f72       data     extern C:\MCC18\src\traditional\proc\p18F4553.asm
                     UEP2   0x000f72       data     extern C:\MCC18\src\traditional\proc\p18F4553.asm
                     UEP3   0x000f73       data     extern C:\MCC18\src\traditional\proc\p18F4553.asm
                 UEP3bits   0x000f73       data     extern C:\MCC18\src\traditional\proc\p18F4553.asm
                     UEP4   0x000f74       data     extern C:\MCC18\src\traditional\proc\p18F4553.asm
                 UEP4bits   0x000f74       data     extern C:\MCC18\src\traditional\proc\p18F4553.asm
                 UEP5bits   0x000f75       data     extern C:\MCC18\src\traditional\proc\p18F4553.asm
                     UEP5   0x000f75       data     extern C:\MCC18\src\traditional\proc\p18F4553.asm
                     UEP6   0x000f76       data     extern C:\MCC18\src\traditional\proc\p18F4553.asm
                 UEP6bits   0x000f76       data     extern C:\MCC18\src\traditional\proc\p18F4553.asm
                     UEP7   0x000f77       data     extern C:\MCC18\src\traditional\proc\p18F4553.asm
                 UEP7bits   0x000f77       data     extern C:\MCC18\src\traditional\proc\p18F4553.asm
                     UEP8   0x000f78       data     extern C:\MCC18\src\traditional\proc\p18F4553.asm
                 UEP8bits   0x000f78       data     extern C:\MCC18\src\traditional\proc\p18F4553.asm
                     UEP9   0x000f79       data     extern C:\MCC18\src\traditional\proc\p18F4553.asm
                 UEP9bits   0x000f79       data     extern C:\MCC18\src\traditional\proc\p18F4553.asm
                    UEP10   0x000f7a       data     extern C:\MCC18\src\traditional\proc\p18F4553.asm
                UEP10bits   0x000f7a       data     extern C:\MCC18\src\traditional\proc\p18F4553.asm
                    UEP11   0x000f7b       data     extern C:\MCC18\src\traditional\proc\p18F4553.asm
                UEP11bits   0x000f7b       data     extern C:\MCC18\src\traditional\proc\p18F4553.asm
                    UEP12   0x000f7c       data     extern C:\MCC18\src\traditional\proc\p18F4553.asm
                UEP12bits   0x000f7c       data     extern C:\MCC18\src\traditional\proc\p18F4553.asm
                UEP13bits   0x000f7d       data     extern C:\MCC18\src\traditional\proc\p18F4553.asm
                    UEP13   0x000f7d       data     extern C:\MCC18\src\traditional\proc\p18F4553.asm
                    UEP14   0x000f7e       data     extern C:\MCC18\src\traditional\proc\p18F4553.asm
                UEP14bits   0x000f7e       data     extern C:\MCC18\src\traditional\proc\p18F4553.asm
                    UEP15   0x000f7f       data     extern C:\MCC18\src\traditional\proc\p18F4553.asm
                UEP15bits   0x000f7f       data     extern C:\MCC18\src\traditional\proc\p18F4553.asm
                PORTAbits   0x000f80       data     extern C:\MCC18\src\traditional\proc\p18F4553.asm
                    PORTA   0x000f80       data     extern C:\MCC18\src\traditional\proc\p18F4553.asm
                    PORTB   0x000f81       data     extern C:\MCC18\src\traditional\proc\p18F4553.asm
                PORTBbits   0x000f81       data     extern C:\MCC18\src\traditional\proc\p18F4553.asm
                    PORTC   0x000f82       data     extern C:\MCC18\src\traditional\proc\p18F4553.asm
                PORTCbits   0x000f82       data     extern C:\MCC18\src\traditional\proc\p18F4553.asm
                PORTDbits   0x000f83       data     extern C:\MCC18\src\traditional\proc\p18F4553.asm
                    PORTD   0x000f83       data     extern C:\MCC18\src\traditional\proc\p18F4553.asm
                PORTEbits   0x000f84       data     extern C:\MCC18\src\traditional\proc\p18F4553.asm
                    PORTE   0x000f84       data     extern C:\MCC18\src\traditional\proc\p18F4553.asm
                     LATA   0x000f89       data     extern C:\MCC18\src\traditional\proc\p18F4553.asm
                 LATAbits   0x000f89       data     extern C:\MCC18\src\traditional\proc\p18F4553.asm
                     LATB   0x000f8a       data     extern C:\MCC18\src\traditional\proc\p18F4553.asm
                 LATBbits   0x000f8a       data     extern C:\MCC18\src\traditional\proc\p18F4553.asm
                     LATC   0x000f8b       data     extern C:\MCC18\src\traditional\proc\p18F4553.asm
                 LATCbits   0x000f8b       data     extern C:\MCC18\src\traditional\proc\p18F4553.asm
                     LATD   0x000f8c       data     extern C:\MCC18\src\traditional\proc\p18F4553.asm
                 LATDbits   0x000f8c       data     extern C:\MCC18\src\traditional\proc\p18F4553.asm
                 LATEbits   0x000f8d       data     extern C:\MCC18\src\traditional\proc\p18F4553.asm
                     LATE   0x000f8d       data     extern C:\MCC18\src\traditional\proc\p18F4553.asm
                    TRISA   0x000f92       data     extern C:\MCC18\src\traditional\proc\p18F4553.asm
                TRISAbits   0x000f92       data     extern C:\MCC18\src\traditional\proc\p18F4553.asm
                 DDRAbits   0x000f92       data     extern C:\MCC18\src\traditional\proc\p18F4553.asm
                     DDRA   0x000f92       data     extern C:\MCC18\src\traditional\proc\p18F4553.asm
                TRISBbits   0x000f93       data     extern C:\MCC18\src\traditional\proc\p18F4553.asm
                    TRISB   0x000f93       data     extern C:\MCC18\src\traditional\proc\p18F4553.asm
                     DDRB   0x000f93       data     extern C:\MCC18\src\traditional\proc\p18F4553.asm
                 DDRBbits   0x000f93       data     extern C:\MCC18\src\traditional\proc\p18F4553.asm
                TRISCbits   0x000f94       data     extern C:\MCC18\src\traditional\proc\p18F4553.asm
                    TRISC   0x000f94       data     extern C:\MCC18\src\traditional\proc\p18F4553.asm
                     DDRC   0x000f94       data     extern C:\MCC18\src\traditional\proc\p18F4553.asm
                 DDRCbits   0x000f94       data     extern C:\MCC18\src\traditional\proc\p18F4553.asm
                    TRISD   0x000f95       data     extern C:\MCC18\src\traditional\proc\p18F4553.asm
                TRISDbits   0x000f95       data     extern C:\MCC18\src\traditional\proc\p18F4553.asm
                     DDRD   0x000f95       data     extern C:\MCC18\src\traditional\proc\p18F4553.asm
                 DDRDbits   0x000f95       data     extern C:\MCC18\src\traditional\proc\p18F4553.asm
                     DDRE   0x000f96       data     extern C:\MCC18\src\traditional\proc\p18F4553.asm
                 DDREbits   0x000f96       data     extern C:\MCC18\src\traditional\proc\p18F4553.asm
                    TRISE   0x000f96       data     extern C:\MCC18\src\traditional\proc\p18F4553.asm
                TRISEbits   0x000f96       data     extern C:\MCC18\src\traditional\proc\p18F4553.asm
                  OSCTUNE   0x000f9b       data     extern C:\MCC18\src\traditional\proc\p18F4553.asm
              OSCTUNEbits   0x000f9b       data     extern C:\MCC18\src\traditional\proc\p18F4553.asm
                     PIE1   0x000f9d       data     extern C:\MCC18\src\traditional\proc\p18F4553.asm
                 PIE1bits   0x000f9d       data     extern C:\MCC18\src\traditional\proc\p18F4553.asm
                 PIR1bits   0x000f9e       data     extern C:\MCC18\src\traditional\proc\p18F4553.asm
                     PIR1   0x000f9e       data     extern C:\MCC18\src\traditional\proc\p18F4553.asm
                 IPR1bits   0x000f9f       data     extern C:\MCC18\src\traditional\proc\p18F4553.asm
                     IPR1   0x000f9f       data     extern C:\MCC18\src\traditional\proc\p18F4553.asm
                 PIE2bits   0x000fa0       data     extern C:\MCC18\src\traditional\proc\p18F4553.asm
                     PIE2   0x000fa0       data     extern C:\MCC18\src\traditional\proc\p18F4553.asm
                 PIR2bits   0x000fa1       data     extern C:\MCC18\src\traditional\proc\p18F4553.asm
                     PIR2   0x000fa1       data     extern C:\MCC18\src\traditional\proc\p18F4553.asm
                 IPR2bits   0x000fa2       data     extern C:\MCC18\src\traditional\proc\p18F4553.asm
                     IPR2   0x000fa2       data     extern C:\MCC18\src\traditional\proc\p18F4553.asm
               EECON1bits   0x000fa6       data     extern C:\MCC18\src\traditional\proc\p18F4553.asm
                   EECON1   0x000fa6       data     extern C:\MCC18\src\traditional\proc\p18F4553.asm
                   EECON2   0x000fa7       data     extern C:\MCC18\src\traditional\proc\p18F4553.asm
                   EEDATA   0x000fa8       data     extern C:\MCC18\src\traditional\proc\p18F4553.asm
                    EEADR   0x000fa9       data     extern C:\MCC18\src\traditional\proc\p18F4553.asm
                    RCSTA   0x000fab       data     extern C:\MCC18\src\traditional\proc\p18F4553.asm
                RCSTAbits   0x000fab       data     extern C:\MCC18\src\traditional\proc\p18F4553.asm
                TXSTAbits   0x000fac       data     extern C:\MCC18\src\traditional\proc\p18F4553.asm
                    TXSTA   0x000fac       data     extern C:\MCC18\src\traditional\proc\p18F4553.asm
                    TXREG   0x000fad       data     extern C:\MCC18\src\traditional\proc\p18F4553.asm
                    RCREG   0x000fae       data     extern C:\MCC18\src\traditional\proc\p18F4553.asm
                    SPBRG   0x000faf       data     extern C:\MCC18\src\traditional\proc\p18F4553.asm
                   SPBRGH   0x000fb0       data     extern C:\MCC18\src\traditional\proc\p18F4553.asm
                    T3CON   0x000fb1       data     extern C:\MCC18\src\traditional\proc\p18F4553.asm
                T3CONbits   0x000fb1       data     extern C:\MCC18\src\traditional\proc\p18F4553.asm
                    TMR3L   0x000fb2       data     extern C:\MCC18\src\traditional\proc\p18F4553.asm
                    TMR3H   0x000fb3       data     extern C:\MCC18\src\traditional\proc\p18F4553.asm
                CMCONbits   0x000fb4       data     extern C:\MCC18\src\traditional\proc\p18F4553.asm
                    CMCON   0x000fb4       data     extern C:\MCC18\src\traditional\proc\p18F4553.asm
               CVRCONbits   0x000fb5       data     extern C:\MCC18\src\traditional\proc\p18F4553.asm
                   CVRCON   0x000fb5       data     extern C:\MCC18\src\traditional\proc\p18F4553.asm
              ECCP1ASbits   0x000fb6       data     extern C:\MCC18\src\traditional\proc\p18F4553.asm
               CCP1ASbits   0x000fb6       data     extern C:\MCC18\src\traditional\proc\p18F4553.asm
                   CCP1AS   0x000fb6       data     extern C:\MCC18\src\traditional\proc\p18F4553.asm
                  ECCP1AS   0x000fb6       data     extern C:\MCC18\src\traditional\proc\p18F4553.asm
             ECCP1DELbits   0x000fb7       data     extern C:\MCC18\src\traditional\proc\p18F4553.asm
              CCP1DELbits   0x000fb7       data     extern C:\MCC18\src\traditional\proc\p18F4553.asm
                  CCP1DEL   0x000fb7       data     extern C:\MCC18\src\traditional\proc\p18F4553.asm
                 ECCP1DEL   0x000fb7       data     extern C:\MCC18\src\traditional\proc\p18F4553.asm
              BAUDCONbits   0x000fb8       data     extern C:\MCC18\src\traditional\proc\p18F4553.asm
                  BAUDCON   0x000fb8       data     extern C:\MCC18\src\traditional\proc\p18F4553.asm
              CCP2CONbits   0x000fba       data     extern C:\MCC18\src\traditional\proc\p18F4553.asm
                  CCP2CON   0x000fba       data     extern C:\MCC18\src\traditional\proc\p18F4553.asm
                    CCPR2   0x000fbb       data     extern C:\MCC18\src\traditional\proc\p18F4553.asm
                   CCPR2L   0x000fbb       data     extern C:\MCC18\src\traditional\proc\p18F4553.asm
                   CCPR2H   0x000fbc       data     extern C:\MCC18\src\traditional\proc\p18F4553.asm
                  CCP1CON   0x000fbd       data     extern C:\MCC18\src\traditional\proc\p18F4553.asm
                 ECCP1CON   0x000fbd       data     extern C:\MCC18\src\traditional\proc\p18F4553.asm
             ECCP1CONbits   0x000fbd       data     extern C:\MCC18\src\traditional\proc\p18F4553.asm
              CCP1CONbits   0x000fbd       data     extern C:\MCC18\src\traditional\proc\p18F4553.asm
                    CCPR1   0x000fbe       data     extern C:\MCC18\src\traditional\proc\p18F4553.asm
                   CCPR1L   0x000fbe       data     extern C:\MCC18\src\traditional\proc\p18F4553.asm
                   CCPR1H   0x000fbf       data     extern C:\MCC18\src\traditional\proc\p18F4553.asm
                   ADCON2   0x000fc0       data     extern C:\MCC18\src\traditional\proc\p18F4553.asm
               ADCON2bits   0x000fc0       data     extern C:\MCC18\src\traditional\proc\p18F4553.asm
                   ADCON1   0x000fc1       data     extern C:\MCC18\src\traditional\proc\p18F4553.asm
               ADCON1bits   0x000fc1       data     extern C:\MCC18\src\traditional\proc\p18F4553.asm
                   ADCON0   0x000fc2       data     extern C:\MCC18\src\traditional\proc\p18F4553.asm
               ADCON0bits   0x000fc2       data     extern C:\MCC18\src\traditional\proc\p18F4553.asm
                    ADRES   0x000fc3       data     extern C:\MCC18\src\traditional\proc\p18F4553.asm
                   ADRESL   0x000fc3       data     extern C:\MCC18\src\traditional\proc\p18F4553.asm
                   ADRESH   0x000fc4       data     extern C:\MCC18\src\traditional\proc\p18F4553.asm
                  SSPCON2   0x000fc5       data     extern C:\MCC18\src\traditional\proc\p18F4553.asm
              SSPCON2bits   0x000fc5       data     extern C:\MCC18\src\traditional\proc\p18F4553.asm
                  SSPCON1   0x000fc6       data     extern C:\MCC18\src\traditional\proc\p18F4553.asm
              SSPCON1bits   0x000fc6       data     extern C:\MCC18\src\traditional\proc\p18F4553.asm
                  SSPSTAT   0x000fc7       data     extern C:\MCC18\src\traditional\proc\p18F4553.asm
              SSPSTATbits   0x000fc7       data     extern C:\MCC18\src\traditional\proc\p18F4553.asm
                   SSPADD   0x000fc8       data     extern C:\MCC18\src\traditional\proc\p18F4553.asm
                   SSPBUF   0x000fc9       data     extern C:\MCC18\src\traditional\proc\p18F4553.asm
                T2CONbits   0x000fca       data     extern C:\MCC18\src\traditional\proc\p18F4553.asm
                    T2CON   0x000fca       data     extern C:\MCC18\src\traditional\proc\p18F4553.asm
                      PR2   0x000fcb       data     extern C:\MCC18\src\traditional\proc\p18F4553.asm
                     TMR2   0x000fcc       data     extern C:\MCC18\src\traditional\proc\p18F4553.asm
                    T1CON   0x000fcd       data     extern C:\MCC18\src\traditional\proc\p18F4553.asm
                T1CONbits   0x000fcd       data     extern C:\MCC18\src\traditional\proc\p18F4553.asm
                    TMR1L   0x000fce       data     extern C:\MCC18\src\traditional\proc\p18F4553.asm
                    TMR1H   0x000fcf       data     extern C:\MCC18\src\traditional\proc\p18F4553.asm
                     RCON   0x000fd0       data     extern C:\MCC18\src\traditional\proc\p18F4553.asm
                 RCONbits   0x000fd0       data     extern C:\MCC18\src\traditional\proc\p18F4553.asm
                   WDTCON   0x000fd1       data     extern C:\MCC18\src\traditional\proc\p18F4553.asm
               WDTCONbits   0x000fd1       data     extern C:\MCC18\src\traditional\proc\p18F4553.asm
                  HLVDCON   0x000fd2       data     extern C:\MCC18\src\traditional\proc\p18F4553.asm
              HLVDCONbits   0x000fd2       data     extern C:\MCC18\src\traditional\proc\p18F4553.asm
               LVDCONbits   0x000fd2       data     extern C:\MCC18\src\traditional\proc\p18F4553.asm
                   LVDCON   0x000fd2       data     extern C:\MCC18\src\traditional\proc\p18F4553.asm
                   OSCCON   0x000fd3       data     extern C:\MCC18\src\traditional\proc\p18F4553.asm
               OSCCONbits   0x000fd3       data     extern C:\MCC18\src\traditional\proc\p18F4553.asm
                    T0CON   0x000fd5       data     extern C:\MCC18\src\traditional\proc\p18F4553.asm
                T0CONbits   0x000fd5       data     extern C:\MCC18\src\traditional\proc\p18F4553.asm
                    TMR0L   0x000fd6       data     extern C:\MCC18\src\traditional\proc\p18F4553.asm
                    TMR0H   0x000fd7       data     extern C:\MCC18\src\traditional\proc\p18F4553.asm
                   STATUS   0x000fd8       data     extern C:\MCC18\src\traditional\proc\p18F4553.asm
               STATUSbits   0x000fd8       data     extern C:\MCC18\src\traditional\proc\p18F4553.asm
                    FSR2L   0x000fd9       data     extern C:\MCC18\src\traditional\proc\p18F4553.asm
                     FSR2   0x000fd9       data     extern C:\MCC18\src\traditional\proc\p18F4553.asm
                    FSR2H   0x000fda       data     extern C:\MCC18\src\traditional\proc\p18F4553.asm
                   PLUSW2   0x000fdb       data     extern C:\MCC18\src\traditional\proc\p18F4553.asm
                  PREINC2   0x000fdc       data     extern C:\MCC18\src\traditional\proc\p18F4553.asm
                 POSTDEC2   0x000fdd       data     extern C:\MCC18\src\traditional\proc\p18F4553.asm
                 POSTINC2   0x000fde       data     extern C:\MCC18\src\traditional\proc\p18F4553.asm
                    INDF2   0x000fdf       data     extern C:\MCC18\src\traditional\proc\p18F4553.asm
                      BSR   0x000fe0       data     extern C:\MCC18\src\traditional\proc\p18F4553.asm
                     FSR1   0x000fe1       data     extern C:\MCC18\src\traditional\proc\p18F4553.asm
                    FSR1L   0x000fe1       data     extern C:\MCC18\src\traditional\proc\p18F4553.asm
                    FSR1H   0x000fe2       data     extern C:\MCC18\src\traditional\proc\p18F4553.asm
                   PLUSW1   0x000fe3       data     extern C:\MCC18\src\traditional\proc\p18F4553.asm
                  PREINC1   0x000fe4       data     extern C:\MCC18\src\traditional\proc\p18F4553.asm
                 POSTDEC1   0x000fe5       data     extern C:\MCC18\src\traditional\proc\p18F4553.asm
                 POSTINC1   0x000fe6       data     extern C:\MCC18\src\traditional\proc\p18F4553.asm
                    INDF1   0x000fe7       data     extern C:\MCC18\src\traditional\proc\p18F4553.asm
                     WREG   0x000fe8       data     extern C:\MCC18\src\traditional\proc\p18F4553.asm
                    FSR0L   0x000fe9       data     extern C:\MCC18\src\traditional\proc\p18F4553.asm
                     FSR0   0x000fe9       data     extern C:\MCC18\src\traditional\proc\p18F4553.asm
                    FSR0H   0x000fea       data     extern C:\MCC18\src\traditional\proc\p18F4553.asm
                   PLUSW0   0x000feb       data     extern C:\MCC18\src\traditional\proc\p18F4553.asm
                  PREINC0   0x000fec       data     extern C:\MCC18\src\traditional\proc\p18F4553.asm
                 POSTDEC0   0x000fed       data     extern C:\MCC18\src\traditional\proc\p18F4553.asm
                 POSTINC0   0x000fee       data     extern C:\MCC18\src\traditional\proc\p18F4553.asm
                    INDF0   0x000fef       data     extern C:\MCC18\src\traditional\proc\p18F4553.asm
                  INTCON3   0x000ff0       data     extern C:\MCC18\src\traditional\proc\p18F4553.asm
              INTCON3bits   0x000ff0       data     extern C:\MCC18\src\traditional\proc\p18F4553.asm
              INTCON2bits   0x000ff1       data     extern C:\MCC18\src\traditional\proc\p18F4553.asm
                  INTCON2   0x000ff1       data     extern C:\MCC18\src\traditional\proc\p18F4553.asm
                   INTCON   0x000ff2       data     extern C:\MCC18\src\traditional\proc\p18F4553.asm
               INTCONbits   0x000ff2       data     extern C:\MCC18\src\traditional\proc\p18F4553.asm
                    PRODL   0x000ff3       data     extern C:\MCC18\src\traditional\proc\p18F4553.asm
                     PROD   0x000ff3       data     extern C:\MCC18\src\traditional\proc\p18F4553.asm
                    PRODH   0x000ff4       data     extern C:\MCC18\src\traditional\proc\p18F4553.asm
                   TABLAT   0x000ff5       data     extern C:\MCC18\src\traditional\proc\p18F4553.asm
                   TBLPTR   0x000ff6       data     extern C:\MCC18\src\traditional\proc\p18F4553.asm
                  TBLPTRL   0x000ff6       data     extern C:\MCC18\src\traditional\proc\p18F4553.asm
                  TBLPTRH   0x000ff7       data     extern C:\MCC18\src\traditional\proc\p18F4553.asm
                  TBLPTRU   0x000ff8       data     extern C:\MCC18\src\traditional\proc\p18F4553.asm
                      PCL   0x000ff9       data     extern C:\MCC18\src\traditional\proc\p18F4553.asm
                       PC   0x000ff9       data     extern C:\MCC18\src\traditional\proc\p18F4553.asm
                   PCLATH   0x000ffa       data     extern C:\MCC18\src\traditional\proc\p18F4553.asm
                   PCLATU   0x000ffb       data     extern C:\MCC18\src\traditional\proc\p18F4553.asm
                   STKPTR   0x000ffc       data     extern C:\MCC18\src\traditional\proc\p18F4553.asm
               STKPTRbits   0x000ffc       data     extern C:\MCC18\src\traditional\proc\p18F4553.asm
                     TOSL   0x000ffd       data     extern C:\MCC18\src\traditional\proc\p18F4553.asm
                      TOS   0x000ffd       data     extern C:\MCC18\src\traditional\proc\p18F4553.asm
                     TOSH   0x000ffe       data     extern C:\MCC18\src\traditional\proc\p18F4553.asm
                     TOSU   0x000fff       data     extern C:\MCC18\src\traditional\proc\p18F4553.asm


