gpasm-0.13.4 beta               upp.asm     6-22-2007  15:01:08          PAGE  1


LOC  OBJECT CODE     LINE SOURCE TEXT
  VALUE
 
               00001 ;--------------------------------------------------------
               00002 ; File Created by SDCC : free open source ANSI-C Compiler
               00003 ; Version 2.7.2 #4854 (Jun 17 2007)
               00004 ; This file generated Fri Jun 22 15:01:08 2007
               00005 ;--------------------------------------------------------
               00006 ; PIC16 port for the Microchip 16-bit core micros
               00007 ;--------------------------------------------------------
               00008         list    p=18f4550
               00009 
               00010         radix dec
               00011 
               00012 ;--------------------------------------------------------
               00013 ; public variables in this module
               00014 ;--------------------------------------------------------
               00015         global _serial_in
               00016         global _serial_out
               00017         global _serial_init
               00018 ;--------------------------------------------------------
               00019 ;       Equates to used internal registers
               00020 ;--------------------------------------------------------
  00000FE1     00021 FSR1L   equ     0xfe1
  00000FD9     00022 FSR2L   equ     0xfd9
  00000FE5     00023 POSTDEC1        equ     0xfe5
  00000FE4     00024 PREINC1 equ     0xfe4
               00025 
               00026 ;--------------------------------------------------------
               00027 ; global & static initialisations
               00028 ;--------------------------------------------------------
               00029 ; I code from now on!
               00030 ; ; Starting pCode block
               00031 S_upp__serial_init      code
0000           00032 _serial_init:
               00033 ;       .line   16; upp.c       }
0000 0012      00034         RETURN  
               00035 
               00036 ; ; Starting pCode block
               00037 S_upp__serial_out       code
0000           00038 _serial_out:
               00039 ;       .line   11; upp.c       }
0000 0012      00040         RETURN  
               00041 
               00042 ; ; Starting pCode block
               00043 S_upp__serial_in        code
0000           00044 _serial_in:
               00045 ;       .line   6; upp.c        }
0000 0012      00046         RETURN  
               00047 
               00048 
               00049 
               00050 ; Statistics:
               00051 ; code size:        6 (0x0006) bytes ( 0.00%)
               00052 ;                   3 (0x0003) words
               00053 ; udata size:       0 (0x0000) bytes ( 0.00%)
               00054 ; access size:      0 (0x0000) bytes
gpasm-0.13.4 beta               upp.asm     6-22-2007  15:01:08          PAGE  2


LOC  OBJECT CODE     LINE SOURCE TEXT
  VALUE
 
               00055 
               00056 
gpasm-0.13.4 beta               upp.asm     6-22-2007  15:01:08          PAGE  3


SYMBOL TABLE
  LABEL                             VALUE 

FSR1L                             00000FE1
FSR2L                             00000FD9
POSTDEC1                          00000FE5
PREINC1                           00000FE4
__18F4550                         00000001
_serial_in                        00000000
_serial_init                      00000000
_serial_out                       00000000


Errors   :       0
Warnings :       0 reported,       0 suppressed
Messages :       0 reported,       0 suppressed

