MPLINK 4.03, Linker
Linker Map File - Created Tue Sep 18 16:15:52 2007

                                 Section Info
                  Section       Type    Address   Location Size(Bytes)
                ---------  ---------  ---------  ---------  ---------
               _entry_scn       code   0x000000    program   0x000006
              high_vector       code   0x000008    program   0x000006
               low_vector       code   0x000018    program   0x000006
  _RESET_INTERRUPT_VECTOR       code   0x000800    program   0x000006
   _HIGH_INTERRUPT_VECTOR       code   0x000808    program   0x000002
    _LOW_INTERRUPT_VECTOR       code   0x000818    program   0x000002
                   .cinit    romdata   0x00082a    program   0x00000e
             .code_usb9.o       code   0x000838    program   0x000278
              .code_upp.o       code   0x000ab0    program   0x00026a
       .code_usbctrltrf.o       code   0x000d1a    program   0x000258
           .code_usbdrv.o       code   0x000f72    program   0x00016e
           .code_usbgen.o       code   0x0010e0    program   0x00010c
        .romdata_usbdsc.o    romdata   0x0011ec    program   0x0000b8
               _cinit_scn       code   0x0012a4    program   0x00009e
             .code_main.o       code   0x001342    program   0x000060
                   STRING       code   0x0013a2    program   0x00004e
           .romdata_upp.o    romdata   0x0013f0    program   0x000035
    .idata_usbctrltrf.o_i    romdata   0x001425    program   0x000000
          .romdata_usb9.o    romdata   0x001425    program   0x000000
          .idata_usb9.o_i    romdata   0x001425    program   0x000000
    .romdata_usbctrltrf.o    romdata   0x001425    program   0x000000
        .idata_usbdrv.o_i    romdata   0x001425    program   0x000000
        .romdata_usbgen.o    romdata   0x001425    program   0x000000
        .idata_usbgen.o_i    romdata   0x001425    program   0x000000
       .romdata_usbmmap.o    romdata   0x001425    program   0x000000
       .idata_usbmmap.o_i    romdata   0x001425    program   0x000000
        .romdata_usbdrv.o    romdata   0x001425    program   0x000000
             .stringtable    romdata   0x001425    program   0x000000
         .idata_c018i.o_i    romdata   0x001425    program   0x000000
     .romdata_interrupt.o    romdata   0x001425    program   0x000000
         .romdata_c018i.o    romdata   0x001425    program   0x000000
     .idata_interrupt.o_i    romdata   0x001425    program   0x000000
        .idata_usbdsc.o_i    romdata   0x001425    program   0x000000
          .idata_main.o_i    romdata   0x001425    program   0x000000
          .romdata_main.o    romdata   0x001425    program   0x000000
            .code_c018i.o       code   0x001426    program   0x000000
           .code_usbdsc.o       code   0x001426    program   0x000000
          .code_usbmmap.o       code   0x001426    program   0x000000
        .code_interrupt.o       code   0x001426    program   0x00002a
             _startup_scn       code   0x001450    program   0x000018
           .idata_upp.o_i    romdata   0x001468    program   0x000005
    .config_300000_main.o    romdata   0x300000    program   0x000001
    .config_300001_main.o    romdata   0x300001    program   0x000001
    .config_300002_main.o    romdata   0x300002    program   0x000001
    .config_300003_main.o    romdata   0x300003    program   0x000001
    .config_300005_main.o    romdata   0x300005    program   0x000001
    .config_300006_main.o    romdata   0x300006    program   0x000001
    .config_300009_main.o    romdata   0x300009    program   0x000001
    .config_30000b_main.o    romdata   0x30000b    program   0x000001
                 .tmpdata      udata   0x000000       data   0x000004
                MATH_DATA      udata   0x000004       data   0x000002
             .udata_upp.o      udata   0x000060       data   0x000082
           .udata_c018i.o      udata   0x0000e2       data   0x00000a
      .udata_usbctrltrf.o      udata   0x0000ec       data   0x000008
             .idata_upp.o      idata   0x0000f4       data   0x000005
         .udata_usbmmap.o      udata   0x0000f9       data   0x000004
          .udata_usbdrv.o      udata   0x0000fd       data   0x000002
          .udata_usbgen.o      udata   0x0000ff       data   0x000001
       .idata_interrupt.o      idata   0x000100       data   0x000000
         .idata_usbmmap.o      idata   0x000100       data   0x000000
       .udata_interrupt.o      udata   0x000100       data   0x000000
          .idata_usbgen.o      idata   0x000100       data   0x000000
            .udata_usb9.o      udata   0x000100       data   0x000000
            .idata_usb9.o      idata   0x000100       data   0x000000
          .idata_usbdsc.o      idata   0x000100       data   0x000000
      .idata_usbctrltrf.o      idata   0x000100       data   0x000000
          .udata_usbdsc.o      udata   0x000100       data   0x000000
          .idata_usbdrv.o      idata   0x000100       data   0x000000
            .idata_main.o      idata   0x000100       data   0x000000
            .udata_main.o      udata   0x000100       data   0x000000
           .idata_c018i.o      idata   0x000100       data   0x000000
                   .stack      udata   0x000300       data   0x000100
                  usbram4      udata   0x000400       data   0x0000a8
            SFR_UNBANKED0      udata   0x000f66       data   0x00009a



                              Program Memory Usage 
                               Start         End      
                           ---------   ---------      
                            0x000000    0x000005      
                            0x000008    0x00000d      
                            0x000018    0x00001d      
                            0x000800    0x000805      
                            0x000808    0x000809      
                            0x000818    0x000819      
                            0x00082a    0x001424      
                            0x001426    0x00146c      
                            0x300000    0x300003      
                            0x300005    0x300006      
                            0x300009    0x300009      
                            0x30000b    0x30000b      
            3174 out of 33048 program addresses used, program memory utilization is 9%



                              Symbols - Sorted by Name
                     Name    Address   Location    Storage File                     
                ---------  ---------  ---------  --------- ---------                
           BlinkUSBStatus   0x000c16    program     extern Z:\home\frans\usbpicprog\uc_code\upp\upp.c
               ClearArray   0x0010b6    program     extern Z:\home\frans\usbpicprog\uc_code\system\usb\usbdrv\usbdrv.c
         InitializeSystem   0x00137c    program     static Z:\home\frans\usbpicprog\uc_code\main.c
                ProcessIO   0x000b42    program     extern Z:\home\frans\usbpicprog\uc_code\upp\upp.c
         Switch2IsPressed   0x000cb2    program     extern Z:\home\frans\usbpicprog\uc_code\upp\upp.c
        USBCheckBusStatus   0x000f72    program     extern Z:\home\frans\usbpicprog\uc_code\system\usb\usbdrv\usbdrv.c
       USBCheckStdRequest   0x000838    program     extern Z:\home\frans\usbpicprog\uc_code\system\usb\usb9\usb9.c
         USBCtrlEPService   0x000d1a    program     extern Z:\home\frans\usbpicprog\uc_code\system\usb\usbctrltrf\usbctrltrf.c
 USBCtrlEPServiceComplete   0x000e9c    program     extern Z:\home\frans\usbpicprog\uc_code\system\usb\usbctrltrf\usbctrltrf.c
      USBCtrlTrfInHandler   0x000d8c    program     extern Z:\home\frans\usbpicprog\uc_code\system\usb\usbctrltrf\usbctrltrf.c
     USBCtrlTrfOutHandler   0x000d6e    program     extern Z:\home\frans\usbpicprog\uc_code\system\usb\usbctrltrf\usbctrltrf.c
      USBCtrlTrfRxService   0x000e48    program     extern Z:\home\frans\usbpicprog\uc_code\system\usb\usbctrltrf\usbctrltrf.c
   USBCtrlTrfSetupHandler   0x000d50    program     extern Z:\home\frans\usbpicprog\uc_code\system\usb\usbctrltrf\usbctrltrf.c
      USBCtrlTrfTxService   0x000dc2    program     extern Z:\home\frans\usbpicprog\uc_code\system\usb\usbctrltrf\usbctrltrf.c
         USBDriverService   0x000faa    program     extern Z:\home\frans\usbpicprog\uc_code\system\usb\usbdrv\usbdrv.c
          USBErrorHandler   0x00106e    program     extern Z:\home\frans\usbpicprog\uc_code\system\usb\usbdrv\usbdrv.c
             USBGenInitEP   0x0010e0    program     extern Z:\home\frans\usbpicprog\uc_code\system\usb\class\generic\usbgen.c
               USBGenRead   0x00116a    program     extern Z:\home\frans\usbpicprog\uc_code\system\usb\class\generic\usbgen.c
              USBGenWrite   0x00110a    program     extern Z:\home\frans\usbpicprog\uc_code\system\usb\class\generic\usbgen.c
         USBModuleDisable   0x000f9c    program     extern Z:\home\frans\usbpicprog\uc_code\system\usb\usbdrv\usbdrv.c
          USBModuleEnable   0x000f8e    program     extern Z:\home\frans\usbpicprog\uc_code\system\usb\usbdrv\usbdrv.c
USBPrepareForNextSetupTrf   0x000f0e    program     extern Z:\home\frans\usbpicprog\uc_code\system\usb\usbctrltrf\usbctrltrf.c
  USBProtocolResetHandler   0x001072    program     extern Z:\home\frans\usbpicprog\uc_code\system\usb\usbdrv\usbdrv.c
          USBRemoteWakeup   0x001038    program     extern Z:\home\frans\usbpicprog\uc_code\system\usb\usbdrv\usbdrv.c
            USBSoftDetach   0x000fa6    program     extern Z:\home\frans\usbpicprog\uc_code\system\usb\usbdrv\usbdrv.c
          USBStallHandler   0x001060    program     extern Z:\home\frans\usbpicprog\uc_code\system\usb\usbdrv\usbdrv.c
  USBStdFeatureReqHandler   0x0009da    program     extern Z:\home\frans\usbpicprog\uc_code\system\usb\usb9\usb9.c
      USBStdGetDscHandler   0x0008d6    program     extern Z:\home\frans\usbpicprog\uc_code\system\usb\usb9\usb9.c
   USBStdGetStatusHandler   0x00097a    program     extern Z:\home\frans\usbpicprog\uc_code\system\usb\usb9\usb9.c
      USBStdSetCfgHandler   0x000944    program     extern Z:\home\frans\usbpicprog\uc_code\system\usb\usb9\usb9.c
               USBSuspend   0x001028    program     extern Z:\home\frans\usbpicprog\uc_code\system\usb\usbdrv\usbdrv.c
                 USBTasks   0x001394    program     extern Z:\home\frans\usbpicprog\uc_code\main.c
       USBWakeFromSuspend   0x001030    program     extern Z:\home\frans\usbpicprog\uc_code\system\usb\usbdrv\usbdrv.c
               USB_CD_Ptr   0x00129a    program     extern Z:\home\frans\usbpicprog\uc_code\autofiles\usbdsc.c
               USB_SD_Ptr   0x00129e    program     extern Z:\home\frans\usbpicprog\uc_code\autofiles\usbdsc.c
          USB_SOF_Handler   0x00105c    program     extern Z:\home\frans\usbpicprog\uc_code\system\usb\usbdrv\usbdrv.c
                 UserInit   0x000ab0    program     extern Z:\home\frans\usbpicprog\uc_code\upp\upp.c
              VoltagePump   0x000b26    program     extern Z:\home\frans\usbpicprog\uc_code\upp\upp.c
       ___return_lbl00000   0x00000c    program     static                          
       ___return_lbl00000   0x000804    program     static                          
       ___return_lbl00000   0x000004    program     static                          
       ___return_lbl00001   0x00001c    program     static                          
       ___return_lbl00001   0x001466    program     static                          
       ___return_lbl00002   0x001340    program     static                          
       ___return_lbl00039   0x0010d8    program     static                          
        ___while_lbl00040   0x0010ca    program     static                          
        ___while_lbl00041   0x0010d8    program     static                          
               __config_0   0x300000    program     static Z:\home\frans\usbpicprog\uc_code\main.c
               __config_1   0x300001    program     static Z:\home\frans\usbpicprog\uc_code\main.c
               __config_2   0x300002    program     static Z:\home\frans\usbpicprog\uc_code\main.c
               __config_3   0x300003    program     static Z:\home\frans\usbpicprog\uc_code\main.c
               __config_4   0x300005    program     static Z:\home\frans\usbpicprog\uc_code\main.c
               __config_5   0x300006    program     static Z:\home\frans\usbpicprog\uc_code\main.c
               __config_6   0x300009    program     static Z:\home\frans\usbpicprog\uc_code\main.c
               __config_7   0x30000b    program     static Z:\home\frans\usbpicprog\uc_code\main.c
                   __pa_0   0x000f1e    program     static Z:\home\frans\usbpicprog\uc_code\system\usb\usbctrltrf\usbctrltrf.c
                   __pa_0   0x000a3c    program     static Z:\home\frans\usbpicprog\uc_code\system\usb\usb9\usb9.c
                   __pa_0   0x0011d4    program     static Z:\home\frans\usbpicprog\uc_code\system\usb\class\generic\usbgen.c
                   __pa_0   0x001442    program     static Z:\home\frans\usbpicprog\uc_code\system\interrupt\interrupt.c
                   __pa_0   0x000cd0    program     static Z:\home\frans\usbpicprog\uc_code\upp\upp.c
                   __pa_1   0x000d02    program     static Z:\home\frans\usbpicprog\uc_code\upp\upp.c
                   __pa_1   0x000f2e    program     static Z:\home\frans\usbpicprog\uc_code\system\usb\usbctrltrf\usbctrltrf.c
                   __pa_1   0x000a54    program     static Z:\home\frans\usbpicprog\uc_code\system\usb\usb9\usb9.c
                   __pa_2   0x000d10    program     static Z:\home\frans\usbpicprog\uc_code\upp\upp.c
                   __pa_2   0x000f3e    program     static Z:\home\frans\usbpicprog\uc_code\system\usb\usbctrltrf\usbctrltrf.c
                   __pa_2   0x000a66    program     static Z:\home\frans\usbpicprog\uc_code\system\usb\usb9\usb9.c
                   __pa_3   0x000f4c    program     static Z:\home\frans\usbpicprog\uc_code\system\usb\usbctrltrf\usbctrltrf.c
                   __pa_3   0x000a78    program     static Z:\home\frans\usbpicprog\uc_code\system\usb\usb9\usb9.c
                   __pa_4   0x000a88    program     static Z:\home\frans\usbpicprog\uc_code\system\usb\usb9\usb9.c
                   __pa_4   0x000f5a    program     static Z:\home\frans\usbpicprog\uc_code\system\usb\usbctrltrf\usbctrltrf.c
                   __pa_5   0x000a96    program     static Z:\home\frans\usbpicprog\uc_code\system\usb\usb9\usb9.c
                   __pa_5   0x000f62    program     static Z:\home\frans\usbpicprog\uc_code\system\usb\usbctrltrf\usbctrltrf.c
                   __pa_6   0x000aa0    program     static Z:\home\frans\usbpicprog\uc_code\system\usb\usb9\usb9.c
                   __pa_7   0x000aa8    program     static Z:\home\frans\usbpicprog\uc_code\system\usb\usb9\usb9.c
                _do_cinit   0x0012a4    program     extern C:\MCC18\src\traditional\startup\c018i.c
                   _entry   0x000000    program     extern C:\MCC18\src\traditional\startup\c018i.c
                _high_ISR   0x000808    program     extern Z:\home\frans\usbpicprog\uc_code\main.c
                 _low_ISR   0x000818    program     extern Z:\home\frans\usbpicprog\uc_code\main.c
                   _reset   0x000800    program     extern Z:\home\frans\usbpicprog\uc_code\main.c
                 _startup   0x001450    program     extern C:\MCC18\src\traditional\startup\c018i.c
              ansi_clrscr   0x001420    program     extern Z:\home\frans\usbpicprog\uc_code\upp\upp.c
                    cfg01   0x0011fe    program     extern Z:\home\frans\usbpicprog\uc_code\autofiles\usbdsc.c
                copy_loop   0x001316    program     static                          
            copy_one_byte   0x00131c    program     static                          
               device_dsc   0x0011ec    program     extern Z:\home\frans\usbpicprog\uc_code\autofiles\usbdsc.c
                     done   0x001340    program     static                          
             done_copying   0x00132a    program     static                          
                 high_isr   0x001426    program     extern Z:\home\frans\usbpicprog\uc_code\system\interrupt\interrupt.c
 interrupt_at_high_vector   0x000008    program     extern Z:\home\frans\usbpicprog\uc_code\system\interrupt\interrupt.c
  interrupt_at_low_vector   0x000018    program     extern Z:\home\frans\usbpicprog\uc_code\system\interrupt\interrupt.c
                     jEnd   0x0013d2    program     static C:\MCC18\SRC\TRADIT~1\STDCLIB\scpyp2r.asm
                     jEnd   0x0013ee    program     static C:\MCC18\SRC\TRADIT~1\STDCLIB\strlen.asm
                    jLoop   0x0013c8    program     static C:\MCC18\SRC\TRADIT~1\STDCLIB\scpyp2r.asm
                    jLoop   0x0013e4    program     static C:\MCC18\SRC\TRADIT~1\STDCLIB\strlen.asm
                     loop   0x001460    program     static                          
                  low_isr   0x00142a    program     extern Z:\home\frans\usbpicprog\uc_code\system\interrupt\interrupt.c
                     main   0x001372    program     extern Z:\home\frans\usbpicprog\uc_code\main.c
                    sd000   0x00121e    program     extern Z:\home\frans\usbpicprog\uc_code\autofiles\usbdsc.c
                    sd001   0x001222    program     extern Z:\home\frans\usbpicprog\uc_code\autofiles\usbdsc.c
                    sd002   0x001256    program     extern Z:\home\frans\usbpicprog\uc_code\autofiles\usbdsc.c
                  setLeds   0x000adc    program     extern Z:\home\frans\usbpicprog\uc_code\upp\upp.c
            strcpypgm2ram   0x0013a2    program     extern C:\MCC18\SRC\TRADIT~1\STDCLIB\scpyp2r.asm
                   strlen   0x0013d4    program     extern C:\MCC18\SRC\TRADIT~1\STDCLIB\strlen.asm
                     test   0x0012be    program     static                          
                usb_reset   0x001342    program     extern Z:\home\frans\usbpicprog\uc_code\main.c
                  welcome   0x0013f0    program     extern Z:\home\frans\usbpicprog\uc_code\upp\upp.c
                   ADCON0   0x000fc2       data     extern C:\MCC18\SRC\TRADIT~1\PROC\p18f2550.asm
               ADCON0bits   0x000fc2       data     extern C:\MCC18\SRC\TRADIT~1\PROC\p18f2550.asm
                   ADCON1   0x000fc1       data     extern C:\MCC18\SRC\TRADIT~1\PROC\p18f2550.asm
               ADCON1bits   0x000fc1       data     extern C:\MCC18\SRC\TRADIT~1\PROC\p18f2550.asm
                   ADCON2   0x000fc0       data     extern C:\MCC18\SRC\TRADIT~1\PROC\p18f2550.asm
               ADCON2bits   0x000fc0       data     extern C:\MCC18\SRC\TRADIT~1\PROC\p18f2550.asm
                    ADRES   0x000fc3       data     extern C:\MCC18\SRC\TRADIT~1\PROC\p18f2550.asm
                   ADRESH   0x000fc4       data     extern C:\MCC18\SRC\TRADIT~1\PROC\p18f2550.asm
                   ADRESL   0x000fc3       data     extern C:\MCC18\SRC\TRADIT~1\PROC\p18f2550.asm
                  BAUDCON   0x000fb8       data     extern C:\MCC18\SRC\TRADIT~1\PROC\p18f2550.asm
              BAUDCONbits   0x000fb8       data     extern C:\MCC18\SRC\TRADIT~1\PROC\p18f2550.asm
                      BSR   0x000fe0       data     extern C:\MCC18\SRC\TRADIT~1\PROC\p18f2550.asm
                   CCP1AS   0x000fb6       data     extern C:\MCC18\SRC\TRADIT~1\PROC\p18f2550.asm
               CCP1ASbits   0x000fb6       data     extern C:\MCC18\SRC\TRADIT~1\PROC\p18f2550.asm
                  CCP1CON   0x000fbd       data     extern C:\MCC18\SRC\TRADIT~1\PROC\p18f2550.asm
              CCP1CONbits   0x000fbd       data     extern C:\MCC18\SRC\TRADIT~1\PROC\p18f2550.asm
                  CCP1DEL   0x000fb7       data     extern C:\MCC18\SRC\TRADIT~1\PROC\p18f2550.asm
              CCP1DELbits   0x000fb7       data     extern C:\MCC18\SRC\TRADIT~1\PROC\p18f2550.asm
                  CCP2CON   0x000fba       data     extern C:\MCC18\SRC\TRADIT~1\PROC\p18f2550.asm
              CCP2CONbits   0x000fba       data     extern C:\MCC18\SRC\TRADIT~1\PROC\p18f2550.asm
                    CCPR1   0x000fbe       data     extern C:\MCC18\SRC\TRADIT~1\PROC\p18f2550.asm
                   CCPR1H   0x000fbf       data     extern C:\MCC18\SRC\TRADIT~1\PROC\p18f2550.asm
                   CCPR1L   0x000fbe       data     extern C:\MCC18\SRC\TRADIT~1\PROC\p18f2550.asm
                    CCPR2   0x000fbb       data     extern C:\MCC18\SRC\TRADIT~1\PROC\p18f2550.asm
                   CCPR2H   0x000fbc       data     extern C:\MCC18\SRC\TRADIT~1\PROC\p18f2550.asm
                   CCPR2L   0x000fbb       data     extern C:\MCC18\SRC\TRADIT~1\PROC\p18f2550.asm
                    CMCON   0x000fb4       data     extern C:\MCC18\SRC\TRADIT~1\PROC\p18f2550.asm
                CMCONbits   0x000fb4       data     extern C:\MCC18\SRC\TRADIT~1\PROC\p18f2550.asm
                   CVRCON   0x000fb5       data     extern C:\MCC18\SRC\TRADIT~1\PROC\p18f2550.asm
               CVRCONbits   0x000fb5       data     extern C:\MCC18\SRC\TRADIT~1\PROC\p18f2550.asm
              CtrlTrfData   0x000420       data     extern Z:\home\frans\usbpicprog\uc_code\system\usb\usbmmap.c
                     DDRA   0x000f92       data     extern C:\MCC18\SRC\TRADIT~1\PROC\p18f2550.asm
                 DDRAbits   0x000f92       data     extern C:\MCC18\SRC\TRADIT~1\PROC\p18f2550.asm
                     DDRB   0x000f93       data     extern C:\MCC18\SRC\TRADIT~1\PROC\p18f2550.asm
                 DDRBbits   0x000f93       data     extern C:\MCC18\SRC\TRADIT~1\PROC\p18f2550.asm
                     DDRC   0x000f94       data     extern C:\MCC18\SRC\TRADIT~1\PROC\p18f2550.asm
                 DDRCbits   0x000f94       data     extern C:\MCC18\SRC\TRADIT~1\PROC\p18f2550.asm
                  ECCP1AS   0x000fb6       data     extern C:\MCC18\SRC\TRADIT~1\PROC\p18f2550.asm
              ECCP1ASbits   0x000fb6       data     extern C:\MCC18\SRC\TRADIT~1\PROC\p18f2550.asm
                 ECCP1DEL   0x000fb7       data     extern C:\MCC18\SRC\TRADIT~1\PROC\p18f2550.asm
             ECCP1DELbits   0x000fb7       data     extern C:\MCC18\SRC\TRADIT~1\PROC\p18f2550.asm
                    EEADR   0x000fa9       data     extern C:\MCC18\SRC\TRADIT~1\PROC\p18f2550.asm
                   EECON1   0x000fa6       data     extern C:\MCC18\SRC\TRADIT~1\PROC\p18f2550.asm
               EECON1bits   0x000fa6       data     extern C:\MCC18\SRC\TRADIT~1\PROC\p18f2550.asm
                   EECON2   0x000fa7       data     extern C:\MCC18\SRC\TRADIT~1\PROC\p18f2550.asm
                   EEDATA   0x000fa8       data     extern C:\MCC18\SRC\TRADIT~1\PROC\p18f2550.asm
                     FSR0   0x000fe9       data     extern C:\MCC18\SRC\TRADIT~1\PROC\p18f2550.asm
                    FSR0H   0x000fea       data     extern C:\MCC18\SRC\TRADIT~1\PROC\p18f2550.asm
                    FSR0L   0x000fe9       data     extern C:\MCC18\SRC\TRADIT~1\PROC\p18f2550.asm
                     FSR1   0x000fe1       data     extern C:\MCC18\SRC\TRADIT~1\PROC\p18f2550.asm
                    FSR1H   0x000fe2       data     extern C:\MCC18\SRC\TRADIT~1\PROC\p18f2550.asm
                    FSR1L   0x000fe1       data     extern C:\MCC18\SRC\TRADIT~1\PROC\p18f2550.asm
                     FSR2   0x000fd9       data     extern C:\MCC18\SRC\TRADIT~1\PROC\p18f2550.asm
                    FSR2H   0x000fda       data     extern C:\MCC18\SRC\TRADIT~1\PROC\p18f2550.asm
                    FSR2L   0x000fd9       data     extern C:\MCC18\SRC\TRADIT~1\PROC\p18f2550.asm
                  HLVDCON   0x000fd2       data     extern C:\MCC18\SRC\TRADIT~1\PROC\p18f2550.asm
              HLVDCONbits   0x000fd2       data     extern C:\MCC18\SRC\TRADIT~1\PROC\p18f2550.asm
                    INDF0   0x000fef       data     extern C:\MCC18\SRC\TRADIT~1\PROC\p18f2550.asm
                    INDF1   0x000fe7       data     extern C:\MCC18\SRC\TRADIT~1\PROC\p18f2550.asm
                    INDF2   0x000fdf       data     extern C:\MCC18\SRC\TRADIT~1\PROC\p18f2550.asm
                   INTCON   0x000ff2       data     extern C:\MCC18\SRC\TRADIT~1\PROC\p18f2550.asm
                  INTCON2   0x000ff1       data     extern C:\MCC18\SRC\TRADIT~1\PROC\p18f2550.asm
              INTCON2bits   0x000ff1       data     extern C:\MCC18\SRC\TRADIT~1\PROC\p18f2550.asm
                  INTCON3   0x000ff0       data     extern C:\MCC18\SRC\TRADIT~1\PROC\p18f2550.asm
              INTCON3bits   0x000ff0       data     extern C:\MCC18\SRC\TRADIT~1\PROC\p18f2550.asm
               INTCONbits   0x000ff2       data     extern C:\MCC18\SRC\TRADIT~1\PROC\p18f2550.asm
                     IPR1   0x000f9f       data     extern C:\MCC18\SRC\TRADIT~1\PROC\p18f2550.asm
                 IPR1bits   0x000f9f       data     extern C:\MCC18\SRC\TRADIT~1\PROC\p18f2550.asm
                     IPR2   0x000fa2       data     extern C:\MCC18\SRC\TRADIT~1\PROC\p18f2550.asm
                 IPR2bits   0x000fa2       data     extern C:\MCC18\SRC\TRADIT~1\PROC\p18f2550.asm
                     LATA   0x000f89       data     extern C:\MCC18\SRC\TRADIT~1\PROC\p18f2550.asm
                 LATAbits   0x000f89       data     extern C:\MCC18\SRC\TRADIT~1\PROC\p18f2550.asm
                     LATB   0x000f8a       data     extern C:\MCC18\SRC\TRADIT~1\PROC\p18f2550.asm
                 LATBbits   0x000f8a       data     extern C:\MCC18\SRC\TRADIT~1\PROC\p18f2550.asm
                     LATC   0x000f8b       data     extern C:\MCC18\SRC\TRADIT~1\PROC\p18f2550.asm
                 LATCbits   0x000f8b       data     extern C:\MCC18\SRC\TRADIT~1\PROC\p18f2550.asm
                   LVDCON   0x000fd2       data     extern C:\MCC18\SRC\TRADIT~1\PROC\p18f2550.asm
               LVDCONbits   0x000fd2       data     extern C:\MCC18\SRC\TRADIT~1\PROC\p18f2550.asm
                   OSCCON   0x000fd3       data     extern C:\MCC18\SRC\TRADIT~1\PROC\p18f2550.asm
               OSCCONbits   0x000fd3       data     extern C:\MCC18\SRC\TRADIT~1\PROC\p18f2550.asm
                  OSCTUNE   0x000f9b       data     extern C:\MCC18\SRC\TRADIT~1\PROC\p18f2550.asm
              OSCTUNEbits   0x000f9b       data     extern C:\MCC18\SRC\TRADIT~1\PROC\p18f2550.asm
                       PC   0x000ff9       data     extern C:\MCC18\SRC\TRADIT~1\PROC\p18f2550.asm
                      PCL   0x000ff9       data     extern C:\MCC18\SRC\TRADIT~1\PROC\p18f2550.asm
                   PCLATH   0x000ffa       data     extern C:\MCC18\SRC\TRADIT~1\PROC\p18f2550.asm
                   PCLATU   0x000ffb       data     extern C:\MCC18\SRC\TRADIT~1\PROC\p18f2550.asm
                     PIE1   0x000f9d       data     extern C:\MCC18\SRC\TRADIT~1\PROC\p18f2550.asm
                 PIE1bits   0x000f9d       data     extern C:\MCC18\SRC\TRADIT~1\PROC\p18f2550.asm
                     PIE2   0x000fa0       data     extern C:\MCC18\SRC\TRADIT~1\PROC\p18f2550.asm
                 PIE2bits   0x000fa0       data     extern C:\MCC18\SRC\TRADIT~1\PROC\p18f2550.asm
                     PIR1   0x000f9e       data     extern C:\MCC18\SRC\TRADIT~1\PROC\p18f2550.asm
                 PIR1bits   0x000f9e       data     extern C:\MCC18\SRC\TRADIT~1\PROC\p18f2550.asm
                     PIR2   0x000fa1       data     extern C:\MCC18\SRC\TRADIT~1\PROC\p18f2550.asm
                 PIR2bits   0x000fa1       data     extern C:\MCC18\SRC\TRADIT~1\PROC\p18f2550.asm
                   PLUSW0   0x000feb       data     extern C:\MCC18\SRC\TRADIT~1\PROC\p18f2550.asm
                   PLUSW1   0x000fe3       data     extern C:\MCC18\SRC\TRADIT~1\PROC\p18f2550.asm
                   PLUSW2   0x000fdb       data     extern C:\MCC18\SRC\TRADIT~1\PROC\p18f2550.asm
                    PORTA   0x000f80       data     extern C:\MCC18\SRC\TRADIT~1\PROC\p18f2550.asm
                PORTAbits   0x000f80       data     extern C:\MCC18\SRC\TRADIT~1\PROC\p18f2550.asm
                    PORTB   0x000f81       data     extern C:\MCC18\SRC\TRADIT~1\PROC\p18f2550.asm
                PORTBbits   0x000f81       data     extern C:\MCC18\SRC\TRADIT~1\PROC\p18f2550.asm
                    PORTC   0x000f82       data     extern C:\MCC18\SRC\TRADIT~1\PROC\p18f2550.asm
                PORTCbits   0x000f82       data     extern C:\MCC18\SRC\TRADIT~1\PROC\p18f2550.asm
                    PORTE   0x000f84       data     extern C:\MCC18\SRC\TRADIT~1\PROC\p18f2550.asm
                PORTEbits   0x000f84       data     extern C:\MCC18\SRC\TRADIT~1\PROC\p18f2550.asm
                 POSTDEC0   0x000fed       data     extern C:\MCC18\SRC\TRADIT~1\PROC\p18f2550.asm
                 POSTDEC1   0x000fe5       data     extern C:\MCC18\SRC\TRADIT~1\PROC\p18f2550.asm
                 POSTDEC2   0x000fdd       data     extern C:\MCC18\SRC\TRADIT~1\PROC\p18f2550.asm
                 POSTINC0   0x000fee       data     extern C:\MCC18\SRC\TRADIT~1\PROC\p18f2550.asm
                 POSTINC1   0x000fe6       data     extern C:\MCC18\SRC\TRADIT~1\PROC\p18f2550.asm
                 POSTINC2   0x000fde       data     extern C:\MCC18\SRC\TRADIT~1\PROC\p18f2550.asm
                      PR2   0x000fcb       data     extern C:\MCC18\SRC\TRADIT~1\PROC\p18f2550.asm
                  PREINC0   0x000fec       data     extern C:\MCC18\SRC\TRADIT~1\PROC\p18f2550.asm
                  PREINC1   0x000fe4       data     extern C:\MCC18\SRC\TRADIT~1\PROC\p18f2550.asm
                  PREINC2   0x000fdc       data     extern C:\MCC18\SRC\TRADIT~1\PROC\p18f2550.asm
                     PROD   0x000ff3       data     extern C:\MCC18\SRC\TRADIT~1\PROC\p18f2550.asm
                    PRODH   0x000ff4       data     extern C:\MCC18\SRC\TRADIT~1\PROC\p18f2550.asm
                    PRODL   0x000ff3       data     extern C:\MCC18\SRC\TRADIT~1\PROC\p18f2550.asm
                     RCON   0x000fd0       data     extern C:\MCC18\SRC\TRADIT~1\PROC\p18f2550.asm
                 RCONbits   0x000fd0       data     extern C:\MCC18\SRC\TRADIT~1\PROC\p18f2550.asm
                    RCREG   0x000fae       data     extern C:\MCC18\SRC\TRADIT~1\PROC\p18f2550.asm
                    RCSTA   0x000fab       data     extern C:\MCC18\SRC\TRADIT~1\PROC\p18f2550.asm
                RCSTAbits   0x000fab       data     extern C:\MCC18\SRC\TRADIT~1\PROC\p18f2550.asm
                     SIGN   0x000004       data     extern C:\MCC18\SRC\TRADIT~1\MATH\cmath18.asm
                    SPBRG   0x000faf       data     extern C:\MCC18\SRC\TRADIT~1\PROC\p18f2550.asm
                   SPBRGH   0x000fb0       data     extern C:\MCC18\SRC\TRADIT~1\PROC\p18f2550.asm
                   SSPADD   0x000fc8       data     extern C:\MCC18\SRC\TRADIT~1\PROC\p18f2550.asm
                   SSPBUF   0x000fc9       data     extern C:\MCC18\SRC\TRADIT~1\PROC\p18f2550.asm
                  SSPCON1   0x000fc6       data     extern C:\MCC18\SRC\TRADIT~1\PROC\p18f2550.asm
              SSPCON1bits   0x000fc6       data     extern C:\MCC18\SRC\TRADIT~1\PROC\p18f2550.asm
                  SSPCON2   0x000fc5       data     extern C:\MCC18\SRC\TRADIT~1\PROC\p18f2550.asm
              SSPCON2bits   0x000fc5       data     extern C:\MCC18\SRC\TRADIT~1\PROC\p18f2550.asm
                  SSPSTAT   0x000fc7       data     extern C:\MCC18\SRC\TRADIT~1\PROC\p18f2550.asm
              SSPSTATbits   0x000fc7       data     extern C:\MCC18\SRC\TRADIT~1\PROC\p18f2550.asm
                   STATUS   0x000fd8       data     extern C:\MCC18\SRC\TRADIT~1\PROC\p18f2550.asm
               STATUSbits   0x000fd8       data     extern C:\MCC18\SRC\TRADIT~1\PROC\p18f2550.asm
                   STKPTR   0x000ffc       data     extern C:\MCC18\SRC\TRADIT~1\PROC\p18f2550.asm
               STKPTRbits   0x000ffc       data     extern C:\MCC18\SRC\TRADIT~1\PROC\p18f2550.asm
                 SetupPkt   0x000418       data     extern Z:\home\frans\usbpicprog\uc_code\system\usb\usbmmap.c
                    T0CON   0x000fd5       data     extern C:\MCC18\SRC\TRADIT~1\PROC\p18f2550.asm
                T0CONbits   0x000fd5       data     extern C:\MCC18\SRC\TRADIT~1\PROC\p18f2550.asm
                    T1CON   0x000fcd       data     extern C:\MCC18\SRC\TRADIT~1\PROC\p18f2550.asm
                T1CONbits   0x000fcd       data     extern C:\MCC18\SRC\TRADIT~1\PROC\p18f2550.asm
                    T2CON   0x000fca       data     extern C:\MCC18\SRC\TRADIT~1\PROC\p18f2550.asm
                T2CONbits   0x000fca       data     extern C:\MCC18\SRC\TRADIT~1\PROC\p18f2550.asm
                    T3CON   0x000fb1       data     extern C:\MCC18\SRC\TRADIT~1\PROC\p18f2550.asm
                T3CONbits   0x000fb1       data     extern C:\MCC18\SRC\TRADIT~1\PROC\p18f2550.asm
                   TABLAT   0x000ff5       data     extern C:\MCC18\SRC\TRADIT~1\PROC\p18f2550.asm
                   TBLPTR   0x000ff6       data     extern C:\MCC18\SRC\TRADIT~1\PROC\p18f2550.asm
                  TBLPTRH   0x000ff7       data     extern C:\MCC18\SRC\TRADIT~1\PROC\p18f2550.asm
                  TBLPTRL   0x000ff6       data     extern C:\MCC18\SRC\TRADIT~1\PROC\p18f2550.asm
                  TBLPTRU   0x000ff8       data     extern C:\MCC18\SRC\TRADIT~1\PROC\p18f2550.asm
                    TMR0H   0x000fd7       data     extern C:\MCC18\SRC\TRADIT~1\PROC\p18f2550.asm
                    TMR0L   0x000fd6       data     extern C:\MCC18\SRC\TRADIT~1\PROC\p18f2550.asm
                    TMR1H   0x000fcf       data     extern C:\MCC18\SRC\TRADIT~1\PROC\p18f2550.asm
                    TMR1L   0x000fce       data     extern C:\MCC18\SRC\TRADIT~1\PROC\p18f2550.asm
                     TMR2   0x000fcc       data     extern C:\MCC18\SRC\TRADIT~1\PROC\p18f2550.asm
                    TMR3H   0x000fb3       data     extern C:\MCC18\SRC\TRADIT~1\PROC\p18f2550.asm
                    TMR3L   0x000fb2       data     extern C:\MCC18\SRC\TRADIT~1\PROC\p18f2550.asm
                      TOS   0x000ffd       data     extern C:\MCC18\SRC\TRADIT~1\PROC\p18f2550.asm
                     TOSH   0x000ffe       data     extern C:\MCC18\SRC\TRADIT~1\PROC\p18f2550.asm
                     TOSL   0x000ffd       data     extern C:\MCC18\SRC\TRADIT~1\PROC\p18f2550.asm
                     TOSU   0x000fff       data     extern C:\MCC18\SRC\TRADIT~1\PROC\p18f2550.asm
                    TRISA   0x000f92       data     extern C:\MCC18\SRC\TRADIT~1\PROC\p18f2550.asm
                TRISAbits   0x000f92       data     extern C:\MCC18\SRC\TRADIT~1\PROC\p18f2550.asm
                    TRISB   0x000f93       data     extern C:\MCC18\SRC\TRADIT~1\PROC\p18f2550.asm
                TRISBbits   0x000f93       data     extern C:\MCC18\SRC\TRADIT~1\PROC\p18f2550.asm
                    TRISC   0x000f94       data     extern C:\MCC18\SRC\TRADIT~1\PROC\p18f2550.asm
                TRISCbits   0x000f94       data     extern C:\MCC18\SRC\TRADIT~1\PROC\p18f2550.asm
                    TXREG   0x000fad       data     extern C:\MCC18\SRC\TRADIT~1\PROC\p18f2550.asm
                    TXSTA   0x000fac       data     extern C:\MCC18\SRC\TRADIT~1\PROC\p18f2550.asm
                TXSTAbits   0x000fac       data     extern C:\MCC18\SRC\TRADIT~1\PROC\p18f2550.asm
                    UADDR   0x000f6e       data     extern C:\MCC18\SRC\TRADIT~1\PROC\p18f2550.asm
                UADDRbits   0x000f6e       data     extern C:\MCC18\SRC\TRADIT~1\PROC\p18f2550.asm
                     UCFG   0x000f6f       data     extern C:\MCC18\SRC\TRADIT~1\PROC\p18f2550.asm
                 UCFGbits   0x000f6f       data     extern C:\MCC18\SRC\TRADIT~1\PROC\p18f2550.asm
                     UCON   0x000f6d       data     extern C:\MCC18\SRC\TRADIT~1\PROC\p18f2550.asm
                 UCONbits   0x000f6d       data     extern C:\MCC18\SRC\TRADIT~1\PROC\p18f2550.asm
                     UEIE   0x000f6b       data     extern C:\MCC18\SRC\TRADIT~1\PROC\p18f2550.asm
                 UEIEbits   0x000f6b       data     extern C:\MCC18\SRC\TRADIT~1\PROC\p18f2550.asm
                     UEIR   0x000f6a       data     extern C:\MCC18\SRC\TRADIT~1\PROC\p18f2550.asm
                 UEIRbits   0x000f6a       data     extern C:\MCC18\SRC\TRADIT~1\PROC\p18f2550.asm
                     UEP0   0x000f70       data     extern C:\MCC18\SRC\TRADIT~1\PROC\p18f2550.asm
                 UEP0bits   0x000f70       data     extern C:\MCC18\SRC\TRADIT~1\PROC\p18f2550.asm
                     UEP1   0x000f71       data     extern C:\MCC18\SRC\TRADIT~1\PROC\p18f2550.asm
                    UEP10   0x000f7a       data     extern C:\MCC18\SRC\TRADIT~1\PROC\p18f2550.asm
                UEP10bits   0x000f7a       data     extern C:\MCC18\SRC\TRADIT~1\PROC\p18f2550.asm
                    UEP11   0x000f7b       data     extern C:\MCC18\SRC\TRADIT~1\PROC\p18f2550.asm
                UEP11bits   0x000f7b       data     extern C:\MCC18\SRC\TRADIT~1\PROC\p18f2550.asm
                    UEP12   0x000f7c       data     extern C:\MCC18\SRC\TRADIT~1\PROC\p18f2550.asm
                UEP12bits   0x000f7c       data     extern C:\MCC18\SRC\TRADIT~1\PROC\p18f2550.asm
                    UEP13   0x000f7d       data     extern C:\MCC18\SRC\TRADIT~1\PROC\p18f2550.asm
                UEP13bits   0x000f7d       data     extern C:\MCC18\SRC\TRADIT~1\PROC\p18f2550.asm
                    UEP14   0x000f7e       data     extern C:\MCC18\SRC\TRADIT~1\PROC\p18f2550.asm
                UEP14bits   0x000f7e       data     extern C:\MCC18\SRC\TRADIT~1\PROC\p18f2550.asm
                    UEP15   0x000f7f       data     extern C:\MCC18\SRC\TRADIT~1\PROC\p18f2550.asm
                UEP15bits   0x000f7f       data     extern C:\MCC18\SRC\TRADIT~1\PROC\p18f2550.asm
                 UEP1bits   0x000f71       data     extern C:\MCC18\SRC\TRADIT~1\PROC\p18f2550.asm
                     UEP2   0x000f72       data     extern C:\MCC18\SRC\TRADIT~1\PROC\p18f2550.asm
                 UEP2bits   0x000f72       data     extern C:\MCC18\SRC\TRADIT~1\PROC\p18f2550.asm
                     UEP3   0x000f73       data     extern C:\MCC18\SRC\TRADIT~1\PROC\p18f2550.asm
                 UEP3bits   0x000f73       data     extern C:\MCC18\SRC\TRADIT~1\PROC\p18f2550.asm
                     UEP4   0x000f74       data     extern C:\MCC18\SRC\TRADIT~1\PROC\p18f2550.asm
                 UEP4bits   0x000f74       data     extern C:\MCC18\SRC\TRADIT~1\PROC\p18f2550.asm
                     UEP5   0x000f75       data     extern C:\MCC18\SRC\TRADIT~1\PROC\p18f2550.asm
                 UEP5bits   0x000f75       data     extern C:\MCC18\SRC\TRADIT~1\PROC\p18f2550.asm
                     UEP6   0x000f76       data     extern C:\MCC18\SRC\TRADIT~1\PROC\p18f2550.asm
                 UEP6bits   0x000f76       data     extern C:\MCC18\SRC\TRADIT~1\PROC\p18f2550.asm
                     UEP7   0x000f77       data     extern C:\MCC18\SRC\TRADIT~1\PROC\p18f2550.asm
                 UEP7bits   0x000f77       data     extern C:\MCC18\SRC\TRADIT~1\PROC\p18f2550.asm
                     UEP8   0x000f78       data     extern C:\MCC18\SRC\TRADIT~1\PROC\p18f2550.asm
                 UEP8bits   0x000f78       data     extern C:\MCC18\SRC\TRADIT~1\PROC\p18f2550.asm
                     UEP9   0x000f79       data     extern C:\MCC18\SRC\TRADIT~1\PROC\p18f2550.asm
                 UEP9bits   0x000f79       data     extern C:\MCC18\SRC\TRADIT~1\PROC\p18f2550.asm
                     UFRM   0x000f66       data     extern C:\MCC18\SRC\TRADIT~1\PROC\p18f2550.asm
                    UFRMH   0x000f67       data     extern C:\MCC18\SRC\TRADIT~1\PROC\p18f2550.asm
                UFRMHbits   0x000f67       data     extern C:\MCC18\SRC\TRADIT~1\PROC\p18f2550.asm
                    UFRML   0x000f66       data     extern C:\MCC18\SRC\TRADIT~1\PROC\p18f2550.asm
                UFRMLbits   0x000f66       data     extern C:\MCC18\SRC\TRADIT~1\PROC\p18f2550.asm
                      UIE   0x000f69       data     extern C:\MCC18\SRC\TRADIT~1\PROC\p18f2550.asm
                  UIEbits   0x000f69       data     extern C:\MCC18\SRC\TRADIT~1\PROC\p18f2550.asm
                      UIR   0x000f68       data     extern C:\MCC18\SRC\TRADIT~1\PROC\p18f2550.asm
                  UIRbits   0x000f68       data     extern C:\MCC18\SRC\TRADIT~1\PROC\p18f2550.asm
                    USTAT   0x000f6c       data     extern C:\MCC18\SRC\TRADIT~1\PROC\p18f2550.asm
                USTATbits   0x000f6c       data     extern C:\MCC18\SRC\TRADIT~1\PROC\p18f2550.asm
                   WDTCON   0x000fd1       data     extern C:\MCC18\SRC\TRADIT~1\PROC\p18f2550.asm
               WDTCONbits   0x000fd1       data     extern C:\MCC18\SRC\TRADIT~1\PROC\p18f2550.asm
                     WREG   0x000fe8       data     extern C:\MCC18\SRC\TRADIT~1\PROC\p18f2550.asm
                __FPFLAGS   0x000005       data     extern C:\MCC18\SRC\TRADIT~1\MATH\cmath18.asm
            __FPFLAGSbits   0x000005       data     extern C:\MCC18\SRC\TRADIT~1\MATH\cmath18.asm
                  __tmp_0   0x000000       data     static Z:\home\frans\usbpicprog\uc_code\upp\upp.c
                  __tmp_0   0x000000       data     static Z:\home\frans\usbpicprog\uc_code\system\usb\class\generic\usbgen.c
                  __tmp_0   0x000000       data     static Z:\home\frans\usbpicprog\uc_code\system\usb\usb9\usb9.c
                  counter   0x0000f5       data     static Z:\home\frans\usbpicprog\uc_code\upp\upp.c
   ctrl_trf_session_owner   0x0000ed       data     extern Z:\home\frans\usbpicprog\uc_code\system\usb\usbctrltrf\usbctrltrf.c
           ctrl_trf_state   0x0000ec       data     extern Z:\home\frans\usbpicprog\uc_code\system\usb\usbctrltrf\usbctrltrf.c
                curr_byte   0x0000e5       data     static C:\MCC18\src\traditional\startup\c018i.c
               curr_entry   0x0000e7       data     static C:\MCC18\src\traditional\startup\c018i.c
                 data_ptr   0x0000e9       data     static C:\MCC18\src\traditional\startup\c018i.c
              delay_count   0x0000fd       data     static Z:\home\frans\usbpicprog\uc_code\system\usb\usbdrv\usbdrv.c
                    ep0Bi   0x000404       data     extern Z:\home\frans\usbpicprog\uc_code\system\usb\usbmmap.c
                    ep0Bo   0x000400       data     extern Z:\home\frans\usbpicprog\uc_code\system\usb\usbmmap.c
                    ep1Bi   0x00040c       data     extern Z:\home\frans\usbpicprog\uc_code\system\usb\usbmmap.c
                    ep1Bo   0x000408       data     extern Z:\home\frans\usbpicprog\uc_code\system\usb\usbmmap.c
                    ep2Bi   0x000414       data     extern Z:\home\frans\usbpicprog\uc_code\system\usb\usbmmap.c
                    ep2Bo   0x000410       data     extern Z:\home\frans\usbpicprog\uc_code\system\usb\usbmmap.c
             input_buffer   0x000062       data     extern Z:\home\frans\usbpicprog\uc_code\upp\upp.c
                led_count   0x0000f6       data     static Z:\home\frans\usbpicprog\uc_code\upp\upp.c
                  old_sw2   0x000060       data     extern Z:\home\frans\usbpicprog\uc_code\upp\upp.c
                  old_sw3   0x000061       data     extern Z:\home\frans\usbpicprog\uc_code\upp\upp.c
            output_buffer   0x0000a2       data     extern Z:\home\frans\usbpicprog\uc_code\upp\upp.c
                     pDst   0x0000f0       data     extern Z:\home\frans\usbpicprog\uc_code\system\usb\usbctrltrf\usbctrltrf.c
                     pSrc   0x0000ee       data     extern Z:\home\frans\usbpicprog\uc_code\system\usb\usbctrltrf\usbctrltrf.c
                     prom   0x0000e2       data     static C:\MCC18\src\traditional\startup\c018i.c
                pumpcount   0x0000f4       data     static Z:\home\frans\usbpicprog\uc_code\upp\upp.c
            startup_state   0x0000f8       data     static Z:\home\frans\usbpicprog\uc_code\upp\upp.c
           usb_active_cfg   0x0000fb       data     extern Z:\home\frans\usbpicprog\uc_code\system\usb\usbmmap.c
             usb_alt_intf   0x0000fc       data     extern Z:\home\frans\usbpicprog\uc_code\system\usb\usbmmap.c
         usb_device_state   0x0000f9       data     extern Z:\home\frans\usbpicprog\uc_code\system\usb\usbmmap.c
                 usb_stat   0x0000fa       data     extern Z:\home\frans\usbpicprog\uc_code\system\usb\usbmmap.c
                usbgen_in   0x000468       data     extern Z:\home\frans\usbpicprog\uc_code\system\usb\usbmmap.c
               usbgen_out   0x000428       data     extern Z:\home\frans\usbpicprog\uc_code\system\usb\usbmmap.c
            usbgen_rx_len   0x0000ff       data     extern Z:\home\frans\usbpicprog\uc_code\system\usb\class\generic\usbgen.c
                   wCount   0x0000f2       data     extern Z:\home\frans\usbpicprog\uc_code\system\usb\usbctrltrf\usbctrltrf.c



                              Symbols - Sorted by Address
                     Name    Address   Location    Storage File                     
                ---------  ---------  ---------  --------- ---------                
                   _entry   0x000000    program     extern C:\MCC18\src\traditional\startup\c018i.c
       ___return_lbl00000   0x000004    program     static                          
 interrupt_at_high_vector   0x000008    program     extern Z:\home\frans\usbpicprog\uc_code\system\interrupt\interrupt.c
       ___return_lbl00000   0x00000c    program     static                          
  interrupt_at_low_vector   0x000018    program     extern Z:\home\frans\usbpicprog\uc_code\system\interrupt\interrupt.c
       ___return_lbl00001   0x00001c    program     static                          
                   _reset   0x000800    program     extern Z:\home\frans\usbpicprog\uc_code\main.c
       ___return_lbl00000   0x000804    program     static                          
                _high_ISR   0x000808    program     extern Z:\home\frans\usbpicprog\uc_code\main.c
                 _low_ISR   0x000818    program     extern Z:\home\frans\usbpicprog\uc_code\main.c
       USBCheckStdRequest   0x000838    program     extern Z:\home\frans\usbpicprog\uc_code\system\usb\usb9\usb9.c
      USBStdGetDscHandler   0x0008d6    program     extern Z:\home\frans\usbpicprog\uc_code\system\usb\usb9\usb9.c
      USBStdSetCfgHandler   0x000944    program     extern Z:\home\frans\usbpicprog\uc_code\system\usb\usb9\usb9.c
   USBStdGetStatusHandler   0x00097a    program     extern Z:\home\frans\usbpicprog\uc_code\system\usb\usb9\usb9.c
  USBStdFeatureReqHandler   0x0009da    program     extern Z:\home\frans\usbpicprog\uc_code\system\usb\usb9\usb9.c
                   __pa_0   0x000a3c    program     static Z:\home\frans\usbpicprog\uc_code\system\usb\usb9\usb9.c
                   __pa_1   0x000a54    program     static Z:\home\frans\usbpicprog\uc_code\system\usb\usb9\usb9.c
                   __pa_2   0x000a66    program     static Z:\home\frans\usbpicprog\uc_code\system\usb\usb9\usb9.c
                   __pa_3   0x000a78    program     static Z:\home\frans\usbpicprog\uc_code\system\usb\usb9\usb9.c
                   __pa_4   0x000a88    program     static Z:\home\frans\usbpicprog\uc_code\system\usb\usb9\usb9.c
                   __pa_5   0x000a96    program     static Z:\home\frans\usbpicprog\uc_code\system\usb\usb9\usb9.c
                   __pa_6   0x000aa0    program     static Z:\home\frans\usbpicprog\uc_code\system\usb\usb9\usb9.c
                   __pa_7   0x000aa8    program     static Z:\home\frans\usbpicprog\uc_code\system\usb\usb9\usb9.c
                 UserInit   0x000ab0    program     extern Z:\home\frans\usbpicprog\uc_code\upp\upp.c
                  setLeds   0x000adc    program     extern Z:\home\frans\usbpicprog\uc_code\upp\upp.c
              VoltagePump   0x000b26    program     extern Z:\home\frans\usbpicprog\uc_code\upp\upp.c
                ProcessIO   0x000b42    program     extern Z:\home\frans\usbpicprog\uc_code\upp\upp.c
           BlinkUSBStatus   0x000c16    program     extern Z:\home\frans\usbpicprog\uc_code\upp\upp.c
         Switch2IsPressed   0x000cb2    program     extern Z:\home\frans\usbpicprog\uc_code\upp\upp.c
                   __pa_0   0x000cd0    program     static Z:\home\frans\usbpicprog\uc_code\upp\upp.c
                   __pa_1   0x000d02    program     static Z:\home\frans\usbpicprog\uc_code\upp\upp.c
                   __pa_2   0x000d10    program     static Z:\home\frans\usbpicprog\uc_code\upp\upp.c
         USBCtrlEPService   0x000d1a    program     extern Z:\home\frans\usbpicprog\uc_code\system\usb\usbctrltrf\usbctrltrf.c
   USBCtrlTrfSetupHandler   0x000d50    program     extern Z:\home\frans\usbpicprog\uc_code\system\usb\usbctrltrf\usbctrltrf.c
     USBCtrlTrfOutHandler   0x000d6e    program     extern Z:\home\frans\usbpicprog\uc_code\system\usb\usbctrltrf\usbctrltrf.c
      USBCtrlTrfInHandler   0x000d8c    program     extern Z:\home\frans\usbpicprog\uc_code\system\usb\usbctrltrf\usbctrltrf.c
      USBCtrlTrfTxService   0x000dc2    program     extern Z:\home\frans\usbpicprog\uc_code\system\usb\usbctrltrf\usbctrltrf.c
      USBCtrlTrfRxService   0x000e48    program     extern Z:\home\frans\usbpicprog\uc_code\system\usb\usbctrltrf\usbctrltrf.c
 USBCtrlEPServiceComplete   0x000e9c    program     extern Z:\home\frans\usbpicprog\uc_code\system\usb\usbctrltrf\usbctrltrf.c
USBPrepareForNextSetupTrf   0x000f0e    program     extern Z:\home\frans\usbpicprog\uc_code\system\usb\usbctrltrf\usbctrltrf.c
                   __pa_0   0x000f1e    program     static Z:\home\frans\usbpicprog\uc_code\system\usb\usbctrltrf\usbctrltrf.c
                   __pa_1   0x000f2e    program     static Z:\home\frans\usbpicprog\uc_code\system\usb\usbctrltrf\usbctrltrf.c
                   __pa_2   0x000f3e    program     static Z:\home\frans\usbpicprog\uc_code\system\usb\usbctrltrf\usbctrltrf.c
                   __pa_3   0x000f4c    program     static Z:\home\frans\usbpicprog\uc_code\system\usb\usbctrltrf\usbctrltrf.c
                   __pa_4   0x000f5a    program     static Z:\home\frans\usbpicprog\uc_code\system\usb\usbctrltrf\usbctrltrf.c
                   __pa_5   0x000f62    program     static Z:\home\frans\usbpicprog\uc_code\system\usb\usbctrltrf\usbctrltrf.c
        USBCheckBusStatus   0x000f72    program     extern Z:\home\frans\usbpicprog\uc_code\system\usb\usbdrv\usbdrv.c
          USBModuleEnable   0x000f8e    program     extern Z:\home\frans\usbpicprog\uc_code\system\usb\usbdrv\usbdrv.c
         USBModuleDisable   0x000f9c    program     extern Z:\home\frans\usbpicprog\uc_code\system\usb\usbdrv\usbdrv.c
            USBSoftDetach   0x000fa6    program     extern Z:\home\frans\usbpicprog\uc_code\system\usb\usbdrv\usbdrv.c
         USBDriverService   0x000faa    program     extern Z:\home\frans\usbpicprog\uc_code\system\usb\usbdrv\usbdrv.c
               USBSuspend   0x001028    program     extern Z:\home\frans\usbpicprog\uc_code\system\usb\usbdrv\usbdrv.c
       USBWakeFromSuspend   0x001030    program     extern Z:\home\frans\usbpicprog\uc_code\system\usb\usbdrv\usbdrv.c
          USBRemoteWakeup   0x001038    program     extern Z:\home\frans\usbpicprog\uc_code\system\usb\usbdrv\usbdrv.c
          USB_SOF_Handler   0x00105c    program     extern Z:\home\frans\usbpicprog\uc_code\system\usb\usbdrv\usbdrv.c
          USBStallHandler   0x001060    program     extern Z:\home\frans\usbpicprog\uc_code\system\usb\usbdrv\usbdrv.c
          USBErrorHandler   0x00106e    program     extern Z:\home\frans\usbpicprog\uc_code\system\usb\usbdrv\usbdrv.c
  USBProtocolResetHandler   0x001072    program     extern Z:\home\frans\usbpicprog\uc_code\system\usb\usbdrv\usbdrv.c
               ClearArray   0x0010b6    program     extern Z:\home\frans\usbpicprog\uc_code\system\usb\usbdrv\usbdrv.c
        ___while_lbl00040   0x0010ca    program     static                          
       ___return_lbl00039   0x0010d8    program     static                          
        ___while_lbl00041   0x0010d8    program     static                          
             USBGenInitEP   0x0010e0    program     extern Z:\home\frans\usbpicprog\uc_code\system\usb\class\generic\usbgen.c
              USBGenWrite   0x00110a    program     extern Z:\home\frans\usbpicprog\uc_code\system\usb\class\generic\usbgen.c
               USBGenRead   0x00116a    program     extern Z:\home\frans\usbpicprog\uc_code\system\usb\class\generic\usbgen.c
                   __pa_0   0x0011d4    program     static Z:\home\frans\usbpicprog\uc_code\system\usb\class\generic\usbgen.c
               device_dsc   0x0011ec    program     extern Z:\home\frans\usbpicprog\uc_code\autofiles\usbdsc.c
                    cfg01   0x0011fe    program     extern Z:\home\frans\usbpicprog\uc_code\autofiles\usbdsc.c
                    sd000   0x00121e    program     extern Z:\home\frans\usbpicprog\uc_code\autofiles\usbdsc.c
                    sd001   0x001222    program     extern Z:\home\frans\usbpicprog\uc_code\autofiles\usbdsc.c
                    sd002   0x001256    program     extern Z:\home\frans\usbpicprog\uc_code\autofiles\usbdsc.c
               USB_CD_Ptr   0x00129a    program     extern Z:\home\frans\usbpicprog\uc_code\autofiles\usbdsc.c
               USB_SD_Ptr   0x00129e    program     extern Z:\home\frans\usbpicprog\uc_code\autofiles\usbdsc.c
                _do_cinit   0x0012a4    program     extern C:\MCC18\src\traditional\startup\c018i.c
                     test   0x0012be    program     static                          
                copy_loop   0x001316    program     static                          
            copy_one_byte   0x00131c    program     static                          
             done_copying   0x00132a    program     static                          
       ___return_lbl00002   0x001340    program     static                          
                     done   0x001340    program     static                          
                usb_reset   0x001342    program     extern Z:\home\frans\usbpicprog\uc_code\main.c
                     main   0x001372    program     extern Z:\home\frans\usbpicprog\uc_code\main.c
         InitializeSystem   0x00137c    program     static Z:\home\frans\usbpicprog\uc_code\main.c
                 USBTasks   0x001394    program     extern Z:\home\frans\usbpicprog\uc_code\main.c
            strcpypgm2ram   0x0013a2    program     extern C:\MCC18\SRC\TRADIT~1\STDCLIB\scpyp2r.asm
                    jLoop   0x0013c8    program     static C:\MCC18\SRC\TRADIT~1\STDCLIB\scpyp2r.asm
                     jEnd   0x0013d2    program     static C:\MCC18\SRC\TRADIT~1\STDCLIB\scpyp2r.asm
                   strlen   0x0013d4    program     extern C:\MCC18\SRC\TRADIT~1\STDCLIB\strlen.asm
                    jLoop   0x0013e4    program     static C:\MCC18\SRC\TRADIT~1\STDCLIB\strlen.asm
                     jEnd   0x0013ee    program     static C:\MCC18\SRC\TRADIT~1\STDCLIB\strlen.asm
                  welcome   0x0013f0    program     extern Z:\home\frans\usbpicprog\uc_code\upp\upp.c
              ansi_clrscr   0x001420    program     extern Z:\home\frans\usbpicprog\uc_code\upp\upp.c
                 high_isr   0x001426    program     extern Z:\home\frans\usbpicprog\uc_code\system\interrupt\interrupt.c
                  low_isr   0x00142a    program     extern Z:\home\frans\usbpicprog\uc_code\system\interrupt\interrupt.c
                   __pa_0   0x001442    program     static Z:\home\frans\usbpicprog\uc_code\system\interrupt\interrupt.c
                 _startup   0x001450    program     extern C:\MCC18\src\traditional\startup\c018i.c
                     loop   0x001460    program     static                          
       ___return_lbl00001   0x001466    program     static                          
               __config_0   0x300000    program     static Z:\home\frans\usbpicprog\uc_code\main.c
               __config_1   0x300001    program     static Z:\home\frans\usbpicprog\uc_code\main.c
               __config_2   0x300002    program     static Z:\home\frans\usbpicprog\uc_code\main.c
               __config_3   0x300003    program     static Z:\home\frans\usbpicprog\uc_code\main.c
               __config_4   0x300005    program     static Z:\home\frans\usbpicprog\uc_code\main.c
               __config_5   0x300006    program     static Z:\home\frans\usbpicprog\uc_code\main.c
               __config_6   0x300009    program     static Z:\home\frans\usbpicprog\uc_code\main.c
               __config_7   0x30000b    program     static Z:\home\frans\usbpicprog\uc_code\main.c
                  __tmp_0   0x000000       data     static Z:\home\frans\usbpicprog\uc_code\system\usb\usb9\usb9.c
                  __tmp_0   0x000000       data     static Z:\home\frans\usbpicprog\uc_code\system\usb\class\generic\usbgen.c
                  __tmp_0   0x000000       data     static Z:\home\frans\usbpicprog\uc_code\upp\upp.c
                     SIGN   0x000004       data     extern C:\MCC18\SRC\TRADIT~1\MATH\cmath18.asm
            __FPFLAGSbits   0x000005       data     extern C:\MCC18\SRC\TRADIT~1\MATH\cmath18.asm
                __FPFLAGS   0x000005       data     extern C:\MCC18\SRC\TRADIT~1\MATH\cmath18.asm
                  old_sw2   0x000060       data     extern Z:\home\frans\usbpicprog\uc_code\upp\upp.c
                  old_sw3   0x000061       data     extern Z:\home\frans\usbpicprog\uc_code\upp\upp.c
             input_buffer   0x000062       data     extern Z:\home\frans\usbpicprog\uc_code\upp\upp.c
            output_buffer   0x0000a2       data     extern Z:\home\frans\usbpicprog\uc_code\upp\upp.c
                     prom   0x0000e2       data     static C:\MCC18\src\traditional\startup\c018i.c
                curr_byte   0x0000e5       data     static C:\MCC18\src\traditional\startup\c018i.c
               curr_entry   0x0000e7       data     static C:\MCC18\src\traditional\startup\c018i.c
                 data_ptr   0x0000e9       data     static C:\MCC18\src\traditional\startup\c018i.c
           ctrl_trf_state   0x0000ec       data     extern Z:\home\frans\usbpicprog\uc_code\system\usb\usbctrltrf\usbctrltrf.c
   ctrl_trf_session_owner   0x0000ed       data     extern Z:\home\frans\usbpicprog\uc_code\system\usb\usbctrltrf\usbctrltrf.c
                     pSrc   0x0000ee       data     extern Z:\home\frans\usbpicprog\uc_code\system\usb\usbctrltrf\usbctrltrf.c
                     pDst   0x0000f0       data     extern Z:\home\frans\usbpicprog\uc_code\system\usb\usbctrltrf\usbctrltrf.c
                   wCount   0x0000f2       data     extern Z:\home\frans\usbpicprog\uc_code\system\usb\usbctrltrf\usbctrltrf.c
                pumpcount   0x0000f4       data     static Z:\home\frans\usbpicprog\uc_code\upp\upp.c
                  counter   0x0000f5       data     static Z:\home\frans\usbpicprog\uc_code\upp\upp.c
                led_count   0x0000f6       data     static Z:\home\frans\usbpicprog\uc_code\upp\upp.c
            startup_state   0x0000f8       data     static Z:\home\frans\usbpicprog\uc_code\upp\upp.c
         usb_device_state   0x0000f9       data     extern Z:\home\frans\usbpicprog\uc_code\system\usb\usbmmap.c
                 usb_stat   0x0000fa       data     extern Z:\home\frans\usbpicprog\uc_code\system\usb\usbmmap.c
           usb_active_cfg   0x0000fb       data     extern Z:\home\frans\usbpicprog\uc_code\system\usb\usbmmap.c
             usb_alt_intf   0x0000fc       data     extern Z:\home\frans\usbpicprog\uc_code\system\usb\usbmmap.c
              delay_count   0x0000fd       data     static Z:\home\frans\usbpicprog\uc_code\system\usb\usbdrv\usbdrv.c
            usbgen_rx_len   0x0000ff       data     extern Z:\home\frans\usbpicprog\uc_code\system\usb\class\generic\usbgen.c
                    ep0Bo   0x000400       data     extern Z:\home\frans\usbpicprog\uc_code\system\usb\usbmmap.c
                    ep0Bi   0x000404       data     extern Z:\home\frans\usbpicprog\uc_code\system\usb\usbmmap.c
                    ep1Bo   0x000408       data     extern Z:\home\frans\usbpicprog\uc_code\system\usb\usbmmap.c
                    ep1Bi   0x00040c       data     extern Z:\home\frans\usbpicprog\uc_code\system\usb\usbmmap.c
                    ep2Bo   0x000410       data     extern Z:\home\frans\usbpicprog\uc_code\system\usb\usbmmap.c
                    ep2Bi   0x000414       data     extern Z:\home\frans\usbpicprog\uc_code\system\usb\usbmmap.c
                 SetupPkt   0x000418       data     extern Z:\home\frans\usbpicprog\uc_code\system\usb\usbmmap.c
              CtrlTrfData   0x000420       data     extern Z:\home\frans\usbpicprog\uc_code\system\usb\usbmmap.c
               usbgen_out   0x000428       data     extern Z:\home\frans\usbpicprog\uc_code\system\usb\usbmmap.c
                usbgen_in   0x000468       data     extern Z:\home\frans\usbpicprog\uc_code\system\usb\usbmmap.c
                    UFRML   0x000f66       data     extern C:\MCC18\SRC\TRADIT~1\PROC\p18f2550.asm
                UFRMLbits   0x000f66       data     extern C:\MCC18\SRC\TRADIT~1\PROC\p18f2550.asm
                     UFRM   0x000f66       data     extern C:\MCC18\SRC\TRADIT~1\PROC\p18f2550.asm
                    UFRMH   0x000f67       data     extern C:\MCC18\SRC\TRADIT~1\PROC\p18f2550.asm
                UFRMHbits   0x000f67       data     extern C:\MCC18\SRC\TRADIT~1\PROC\p18f2550.asm
                      UIR   0x000f68       data     extern C:\MCC18\SRC\TRADIT~1\PROC\p18f2550.asm
                  UIRbits   0x000f68       data     extern C:\MCC18\SRC\TRADIT~1\PROC\p18f2550.asm
                  UIEbits   0x000f69       data     extern C:\MCC18\SRC\TRADIT~1\PROC\p18f2550.asm
                      UIE   0x000f69       data     extern C:\MCC18\SRC\TRADIT~1\PROC\p18f2550.asm
                 UEIRbits   0x000f6a       data     extern C:\MCC18\SRC\TRADIT~1\PROC\p18f2550.asm
                     UEIR   0x000f6a       data     extern C:\MCC18\SRC\TRADIT~1\PROC\p18f2550.asm
                     UEIE   0x000f6b       data     extern C:\MCC18\SRC\TRADIT~1\PROC\p18f2550.asm
                 UEIEbits   0x000f6b       data     extern C:\MCC18\SRC\TRADIT~1\PROC\p18f2550.asm
                USTATbits   0x000f6c       data     extern C:\MCC18\SRC\TRADIT~1\PROC\p18f2550.asm
                    USTAT   0x000f6c       data     extern C:\MCC18\SRC\TRADIT~1\PROC\p18f2550.asm
                     UCON   0x000f6d       data     extern C:\MCC18\SRC\TRADIT~1\PROC\p18f2550.asm
                 UCONbits   0x000f6d       data     extern C:\MCC18\SRC\TRADIT~1\PROC\p18f2550.asm
                    UADDR   0x000f6e       data     extern C:\MCC18\SRC\TRADIT~1\PROC\p18f2550.asm
                UADDRbits   0x000f6e       data     extern C:\MCC18\SRC\TRADIT~1\PROC\p18f2550.asm
                 UCFGbits   0x000f6f       data     extern C:\MCC18\SRC\TRADIT~1\PROC\p18f2550.asm
                     UCFG   0x000f6f       data     extern C:\MCC18\SRC\TRADIT~1\PROC\p18f2550.asm
                 UEP0bits   0x000f70       data     extern C:\MCC18\SRC\TRADIT~1\PROC\p18f2550.asm
                     UEP0   0x000f70       data     extern C:\MCC18\SRC\TRADIT~1\PROC\p18f2550.asm
                 UEP1bits   0x000f71       data     extern C:\MCC18\SRC\TRADIT~1\PROC\p18f2550.asm
                     UEP1   0x000f71       data     extern C:\MCC18\SRC\TRADIT~1\PROC\p18f2550.asm
                 UEP2bits   0x000f72       data     extern C:\MCC18\SRC\TRADIT~1\PROC\p18f2550.asm
                     UEP2   0x000f72       data     extern C:\MCC18\SRC\TRADIT~1\PROC\p18f2550.asm
                     UEP3   0x000f73       data     extern C:\MCC18\SRC\TRADIT~1\PROC\p18f2550.asm
                 UEP3bits   0x000f73       data     extern C:\MCC18\SRC\TRADIT~1\PROC\p18f2550.asm
                     UEP4   0x000f74       data     extern C:\MCC18\SRC\TRADIT~1\PROC\p18f2550.asm
                 UEP4bits   0x000f74       data     extern C:\MCC18\SRC\TRADIT~1\PROC\p18f2550.asm
                     UEP5   0x000f75       data     extern C:\MCC18\SRC\TRADIT~1\PROC\p18f2550.asm
                 UEP5bits   0x000f75       data     extern C:\MCC18\SRC\TRADIT~1\PROC\p18f2550.asm
                     UEP6   0x000f76       data     extern C:\MCC18\SRC\TRADIT~1\PROC\p18f2550.asm
                 UEP6bits   0x000f76       data     extern C:\MCC18\SRC\TRADIT~1\PROC\p18f2550.asm
                     UEP7   0x000f77       data     extern C:\MCC18\SRC\TRADIT~1\PROC\p18f2550.asm
                 UEP7bits   0x000f77       data     extern C:\MCC18\SRC\TRADIT~1\PROC\p18f2550.asm
                 UEP8bits   0x000f78       data     extern C:\MCC18\SRC\TRADIT~1\PROC\p18f2550.asm
                     UEP8   0x000f78       data     extern C:\MCC18\SRC\TRADIT~1\PROC\p18f2550.asm
                     UEP9   0x000f79       data     extern C:\MCC18\SRC\TRADIT~1\PROC\p18f2550.asm
                 UEP9bits   0x000f79       data     extern C:\MCC18\SRC\TRADIT~1\PROC\p18f2550.asm
                UEP10bits   0x000f7a       data     extern C:\MCC18\SRC\TRADIT~1\PROC\p18f2550.asm
                    UEP10   0x000f7a       data     extern C:\MCC18\SRC\TRADIT~1\PROC\p18f2550.asm
                UEP11bits   0x000f7b       data     extern C:\MCC18\SRC\TRADIT~1\PROC\p18f2550.asm
                    UEP11   0x000f7b       data     extern C:\MCC18\SRC\TRADIT~1\PROC\p18f2550.asm
                UEP12bits   0x000f7c       data     extern C:\MCC18\SRC\TRADIT~1\PROC\p18f2550.asm
                    UEP12   0x000f7c       data     extern C:\MCC18\SRC\TRADIT~1\PROC\p18f2550.asm
                UEP13bits   0x000f7d       data     extern C:\MCC18\SRC\TRADIT~1\PROC\p18f2550.asm
                    UEP13   0x000f7d       data     extern C:\MCC18\SRC\TRADIT~1\PROC\p18f2550.asm
                UEP14bits   0x000f7e       data     extern C:\MCC18\SRC\TRADIT~1\PROC\p18f2550.asm
                    UEP14   0x000f7e       data     extern C:\MCC18\SRC\TRADIT~1\PROC\p18f2550.asm
                    UEP15   0x000f7f       data     extern C:\MCC18\SRC\TRADIT~1\PROC\p18f2550.asm
                UEP15bits   0x000f7f       data     extern C:\MCC18\SRC\TRADIT~1\PROC\p18f2550.asm
                PORTAbits   0x000f80       data     extern C:\MCC18\SRC\TRADIT~1\PROC\p18f2550.asm
                    PORTA   0x000f80       data     extern C:\MCC18\SRC\TRADIT~1\PROC\p18f2550.asm
                    PORTB   0x000f81       data     extern C:\MCC18\SRC\TRADIT~1\PROC\p18f2550.asm
                PORTBbits   0x000f81       data     extern C:\MCC18\SRC\TRADIT~1\PROC\p18f2550.asm
                    PORTC   0x000f82       data     extern C:\MCC18\SRC\TRADIT~1\PROC\p18f2550.asm
                PORTCbits   0x000f82       data     extern C:\MCC18\SRC\TRADIT~1\PROC\p18f2550.asm
                    PORTE   0x000f84       data     extern C:\MCC18\SRC\TRADIT~1\PROC\p18f2550.asm
                PORTEbits   0x000f84       data     extern C:\MCC18\SRC\TRADIT~1\PROC\p18f2550.asm
                     LATA   0x000f89       data     extern C:\MCC18\SRC\TRADIT~1\PROC\p18f2550.asm
                 LATAbits   0x000f89       data     extern C:\MCC18\SRC\TRADIT~1\PROC\p18f2550.asm
                     LATB   0x000f8a       data     extern C:\MCC18\SRC\TRADIT~1\PROC\p18f2550.asm
                 LATBbits   0x000f8a       data     extern C:\MCC18\SRC\TRADIT~1\PROC\p18f2550.asm
                     LATC   0x000f8b       data     extern C:\MCC18\SRC\TRADIT~1\PROC\p18f2550.asm
                 LATCbits   0x000f8b       data     extern C:\MCC18\SRC\TRADIT~1\PROC\p18f2550.asm
                 DDRAbits   0x000f92       data     extern C:\MCC18\SRC\TRADIT~1\PROC\p18f2550.asm
                     DDRA   0x000f92       data     extern C:\MCC18\SRC\TRADIT~1\PROC\p18f2550.asm
                TRISAbits   0x000f92       data     extern C:\MCC18\SRC\TRADIT~1\PROC\p18f2550.asm
                    TRISA   0x000f92       data     extern C:\MCC18\SRC\TRADIT~1\PROC\p18f2550.asm
                    TRISB   0x000f93       data     extern C:\MCC18\SRC\TRADIT~1\PROC\p18f2550.asm
                TRISBbits   0x000f93       data     extern C:\MCC18\SRC\TRADIT~1\PROC\p18f2550.asm
                     DDRB   0x000f93       data     extern C:\MCC18\SRC\TRADIT~1\PROC\p18f2550.asm
                 DDRBbits   0x000f93       data     extern C:\MCC18\SRC\TRADIT~1\PROC\p18f2550.asm
                 DDRCbits   0x000f94       data     extern C:\MCC18\SRC\TRADIT~1\PROC\p18f2550.asm
                    TRISC   0x000f94       data     extern C:\MCC18\SRC\TRADIT~1\PROC\p18f2550.asm
                TRISCbits   0x000f94       data     extern C:\MCC18\SRC\TRADIT~1\PROC\p18f2550.asm
                     DDRC   0x000f94       data     extern C:\MCC18\SRC\TRADIT~1\PROC\p18f2550.asm
              OSCTUNEbits   0x000f9b       data     extern C:\MCC18\SRC\TRADIT~1\PROC\p18f2550.asm
                  OSCTUNE   0x000f9b       data     extern C:\MCC18\SRC\TRADIT~1\PROC\p18f2550.asm
                     PIE1   0x000f9d       data     extern C:\MCC18\SRC\TRADIT~1\PROC\p18f2550.asm
                 PIE1bits   0x000f9d       data     extern C:\MCC18\SRC\TRADIT~1\PROC\p18f2550.asm
                     PIR1   0x000f9e       data     extern C:\MCC18\SRC\TRADIT~1\PROC\p18f2550.asm
                 PIR1bits   0x000f9e       data     extern C:\MCC18\SRC\TRADIT~1\PROC\p18f2550.asm
                     IPR1   0x000f9f       data     extern C:\MCC18\SRC\TRADIT~1\PROC\p18f2550.asm
                 IPR1bits   0x000f9f       data     extern C:\MCC18\SRC\TRADIT~1\PROC\p18f2550.asm
                 PIE2bits   0x000fa0       data     extern C:\MCC18\SRC\TRADIT~1\PROC\p18f2550.asm
                     PIE2   0x000fa0       data     extern C:\MCC18\SRC\TRADIT~1\PROC\p18f2550.asm
                 PIR2bits   0x000fa1       data     extern C:\MCC18\SRC\TRADIT~1\PROC\p18f2550.asm
                     PIR2   0x000fa1       data     extern C:\MCC18\SRC\TRADIT~1\PROC\p18f2550.asm
                     IPR2   0x000fa2       data     extern C:\MCC18\SRC\TRADIT~1\PROC\p18f2550.asm
                 IPR2bits   0x000fa2       data     extern C:\MCC18\SRC\TRADIT~1\PROC\p18f2550.asm
               EECON1bits   0x000fa6       data     extern C:\MCC18\SRC\TRADIT~1\PROC\p18f2550.asm
                   EECON1   0x000fa6       data     extern C:\MCC18\SRC\TRADIT~1\PROC\p18f2550.asm
                   EECON2   0x000fa7       data     extern C:\MCC18\SRC\TRADIT~1\PROC\p18f2550.asm
                   EEDATA   0x000fa8       data     extern C:\MCC18\SRC\TRADIT~1\PROC\p18f2550.asm
                    EEADR   0x000fa9       data     extern C:\MCC18\SRC\TRADIT~1\PROC\p18f2550.asm
                RCSTAbits   0x000fab       data     extern C:\MCC18\SRC\TRADIT~1\PROC\p18f2550.asm
                    RCSTA   0x000fab       data     extern C:\MCC18\SRC\TRADIT~1\PROC\p18f2550.asm
                    TXSTA   0x000fac       data     extern C:\MCC18\SRC\TRADIT~1\PROC\p18f2550.asm
                TXSTAbits   0x000fac       data     extern C:\MCC18\SRC\TRADIT~1\PROC\p18f2550.asm
                    TXREG   0x000fad       data     extern C:\MCC18\SRC\TRADIT~1\PROC\p18f2550.asm
                    RCREG   0x000fae       data     extern C:\MCC18\SRC\TRADIT~1\PROC\p18f2550.asm
                    SPBRG   0x000faf       data     extern C:\MCC18\SRC\TRADIT~1\PROC\p18f2550.asm
                   SPBRGH   0x000fb0       data     extern C:\MCC18\SRC\TRADIT~1\PROC\p18f2550.asm
                    T3CON   0x000fb1       data     extern C:\MCC18\SRC\TRADIT~1\PROC\p18f2550.asm
                T3CONbits   0x000fb1       data     extern C:\MCC18\SRC\TRADIT~1\PROC\p18f2550.asm
                    TMR3L   0x000fb2       data     extern C:\MCC18\SRC\TRADIT~1\PROC\p18f2550.asm
                    TMR3H   0x000fb3       data     extern C:\MCC18\SRC\TRADIT~1\PROC\p18f2550.asm
                    CMCON   0x000fb4       data     extern C:\MCC18\SRC\TRADIT~1\PROC\p18f2550.asm
                CMCONbits   0x000fb4       data     extern C:\MCC18\SRC\TRADIT~1\PROC\p18f2550.asm
               CVRCONbits   0x000fb5       data     extern C:\MCC18\SRC\TRADIT~1\PROC\p18f2550.asm
                   CVRCON   0x000fb5       data     extern C:\MCC18\SRC\TRADIT~1\PROC\p18f2550.asm
              ECCP1ASbits   0x000fb6       data     extern C:\MCC18\SRC\TRADIT~1\PROC\p18f2550.asm
                  ECCP1AS   0x000fb6       data     extern C:\MCC18\SRC\TRADIT~1\PROC\p18f2550.asm
                   CCP1AS   0x000fb6       data     extern C:\MCC18\SRC\TRADIT~1\PROC\p18f2550.asm
               CCP1ASbits   0x000fb6       data     extern C:\MCC18\SRC\TRADIT~1\PROC\p18f2550.asm
                 ECCP1DEL   0x000fb7       data     extern C:\MCC18\SRC\TRADIT~1\PROC\p18f2550.asm
             ECCP1DELbits   0x000fb7       data     extern C:\MCC18\SRC\TRADIT~1\PROC\p18f2550.asm
              CCP1DELbits   0x000fb7       data     extern C:\MCC18\SRC\TRADIT~1\PROC\p18f2550.asm
                  CCP1DEL   0x000fb7       data     extern C:\MCC18\SRC\TRADIT~1\PROC\p18f2550.asm
                  BAUDCON   0x000fb8       data     extern C:\MCC18\SRC\TRADIT~1\PROC\p18f2550.asm
              BAUDCONbits   0x000fb8       data     extern C:\MCC18\SRC\TRADIT~1\PROC\p18f2550.asm
              CCP2CONbits   0x000fba       data     extern C:\MCC18\SRC\TRADIT~1\PROC\p18f2550.asm
                  CCP2CON   0x000fba       data     extern C:\MCC18\SRC\TRADIT~1\PROC\p18f2550.asm
                   CCPR2L   0x000fbb       data     extern C:\MCC18\SRC\TRADIT~1\PROC\p18f2550.asm
                    CCPR2   0x000fbb       data     extern C:\MCC18\SRC\TRADIT~1\PROC\p18f2550.asm
                   CCPR2H   0x000fbc       data     extern C:\MCC18\SRC\TRADIT~1\PROC\p18f2550.asm
              CCP1CONbits   0x000fbd       data     extern C:\MCC18\SRC\TRADIT~1\PROC\p18f2550.asm
                  CCP1CON   0x000fbd       data     extern C:\MCC18\SRC\TRADIT~1\PROC\p18f2550.asm
                   CCPR1L   0x000fbe       data     extern C:\MCC18\SRC\TRADIT~1\PROC\p18f2550.asm
                    CCPR1   0x000fbe       data     extern C:\MCC18\SRC\TRADIT~1\PROC\p18f2550.asm
                   CCPR1H   0x000fbf       data     extern C:\MCC18\SRC\TRADIT~1\PROC\p18f2550.asm
                   ADCON2   0x000fc0       data     extern C:\MCC18\SRC\TRADIT~1\PROC\p18f2550.asm
               ADCON2bits   0x000fc0       data     extern C:\MCC18\SRC\TRADIT~1\PROC\p18f2550.asm
               ADCON1bits   0x000fc1       data     extern C:\MCC18\SRC\TRADIT~1\PROC\p18f2550.asm
                   ADCON1   0x000fc1       data     extern C:\MCC18\SRC\TRADIT~1\PROC\p18f2550.asm
                   ADCON0   0x000fc2       data     extern C:\MCC18\SRC\TRADIT~1\PROC\p18f2550.asm
               ADCON0bits   0x000fc2       data     extern C:\MCC18\SRC\TRADIT~1\PROC\p18f2550.asm
                    ADRES   0x000fc3       data     extern C:\MCC18\SRC\TRADIT~1\PROC\p18f2550.asm
                   ADRESL   0x000fc3       data     extern C:\MCC18\SRC\TRADIT~1\PROC\p18f2550.asm
                   ADRESH   0x000fc4       data     extern C:\MCC18\SRC\TRADIT~1\PROC\p18f2550.asm
                  SSPCON2   0x000fc5       data     extern C:\MCC18\SRC\TRADIT~1\PROC\p18f2550.asm
              SSPCON2bits   0x000fc5       data     extern C:\MCC18\SRC\TRADIT~1\PROC\p18f2550.asm
                  SSPCON1   0x000fc6       data     extern C:\MCC18\SRC\TRADIT~1\PROC\p18f2550.asm
              SSPCON1bits   0x000fc6       data     extern C:\MCC18\SRC\TRADIT~1\PROC\p18f2550.asm
                  SSPSTAT   0x000fc7       data     extern C:\MCC18\SRC\TRADIT~1\PROC\p18f2550.asm
              SSPSTATbits   0x000fc7       data     extern C:\MCC18\SRC\TRADIT~1\PROC\p18f2550.asm
                   SSPADD   0x000fc8       data     extern C:\MCC18\SRC\TRADIT~1\PROC\p18f2550.asm
                   SSPBUF   0x000fc9       data     extern C:\MCC18\SRC\TRADIT~1\PROC\p18f2550.asm
                T2CONbits   0x000fca       data     extern C:\MCC18\SRC\TRADIT~1\PROC\p18f2550.asm
                    T2CON   0x000fca       data     extern C:\MCC18\SRC\TRADIT~1\PROC\p18f2550.asm
                      PR2   0x000fcb       data     extern C:\MCC18\SRC\TRADIT~1\PROC\p18f2550.asm
                     TMR2   0x000fcc       data     extern C:\MCC18\SRC\TRADIT~1\PROC\p18f2550.asm
                T1CONbits   0x000fcd       data     extern C:\MCC18\SRC\TRADIT~1\PROC\p18f2550.asm
                    T1CON   0x000fcd       data     extern C:\MCC18\SRC\TRADIT~1\PROC\p18f2550.asm
                    TMR1L   0x000fce       data     extern C:\MCC18\SRC\TRADIT~1\PROC\p18f2550.asm
                    TMR1H   0x000fcf       data     extern C:\MCC18\SRC\TRADIT~1\PROC\p18f2550.asm
                     RCON   0x000fd0       data     extern C:\MCC18\SRC\TRADIT~1\PROC\p18f2550.asm
                 RCONbits   0x000fd0       data     extern C:\MCC18\SRC\TRADIT~1\PROC\p18f2550.asm
                   WDTCON   0x000fd1       data     extern C:\MCC18\SRC\TRADIT~1\PROC\p18f2550.asm
               WDTCONbits   0x000fd1       data     extern C:\MCC18\SRC\TRADIT~1\PROC\p18f2550.asm
                  HLVDCON   0x000fd2       data     extern C:\MCC18\SRC\TRADIT~1\PROC\p18f2550.asm
              HLVDCONbits   0x000fd2       data     extern C:\MCC18\SRC\TRADIT~1\PROC\p18f2550.asm
               LVDCONbits   0x000fd2       data     extern C:\MCC18\SRC\TRADIT~1\PROC\p18f2550.asm
                   LVDCON   0x000fd2       data     extern C:\MCC18\SRC\TRADIT~1\PROC\p18f2550.asm
               OSCCONbits   0x000fd3       data     extern C:\MCC18\SRC\TRADIT~1\PROC\p18f2550.asm
                   OSCCON   0x000fd3       data     extern C:\MCC18\SRC\TRADIT~1\PROC\p18f2550.asm
                    T0CON   0x000fd5       data     extern C:\MCC18\SRC\TRADIT~1\PROC\p18f2550.asm
                T0CONbits   0x000fd5       data     extern C:\MCC18\SRC\TRADIT~1\PROC\p18f2550.asm
                    TMR0L   0x000fd6       data     extern C:\MCC18\SRC\TRADIT~1\PROC\p18f2550.asm
                    TMR0H   0x000fd7       data     extern C:\MCC18\SRC\TRADIT~1\PROC\p18f2550.asm
                   STATUS   0x000fd8       data     extern C:\MCC18\SRC\TRADIT~1\PROC\p18f2550.asm
               STATUSbits   0x000fd8       data     extern C:\MCC18\SRC\TRADIT~1\PROC\p18f2550.asm
                     FSR2   0x000fd9       data     extern C:\MCC18\SRC\TRADIT~1\PROC\p18f2550.asm
                    FSR2L   0x000fd9       data     extern C:\MCC18\SRC\TRADIT~1\PROC\p18f2550.asm
                    FSR2H   0x000fda       data     extern C:\MCC18\SRC\TRADIT~1\PROC\p18f2550.asm
                   PLUSW2   0x000fdb       data     extern C:\MCC18\SRC\TRADIT~1\PROC\p18f2550.asm
                  PREINC2   0x000fdc       data     extern C:\MCC18\SRC\TRADIT~1\PROC\p18f2550.asm
                 POSTDEC2   0x000fdd       data     extern C:\MCC18\SRC\TRADIT~1\PROC\p18f2550.asm
                 POSTINC2   0x000fde       data     extern C:\MCC18\SRC\TRADIT~1\PROC\p18f2550.asm
                    INDF2   0x000fdf       data     extern C:\MCC18\SRC\TRADIT~1\PROC\p18f2550.asm
                      BSR   0x000fe0       data     extern C:\MCC18\SRC\TRADIT~1\PROC\p18f2550.asm
                     FSR1   0x000fe1       data     extern C:\MCC18\SRC\TRADIT~1\PROC\p18f2550.asm
                    FSR1L   0x000fe1       data     extern C:\MCC18\SRC\TRADIT~1\PROC\p18f2550.asm
                    FSR1H   0x000fe2       data     extern C:\MCC18\SRC\TRADIT~1\PROC\p18f2550.asm
                   PLUSW1   0x000fe3       data     extern C:\MCC18\SRC\TRADIT~1\PROC\p18f2550.asm
                  PREINC1   0x000fe4       data     extern C:\MCC18\SRC\TRADIT~1\PROC\p18f2550.asm
                 POSTDEC1   0x000fe5       data     extern C:\MCC18\SRC\TRADIT~1\PROC\p18f2550.asm
                 POSTINC1   0x000fe6       data     extern C:\MCC18\SRC\TRADIT~1\PROC\p18f2550.asm
                    INDF1   0x000fe7       data     extern C:\MCC18\SRC\TRADIT~1\PROC\p18f2550.asm
                     WREG   0x000fe8       data     extern C:\MCC18\SRC\TRADIT~1\PROC\p18f2550.asm
                     FSR0   0x000fe9       data     extern C:\MCC18\SRC\TRADIT~1\PROC\p18f2550.asm
                    FSR0L   0x000fe9       data     extern C:\MCC18\SRC\TRADIT~1\PROC\p18f2550.asm
                    FSR0H   0x000fea       data     extern C:\MCC18\SRC\TRADIT~1\PROC\p18f2550.asm
                   PLUSW0   0x000feb       data     extern C:\MCC18\SRC\TRADIT~1\PROC\p18f2550.asm
                  PREINC0   0x000fec       data     extern C:\MCC18\SRC\TRADIT~1\PROC\p18f2550.asm
                 POSTDEC0   0x000fed       data     extern C:\MCC18\SRC\TRADIT~1\PROC\p18f2550.asm
                 POSTINC0   0x000fee       data     extern C:\MCC18\SRC\TRADIT~1\PROC\p18f2550.asm
                    INDF0   0x000fef       data     extern C:\MCC18\SRC\TRADIT~1\PROC\p18f2550.asm
              INTCON3bits   0x000ff0       data     extern C:\MCC18\SRC\TRADIT~1\PROC\p18f2550.asm
                  INTCON3   0x000ff0       data     extern C:\MCC18\SRC\TRADIT~1\PROC\p18f2550.asm
              INTCON2bits   0x000ff1       data     extern C:\MCC18\SRC\TRADIT~1\PROC\p18f2550.asm
                  INTCON2   0x000ff1       data     extern C:\MCC18\SRC\TRADIT~1\PROC\p18f2550.asm
               INTCONbits   0x000ff2       data     extern C:\MCC18\SRC\TRADIT~1\PROC\p18f2550.asm
                   INTCON   0x000ff2       data     extern C:\MCC18\SRC\TRADIT~1\PROC\p18f2550.asm
                    PRODL   0x000ff3       data     extern C:\MCC18\SRC\TRADIT~1\PROC\p18f2550.asm
                     PROD   0x000ff3       data     extern C:\MCC18\SRC\TRADIT~1\PROC\p18f2550.asm
                    PRODH   0x000ff4       data     extern C:\MCC18\SRC\TRADIT~1\PROC\p18f2550.asm
                   TABLAT   0x000ff5       data     extern C:\MCC18\SRC\TRADIT~1\PROC\p18f2550.asm
                   TBLPTR   0x000ff6       data     extern C:\MCC18\SRC\TRADIT~1\PROC\p18f2550.asm
                  TBLPTRL   0x000ff6       data     extern C:\MCC18\SRC\TRADIT~1\PROC\p18f2550.asm
                  TBLPTRH   0x000ff7       data     extern C:\MCC18\SRC\TRADIT~1\PROC\p18f2550.asm
                  TBLPTRU   0x000ff8       data     extern C:\MCC18\SRC\TRADIT~1\PROC\p18f2550.asm
                      PCL   0x000ff9       data     extern C:\MCC18\SRC\TRADIT~1\PROC\p18f2550.asm
                       PC   0x000ff9       data     extern C:\MCC18\SRC\TRADIT~1\PROC\p18f2550.asm
                   PCLATH   0x000ffa       data     extern C:\MCC18\SRC\TRADIT~1\PROC\p18f2550.asm
                   PCLATU   0x000ffb       data     extern C:\MCC18\SRC\TRADIT~1\PROC\p18f2550.asm
                   STKPTR   0x000ffc       data     extern C:\MCC18\SRC\TRADIT~1\PROC\p18f2550.asm
               STKPTRbits   0x000ffc       data     extern C:\MCC18\SRC\TRADIT~1\PROC\p18f2550.asm
                      TOS   0x000ffd       data     extern C:\MCC18\SRC\TRADIT~1\PROC\p18f2550.asm
                     TOSL   0x000ffd       data     extern C:\MCC18\SRC\TRADIT~1\PROC\p18f2550.asm
                     TOSH   0x000ffe       data     extern C:\MCC18\SRC\TRADIT~1\PROC\p18f2550.asm
                     TOSU   0x000fff       data     extern C:\MCC18\SRC\TRADIT~1\PROC\p18f2550.asm


